/home/kaiwen/projects/stm32/gcctest/Core/Src/freertos.c:222:6:StartTaskLight	8	static
/home/kaiwen/projects/stm32/gcctest/Core/Src/freertos.c:243:6:StartTaskMPU	40	static
/home/kaiwen/projects/stm32/gcctest/Core/Src/freertos.c:265:6:StartTaskOLED	72	static
/home/kaiwen/projects/stm32/gcctest/Core/Src/freertos.c:321:6:StartTaskLED	16	static
/home/kaiwen/projects/stm32/gcctest/Core/Src/freertos.c:347:6:StartTaskSPIFlash	88	static
/home/kaiwen/projects/stm32/gcctest/Core/Src/freertos.c:380:6:StartTaskUART	8	static
/home/kaiwen/projects/stm32/gcctest/Core/Src/freertos.c:148:6:MX_FREERTOS_Init	8	static
