/home/kaiwen/projects/stm32/gcctest/Core/Src/main.c:76:9:my_itoa	24	static
/home/kaiwen/projects/stm32/gcctest/Core/Src/main.c:112:6:LightState_Update	0	static
/home/kaiwen/projects/stm32/gcctest/Core/Src/main.c:170:6:ftoa_2dp	24	static
/home/kaiwen/projects/stm32/gcctest/Core/Src/main.c:188:6:HAL_UARTEx_RxEventCallback	16	static
/home/kaiwen/projects/stm32/gcctest/Core/Src/main.c:200:6:HAL_ADC_ConvCpltCallback	8	static
/home/kaiwen/projects/stm32/gcctest/Core/Src/main.c:391:6:HAL_TIM_PeriodElapsedCallback	8	static
/home/kaiwen/projects/stm32/gcctest/Core/Src/main.c:435:6:Error_Handler	0	static
/home/kaiwen/projects/stm32/gcctest/Core/Src/main.c:338:6:SystemClock_Config	88	static
/home/kaiwen/projects/stm32/gcctest/Core/Src/main.c:213:5:main	88	static
