/home/kaiwen/projects/stm32/gcctest/Core/Src/main.c:174:13:ftoa_2dp	24	static
/home/kaiwen/projects/stm32/gcctest/Core/Src/main.c:72:9:my_itoa	24	static
/home/kaiwen/projects/stm32/gcctest/Core/Src/main.c:116:6:LightState_Update	0	static
/home/kaiwen/projects/stm32/gcctest/Core/Src/main.c:191:6:HAL_UARTEx_RxEventCallback	16	static
/home/kaiwen/projects/stm32/gcctest/Core/Src/main.c:204:6:HAL_UART_RxCpltCallback	8	static
/home/kaiwen/projects/stm32/gcctest/Core/Src/main.c:387:6:HAL_TIM_PeriodElapsedCallback	8	static
/home/kaiwen/projects/stm32/gcctest/Core/Src/main.c:422:6:HAL_ADC_ConvCpltCallback	8	static
/home/kaiwen/projects/stm32/gcctest/Core/Src/main.c:436:6:Error_Handler	0	static
/home/kaiwen/projects/stm32/gcctest/Core/Src/main.c:345:6:SystemClock_Config	88	static
/home/kaiwen/projects/stm32/gcctest/Core/Src/main.c:220:5:main	88	static
