/home/kaiwen/projects/stm32/gcctest/Core/Src/MPU6050.c:66:14:fast_atan2	24	static
/home/kaiwen/projects/stm32/gcctest/Core/Src/MPU6050.c:92:14:fast_sqrt	8	static
/home/kaiwen/projects/stm32/gcctest/Core/Src/MPU6050.c:14:6:MPU6050_Init	48	static
/home/kaiwen/projects/stm32/gcctest/Core/Src/MPU6050.c:26:6:MPU6050_Read_Accel	56	static
/home/kaiwen/projects/stm32/gcctest/Core/Src/MPU6050.c:44:6:MPU6050_Read_GYRO	64	static
/home/kaiwen/projects/stm32/gcctest/Core/Src/MPU6050.c:106:6:MPU6050_Cacul_Tangle	32	static
