/home/kaiwen/projects/stm32/gcctest/Core/Src/stm32f1xx_it.c:75:6:NMI_Handler	0	static
/home/kaiwen/projects/stm32/gcctest/Core/Src/stm32f1xx_it.c:90:6:HardFault_Handler	0	static
/home/kaiwen/projects/stm32/gcctest/Core/Src/stm32f1xx_it.c:105:6:MemManage_Handler	0	static
/home/kaiwen/projects/stm32/gcctest/Core/Src/stm32f1xx_it.c:120:6:BusFault_Handler	0	static
/home/kaiwen/projects/stm32/gcctest/Core/Src/stm32f1xx_it.c:135:6:UsageFault_Handler	0	static
/home/kaiwen/projects/stm32/gcctest/Core/Src/stm32f1xx_it.c:150:6:DebugMon_Handler	0	static
/home/kaiwen/projects/stm32/gcctest/Core/Src/stm32f1xx_it.c:170:6:DMA1_Channel1_IRQHandler	8	static
/home/kaiwen/projects/stm32/gcctest/Core/Src/stm32f1xx_it.c:184:6:DMA1_Channel4_IRQHandler	8	static
/home/kaiwen/projects/stm32/gcctest/Core/Src/stm32f1xx_it.c:198:6:DMA1_Channel5_IRQHandler	8	static
/home/kaiwen/projects/stm32/gcctest/Core/Src/stm32f1xx_it.c:212:6:DMA1_Channel6_IRQHandler	8	static
/home/kaiwen/projects/stm32/gcctest/Core/Src/stm32f1xx_it.c:226:6:TIM3_IRQHandler	8	static
/home/kaiwen/projects/stm32/gcctest/Core/Src/stm32f1xx_it.c:240:6:TIM4_IRQHandler	8	static
