Archive member included to satisfy reference by file (symbol)

/usr/lib/gcc/arm-none-eabi/14.2.1/thumb/v7-m/nofp/libgcc.a(_arm_mulsf3.o)
                              CMakeFiles/gcctest.dir/Core/Src/main.c.obj (__aeabi_fmul)
/usr/lib/gcc/arm-none-eabi/14.2.1/thumb/v7-m/nofp/libgcc.a(_arm_addsubsf3.o)
                              CMakeFiles/gcctest.dir/Core/Src/main.c.obj (__aeabi_fsub)
/usr/lib/gcc/arm-none-eabi/14.2.1/thumb/v7-m/nofp/libgcc.a(_arm_muldivsf3.o)
                              CMakeFiles/gcctest.dir/Core/Src/MPU6050.c.obj (__aeabi_fdiv)
/usr/lib/gcc/arm-none-eabi/14.2.1/thumb/v7-m/nofp/libgcc.a(_arm_cmpsf2.o)
                              CMakeFiles/gcctest.dir/Core/Src/MPU6050.c.obj (__aeabi_fcmpeq)
/usr/lib/gcc/arm-none-eabi/14.2.1/thumb/v7-m/nofp/libgcc.a(_arm_fixsfsi.o)
                              CMakeFiles/gcctest.dir/Core/Src/main.c.obj (__aeabi_f2iz)
/usr/lib/gcc/arm-none-eabi/14.2.1/../../../arm-none-eabi/lib/thumb/v7-m/nofp/libg_nano.a(libc_a-fini.o)
                              /usr/lib/gcc/arm-none-eabi/14.2.1/../../../arm-none-eabi/lib/thumb/v7-m/nofp/crt0.o (__libc_fini_array)
/usr/lib/gcc/arm-none-eabi/14.2.1/../../../arm-none-eabi/lib/thumb/v7-m/nofp/libg_nano.a(libc_a-memcpy.o)
                              cmake/stm32cubemx/CMakeFiles/FreeRTOS.dir/__/__/Middlewares/Third_Party/FreeRTOS/Source/queue.c.obj (memcpy)
/usr/lib/gcc/arm-none-eabi/14.2.1/../../../arm-none-eabi/lib/thumb/v7-m/nofp/libg_nano.a(libc_a-strcat.o)
                              CMakeFiles/gcctest.dir/Core/Src/main.c.obj (strcat)
/usr/lib/gcc/arm-none-eabi/14.2.1/../../../arm-none-eabi/lib/thumb/v7-m/nofp/libg_nano.a(libc_a-memset.o)
                              /usr/lib/gcc/arm-none-eabi/14.2.1/../../../arm-none-eabi/lib/thumb/v7-m/nofp/crt0.o (memset)
/usr/lib/gcc/arm-none-eabi/14.2.1/../../../arm-none-eabi/lib/thumb/v7-m/nofp/libg_nano.a(libc_a-strlen-stub.o)
                              CMakeFiles/gcctest.dir/Core/Src/main.c.obj (strlen)
/usr/lib/gcc/arm-none-eabi/14.2.1/../../../arm-none-eabi/lib/thumb/v7-m/nofp/libg_nano.a(libc_a-errno.o)
                              CMakeFiles/gcctest.dir/Core/Src/sysmem.c.obj (__errno)
/usr/lib/gcc/arm-none-eabi/14.2.1/../../../arm-none-eabi/lib/thumb/v7-m/nofp/libg_nano.a(libc_a-strcpy.o)
                              /usr/lib/gcc/arm-none-eabi/14.2.1/../../../arm-none-eabi/lib/thumb/v7-m/nofp/libg_nano.a(libc_a-strcat.o) (strcpy)
/usr/lib/gcc/arm-none-eabi/14.2.1/../../../arm-none-eabi/lib/thumb/v7-m/nofp/libg_nano.a(libc_a-exit.o)
                              /usr/lib/gcc/arm-none-eabi/14.2.1/../../../arm-none-eabi/lib/thumb/v7-m/nofp/crt0.o (exit)
/usr/lib/gcc/arm-none-eabi/14.2.1/../../../arm-none-eabi/lib/thumb/v7-m/nofp/libg_nano.a(libc_a-atexit.o)
                              /usr/lib/gcc/arm-none-eabi/14.2.1/../../../arm-none-eabi/lib/thumb/v7-m/nofp/crt0.o (atexit)
/usr/lib/gcc/arm-none-eabi/14.2.1/../../../arm-none-eabi/lib/thumb/v7-m/nofp/libg_nano.a(libc_a-init.o)
                              /usr/lib/gcc/arm-none-eabi/14.2.1/../../../arm-none-eabi/lib/thumb/v7-m/nofp/crt0.o (__libc_init_array)
/usr/lib/gcc/arm-none-eabi/14.2.1/../../../arm-none-eabi/lib/thumb/v7-m/nofp/libg_nano.a(libc_a-impure.o)
                              /usr/lib/gcc/arm-none-eabi/14.2.1/../../../arm-none-eabi/lib/thumb/v7-m/nofp/libg_nano.a(libc_a-errno.o) (_impure_ptr)
/usr/lib/gcc/arm-none-eabi/14.2.1/../../../arm-none-eabi/lib/thumb/v7-m/nofp/libg_nano.a(libc_a-findfp.o)
                              /usr/lib/gcc/arm-none-eabi/14.2.1/../../../arm-none-eabi/lib/thumb/v7-m/nofp/libg_nano.a(libc_a-exit.o) (__stdio_exit_handler)
/usr/lib/gcc/arm-none-eabi/14.2.1/../../../arm-none-eabi/lib/thumb/v7-m/nofp/libg_nano.a(libc_a-fflush.o)
                              /usr/lib/gcc/arm-none-eabi/14.2.1/../../../arm-none-eabi/lib/thumb/v7-m/nofp/libg_nano.a(libc_a-findfp.o) (_fflush_r)
/usr/lib/gcc/arm-none-eabi/14.2.1/../../../arm-none-eabi/lib/thumb/v7-m/nofp/libg_nano.a(libc_a-fwalk.o)
                              /usr/lib/gcc/arm-none-eabi/14.2.1/../../../arm-none-eabi/lib/thumb/v7-m/nofp/libg_nano.a(libc_a-findfp.o) (_fwalk_sglue)
/usr/lib/gcc/arm-none-eabi/14.2.1/../../../arm-none-eabi/lib/thumb/v7-m/nofp/libg_nano.a(libc_a-stdio.o)
                              /usr/lib/gcc/arm-none-eabi/14.2.1/../../../arm-none-eabi/lib/thumb/v7-m/nofp/libg_nano.a(libc_a-findfp.o) (__sread)
/usr/lib/gcc/arm-none-eabi/14.2.1/../../../arm-none-eabi/lib/thumb/v7-m/nofp/libg_nano.a(libc_a-mallocr.o)
                              /usr/lib/gcc/arm-none-eabi/14.2.1/../../../arm-none-eabi/lib/thumb/v7-m/nofp/libg_nano.a(libc_a-findfp.o) (_malloc_r)
/usr/lib/gcc/arm-none-eabi/14.2.1/../../../arm-none-eabi/lib/thumb/v7-m/nofp/libg_nano.a(libc_a-readr.o)
                              /usr/lib/gcc/arm-none-eabi/14.2.1/../../../arm-none-eabi/lib/thumb/v7-m/nofp/libg_nano.a(libc_a-stdio.o) (_read_r)
[...]
Memory Configuration

Name             Origin             Length             Attributes
RAM              0x20000000         0x00005000         xrw
FLASH            0x08002000         0x0000d800         xr
*default*        0x00000000         0xffffffff

Linker script and memory map

LOAD /usr/lib/gcc/arm-none-eabi/14.2.1/thumb/v7-m/nofp/crti.o
LOAD /usr/lib/gcc/arm-none-eabi/14.2.1/thumb/v7-m/nofp/crtbegin.o
LOAD /usr/lib/gcc/arm-none-eabi/14.2.1/../../../arm-none-eabi/lib/thumb/v7-m/nofp/crt0.o
LOAD cmake/stm32cubemx/CMakeFiles/STM32_Drivers.dir/__/__/Core/Src/system_stm32f1xx.c.obj
LOAD cmake/stm32cubemx/CMakeFiles/STM32_Drivers.dir/__/__/Drivers/STM32F1xx_HAL_Driver/Src/stm32f1xx_hal_gpio_ex.c.obj
LOAD cmake/stm32cubemx/CMakeFiles/STM32_Drivers.dir/__/__/Drivers/STM32F1xx_HAL_Driver/Src/stm32f1xx_hal_tim.c.obj
LOAD cmake/stm32cubemx/CMakeFiles/STM32_Drivers.dir/__/__/Drivers/STM32F1xx_HAL_Driver/Src/stm32f1xx_hal_tim_ex.c.obj
LOAD cmake/stm32cubemx/CMakeFiles/STM32_Drivers.dir/__/__/Drivers/STM32F1xx_HAL_Driver/Src/stm32f1xx_hal_adc.c.obj
LOAD cmake/stm32cubemx/CMakeFiles/STM32_Drivers.dir/__/__/Drivers/STM32F1xx_HAL_Driver/Src/stm32f1xx_hal_adc_ex.c.obj
LOAD cmake/stm32cubemx/CMakeFiles/STM32_Drivers.dir/__/__/Drivers/STM32F1xx_HAL_Driver/Src/stm32f1xx_hal.c.obj
LOAD cmake/stm32cubemx/CMakeFiles/STM32_Drivers.dir/__/__/Drivers/STM32F1xx_HAL_Driver/Src/stm32f1xx_hal_rcc.c.obj
LOAD cmake/stm32cubemx/CMakeFiles/STM32_Drivers.dir/__/__/Drivers/STM32F1xx_HAL_Driver/Src/stm32f1xx_hal_rcc_ex.c.obj
LOAD cmake/stm32cubemx/CMakeFiles/STM32_Drivers.dir/__/__/Drivers/STM32F1xx_HAL_Driver/Src/stm32f1xx_hal_gpio.c.obj
LOAD cmake/stm32cubemx/CMakeFiles/STM32_Drivers.dir/__/__/Drivers/STM32F1xx_HAL_Driver/Src/stm32f1xx_hal_dma.c.obj
LOAD cmake/stm32cubemx/CMakeFiles/STM32_Drivers.dir/__/__/Drivers/STM32F1xx_HAL_Driver/Src/stm32f1xx_hal_cortex.c.obj
LOAD cmake/stm32cubemx/CMakeFiles/STM32_Drivers.dir/__/__/Drivers/STM32F1xx_HAL_Driver/Src/stm32f1xx_hal_pwr.c.obj
LOAD cmake/stm32cubemx/CMakeFiles/STM32_Drivers.dir/__/__/Drivers/STM32F1xx_HAL_Driver/Src/stm32f1xx_hal_flash.c.obj
LOAD cmake/stm32cubemx/CMakeFiles/STM32_Drivers.dir/__/__/Drivers/STM32F1xx_HAL_Driver/Src/stm32f1xx_hal_flash_ex.c.obj
LOAD cmake/stm32cubemx/CMakeFiles/STM32_Drivers.dir/__/__/Drivers/STM32F1xx_HAL_Driver/Src/stm32f1xx_hal_exti.c.obj
LOAD cmake/stm32cubemx/CMakeFiles/STM32_Drivers.dir/__/__/Drivers/STM32F1xx_HAL_Driver/Src/stm32f1xx_hal_i2c.c.obj
LOAD cmake/stm32cubemx/CMakeFiles/STM32_Drivers.dir/__/__/Drivers/STM32F1xx_HAL_Driver/Src/stm32f1xx_hal_spi.c.obj
LOAD cmake/stm32cubemx/CMakeFiles/STM32_Drivers.dir/__/__/Drivers/STM32F1xx_HAL_Driver/Src/stm32f1xx_hal_uart.c.obj
LOAD cmake/stm32cubemx/CMakeFiles/FreeRTOS.dir/__/__/Middlewares/Third_Party/FreeRTOS/Source/croutine.c.obj
LOAD cmake/stm32cubemx/CMakeFiles/FreeRTOS.dir/__/__/Middlewares/Third_Party/FreeRTOS/Source/event_groups.c.obj
LOAD cmake/stm32cubemx/CMakeFiles/FreeRTOS.dir/__/__/Middlewares/Third_Party/FreeRTOS/Source/list.c.obj
LOAD cmake/stm32cubemx/CMakeFiles/FreeRTOS.dir/__/__/Middlewares/Third_Party/FreeRTOS/Source/queue.c.obj
LOAD cmake/stm32cubemx/CMakeFiles/FreeRTOS.dir/__/__/Middlewares/Third_Party/FreeRTOS/Source/stream_buffer.c.obj
LOAD cmake/stm32cubemx/CMakeFiles/FreeRTOS.dir/__/__/Middlewares/Third_Party/FreeRTOS/Source/tasks.c.obj
LOAD cmake/stm32cubemx/CMakeFiles/FreeRTOS.dir/__/__/Middlewares/Third_Party/FreeRTOS/Source/timers.c.obj
LOAD cmake/stm32cubemx/CMakeFiles/FreeRTOS.dir/__/__/Middlewares/Third_Party/FreeRTOS/Source/CMSIS_RTOS_V2/cmsis_os2.c.obj
LOAD cmake/stm32cubemx/CMakeFiles/FreeRTOS.dir/__/__/Middlewares/Third_Party/FreeRTOS/Source/portable/MemMang/heap_4.c.obj
LOAD cmake/stm32cubemx/CMakeFiles/FreeRTOS.dir/__/__/Middlewares/Third_Party/FreeRTOS/Source/portable/GCC/ARM_CM3/port.c.obj
LOAD CMakeFiles/gcctest.dir/Core/Src/main.c.obj
LOAD CMakeFiles/gcctest.dir/Core/Src/gpio.c.obj
LOAD CMakeFiles/gcctest.dir/Core/Src/freertos.c.obj
LOAD CMakeFiles/gcctest.dir/Core/Src/adc.c.obj
LOAD CMakeFiles/gcctest.dir/Core/Src/dma.c.obj
LOAD CMakeFiles/gcctest.dir/Core/Src/i2c.c.obj
LOAD CMakeFiles/gcctest.dir/Core/Src/spi.c.obj
LOAD CMakeFiles/gcctest.dir/Core/Src/tim.c.obj
LOAD CMakeFiles/gcctest.dir/Core/Src/usart.c.obj
LOAD CMakeFiles/gcctest.dir/Core/Src/stm32f1xx_it.c.obj
LOAD CMakeFiles/gcctest.dir/Core/Src/stm32f1xx_hal_msp.c.obj
LOAD CMakeFiles/gcctest.dir/Core/Src/stm32f1xx_hal_timebase_tim.c.obj
LOAD CMakeFiles/gcctest.dir/Core/Src/sysmem.c.obj
LOAD CMakeFiles/gcctest.dir/Core/Src/syscalls.c.obj
LOAD CMakeFiles/gcctest.dir/startup_stm32f103xb.s.obj
LOAD CMakeFiles/gcctest.dir/Core/Src/oled.c.obj
LOAD CMakeFiles/gcctest.dir/Core/Src/MPU6050.c.obj
LOAD CMakeFiles/gcctest.dir/Core/Src/w25d64.c.obj
LOAD CMakeFiles/gcctest.dir/Core/Src/ota.c.obj
LOAD /usr/lib/gcc/arm-none-eabi/14.2.1/../../../arm-none-eabi/lib/thumb/v7-m/nofp/libm.a
START GROUP
LOAD /usr/lib/gcc/arm-none-eabi/14.2.1/thumb/v7-m/nofp/libgcc.a
LOAD /usr/lib/gcc/arm-none-eabi/14.2.1/../../../arm-none-eabi/lib/thumb/v7-m/nofp/libg_nano.a
LOAD /usr/lib/gcc/arm-none-eabi/14.2.1/../../../arm-none-eabi/lib/thumb/v7-m/nofp/libc_nano.a
END GROUP
START GROUP
LOAD /usr/lib/gcc/arm-none-eabi/14.2.1/thumb/v7-m/nofp/libgcc.a
LOAD /usr/lib/gcc/arm-none-eabi/14.2.1/../../../arm-none-eabi/lib/thumb/v7-m/nofp/libc_nano.a
END GROUP
LOAD /usr/lib/gcc/arm-none-eabi/14.2.1/thumb/v7-m/nofp/crtend.o
LOAD /usr/lib/gcc/arm-none-eabi/14.2.1/thumb/v7-m/nofp/crtn.o
                0x20005000                        _estack = (ORIGIN (RAM) + LENGTH (RAM))
                0x20004c00                        _sstack = (_estack - _Min_Stack_Size)
                0x00000200                        _Min_Heap_Size = 0x200
                0x00000400                        _Min_Stack_Size = 0x400

.isr_vector     0x08002000      0x10c
                0x08002000                        . = ALIGN (0x4)
 *(.isr_vector)
 .isr_vector    0x08002000      0x10c CMakeFiles/gcctest.dir/startup_stm32f103xb.s.obj
                0x08002000                g_pfnVectors
                0x0800210c                        . = ALIGN (0x4)

.text           0x08002110     0x7914
                0x08002110                        . = ALIGN (0x4)
 *(.text)
 .text          0x08002110       0x88 /usr/lib/gcc/arm-none-eabi/14.2.1/thumb/v7-m/nofp/crtbegin.o
 .text          0x08002198      0x21c /usr/lib/gcc/arm-none-eabi/14.2.1/thumb/v7-m/nofp/libgcc.a(_arm_addsubsf3.o)
                0x08002198                __aeabi_frsub
                0x080021a0                __subsf3
                0x080021a0                __aeabi_fsub
                0x080021a4                __aeabi_fadd
                0x080021a4                __addsf3
                0x08002304                __aeabi_ui2f
                0x08002304                __floatunsisf
                0x0800230c                __aeabi_i2f
                0x0800230c                __floatsisf
                0x08002328                __floatundisf
                0x08002328                __aeabi_ul2f
                0x08002338                __floatdisf
                0x08002338                __aeabi_l2f
 .text          0x080023b4      0x2a0 /usr/lib/gcc/arm-none-eabi/14.2.1/thumb/v7-m/nofp/libgcc.a(_arm_muldivsf3.o)
                0x080023b4                __mulsf3
                0x080023b4                __aeabi_fmul
                0x0800251c                __divsf3
                0x0800251c                __aeabi_fdiv
 .text          0x08002654       0xec /usr/lib/gcc/arm-none-eabi/14.2.1/thumb/v7-m/nofp/libgcc.a(_arm_cmpsf2.o)
                0x08002654                __gtsf2
                0x08002654                __gesf2
                0x0800265c                __lesf2
                0x0800265c                __ltsf2
                0x08002664                __nesf2
                0x08002664                __eqsf2
                0x08002664                __cmpsf2
                0x080026c4                __aeabi_cfrcmple
                0x080026cc                __aeabi_cfcmple
                0x080026cc                __aeabi_cfcmpeq
                0x080026dc                __aeabi_fcmpeq
                0x080026f0                __aeabi_fcmplt
                0x08002704                __aeabi_fcmple
                0x08002718                __aeabi_fcmpge
                0x0800272c                __aeabi_fcmpgt
 .text          0x08002740       0x4c /usr/lib/gcc/arm-none-eabi/14.2.1/thumb/v7-m/nofp/libgcc.a(_arm_fixsfsi.o)
                0x08002740                __fixsfsi
                0x08002740                __aeabi_f2iz
 .text          0x0800278c       0xec /usr/lib/gcc/arm-none-eabi/14.2.1/../../../arm-none-eabi/lib/thumb/v7-m/nofp/libg_nano.a(libc_a-memcpy.o)
                0x0800278c                memcpy
 .text          0x08002878       0x68 /usr/lib/gcc/arm-none-eabi/14.2.1/../../../arm-none-eabi/lib/thumb/v7-m/nofp/libg_nano.a(libc_a-strcat.o)
                0x08002878                strcat
 .text          0x080028e0       0x9c /usr/lib/gcc/arm-none-eabi/14.2.1/../../../arm-none-eabi/lib/thumb/v7-m/nofp/libg_nano.a(libc_a-memset.o)
                0x080028e0                memset
 .text          0x0800297c       0x5c /usr/lib/gcc/arm-none-eabi/14.2.1/../../../arm-none-eabi/lib/thumb/v7-m/nofp/libg_nano.a(libc_a-strlen-stub.o)
                0x0800297c                strlen
 .text          0x080029d8       0xbc /usr/lib/gcc/arm-none-eabi/14.2.1/../../../arm-none-eabi/lib/thumb/v7-m/nofp/libg_nano.a(libc_a-strcpy.o)
                0x080029d8                strcpy
 .text          0x08002a94       0x50 /usr/lib/gcc/arm-none-eabi/14.2.1/../../../arm-none-eabi/lib/thumb/v7-m/nofp/libg_nano.a(libc_a-init.o)
                0x08002a94                __libc_init_array
 *(.text*)
 .text.SystemInit
                0x08002ae4        0x2 cmake/stm32cubemx/CMakeFiles/STM32_Drivers.dir/__/__/Core/Src/system_stm32f1xx.c.obj
                0x08002ae4                SystemInit
 .text.TIM_TI1_ConfigInputStage
                0x08002ae6       0x24 cmake/stm32cubemx/CMakeFiles/STM32_Drivers.dir/__/__/Drivers/STM32F1xx_HAL_Driver/Src/stm32f1xx_hal_tim.c.obj
 .text.TIM_TI2_ConfigInputStage
                0x08002b0a       0x26 cmake/stm32cubemx/CMakeFiles/STM32_Drivers.dir/__/__/Drivers/STM32F1xx_HAL_Driver/Src/stm32f1xx_hal_tim.c.obj
 .text.TIM_ITRx_SetConfig
                0x08002b30       0x10 cmake/stm32cubemx/CMakeFiles/STM32_Drivers.dir/__/__/Drivers/STM32F1xx_HAL_Driver/Src/stm32f1xx_hal_tim.c.obj
 .text.HAL_TIM_Base_Start
                0x08002b40       0x5c cmake/stm32cubemx/CMakeFiles/STM32_Drivers.dir/__/__/Drivers/STM32F1xx_HAL_Driver/Src/stm32f1xx_hal_tim.c.obj
                0x08002b40                HAL_TIM_Base_Start
 .text.HAL_TIM_Base_Start_IT
                0x08002b9c       0x64 cmake/stm32cubemx/CMakeFiles/STM32_Drivers.dir/__/__/Drivers/STM32F1xx_HAL_Driver/Src/stm32f1xx_hal_tim.c.obj
                0x08002b9c                HAL_TIM_Base_Start_IT
 .text.HAL_TIM_OC_DelayElapsedCallback
                0x08002c00        0x2 cmake/stm32cubemx/CMakeFiles/STM32_Drivers.dir/__/__/Drivers/STM32F1xx_HAL_Driver/Src/stm32f1xx_hal_tim.c.obj
                0x08002c00                HAL_TIM_OC_DelayElapsedCallback
 .text.HAL_TIM_IC_CaptureCallback
                0x08002c02        0x2 cmake/stm32cubemx/CMakeFiles/STM32_Drivers.dir/__/__/Drivers/STM32F1xx_HAL_Driver/Src/stm32f1xx_hal_tim.c.obj
                0x08002c02                HAL_TIM_IC_CaptureCallback
 .text.HAL_TIM_PWM_PulseFinishedCallback
                0x08002c04        0x2 cmake/stm32cubemx/CMakeFiles/STM32_Drivers.dir/__/__/Drivers/STM32F1xx_HAL_Driver/Src/stm32f1xx_hal_tim.c.obj
                0x08002c04                HAL_TIM_PWM_PulseFinishedCallback
 .text.HAL_TIM_TriggerCallback
                0x08002c06        0x2 cmake/stm32cubemx/CMakeFiles/STM32_Drivers.dir/__/__/Drivers/STM32F1xx_HAL_Driver/Src/stm32f1xx_hal_tim.c.obj
                0x08002c06                HAL_TIM_TriggerCallback
 .text.HAL_TIM_IRQHandler
                0x08002c08      0x15e cmake/stm32cubemx/CMakeFiles/STM32_Drivers.dir/__/__/Drivers/STM32F1xx_HAL_Driver/Src/stm32f1xx_hal_tim.c.obj
                0x08002c08                HAL_TIM_IRQHandler
 *fill*         0x08002d66        0x2 
 .text.TIM_Base_SetConfig
                0x08002d68       0x84 cmake/stm32cubemx/CMakeFiles/STM32_Drivers.dir/__/__/Drivers/STM32F1xx_HAL_Driver/Src/stm32f1xx_hal_tim.c.obj
                0x08002d68                TIM_Base_SetConfig
 .text.HAL_TIM_Base_Init
                0x08002dec       0x58 cmake/stm32cubemx/CMakeFiles/STM32_Drivers.dir/__/__/Drivers/STM32F1xx_HAL_Driver/Src/stm32f1xx_hal_tim.c.obj
                0x08002dec                HAL_TIM_Base_Init
 .text.TIM_ETR_SetConfig
                0x08002e44       0x18 cmake/stm32cubemx/CMakeFiles/STM32_Drivers.dir/__/__/Drivers/STM32F1xx_HAL_Driver/Src/stm32f1xx_hal_tim.c.obj
                0x08002e44                TIM_ETR_SetConfig
 .text.HAL_TIM_ConfigClockSource
                0x08002e5c       0xfe cmake/stm32cubemx/CMakeFiles/STM32_Drivers.dir/__/__/Drivers/STM32F1xx_HAL_Driver/Src/stm32f1xx_hal_tim.c.obj
                0x08002e5c                HAL_TIM_ConfigClockSource
 *fill*         0x08002f5a        0x2 
 .text.HAL_TIMEx_MasterConfigSynchronization
                0x08002f5c       0x6c cmake/stm32cubemx/CMakeFiles/STM32_Drivers.dir/__/__/Drivers/STM32F1xx_HAL_Driver/Src/stm32f1xx_hal_tim_ex.c.obj
                0x08002f5c                HAL_TIMEx_MasterConfigSynchronization
 .text.HAL_TIMEx_CommutCallback
                0x08002fc8        0x2 cmake/stm32cubemx/CMakeFiles/STM32_Drivers.dir/__/__/Drivers/STM32F1xx_HAL_Driver/Src/stm32f1xx_hal_tim_ex.c.obj
                0x08002fc8                HAL_TIMEx_CommutCallback
 .text.HAL_TIMEx_BreakCallback
                0x08002fca        0x2 cmake/stm32cubemx/CMakeFiles/STM32_Drivers.dir/__/__/Drivers/STM32F1xx_HAL_Driver/Src/stm32f1xx_hal_tim_ex.c.obj
                0x08002fca                HAL_TIMEx_BreakCallback
 .text.ADC_DMAConvCplt
                0x08002fcc       0x52 cmake/stm32cubemx/CMakeFiles/STM32_Drivers.dir/__/__/Drivers/STM32F1xx_HAL_Driver/Src/stm32f1xx_hal_adc.c.obj
                0x08002fcc                ADC_DMAConvCplt
 .text.HAL_ADC_ConvHalfCpltCallback
                0x0800301e        0x2 cmake/stm32cubemx/CMakeFiles/STM32_Drivers.dir/__/__/Drivers/STM32F1xx_HAL_Driver/Src/stm32f1xx_hal_adc.c.obj
                0x0800301e                HAL_ADC_ConvHalfCpltCallback
 .text.ADC_DMAHalfConvCplt
                0x08003020        0xa cmake/stm32cubemx/CMakeFiles/STM32_Drivers.dir/__/__/Drivers/STM32F1xx_HAL_Driver/Src/stm32f1xx_hal_adc.c.obj
                0x08003020                ADC_DMAHalfConvCplt
 .text.HAL_ADC_ErrorCallback
                0x0800302a        0x2 cmake/stm32cubemx/CMakeFiles/STM32_Drivers.dir/__/__/Drivers/STM32F1xx_HAL_Driver/Src/stm32f1xx_hal_adc.c.obj
                0x0800302a                HAL_ADC_ErrorCallback
 .text.ADC_DMAError
                0x0800302c       0x1a cmake/stm32cubemx/CMakeFiles/STM32_Drivers.dir/__/__/Drivers/STM32F1xx_HAL_Driver/Src/stm32f1xx_hal_adc.c.obj
                0x0800302c                ADC_DMAError
 *fill*         0x08003046        0x2 
 .text.HAL_ADC_ConfigChannel
                0x08003048      0x140 cmake/stm32cubemx/CMakeFiles/STM32_Drivers.dir/__/__/Drivers/STM32F1xx_HAL_Driver/Src/stm32f1xx_hal_adc.c.obj
                0x08003048                HAL_ADC_ConfigChannel
 .text.ADC_Enable
                0x08003188       0x88 cmake/stm32cubemx/CMakeFiles/STM32_Drivers.dir/__/__/Drivers/STM32F1xx_HAL_Driver/Src/stm32f1xx_hal_adc.c.obj
                0x08003188                ADC_Enable
 .text.HAL_ADC_Start_DMA
                0x08003210      0x130 cmake/stm32cubemx/CMakeFiles/STM32_Drivers.dir/__/__/Drivers/STM32F1xx_HAL_Driver/Src/stm32f1xx_hal_adc.c.obj
                0x08003210                HAL_ADC_Start_DMA
 .text.ADC_ConversionStop_Disable
                0x08003340       0x56 cmake/stm32cubemx/CMakeFiles/STM32_Drivers.dir/__/__/Drivers/STM32F1xx_HAL_Driver/Src/stm32f1xx_hal_adc.c.obj
                0x08003340                ADC_ConversionStop_Disable
 *fill*         0x08003396        0x2 
 .text.HAL_ADC_Init
                0x08003398      0x108 cmake/stm32cubemx/CMakeFiles/STM32_Drivers.dir/__/__/Drivers/STM32F1xx_HAL_Driver/Src/stm32f1xx_hal_adc.c.obj
                0x08003398                HAL_ADC_Init
 .text.HAL_Init
                0x080034a0       0x24 cmake/stm32cubemx/CMakeFiles/STM32_Drivers.dir/__/__/Drivers/STM32F1xx_HAL_Driver/Src/stm32f1xx_hal.c.obj
                0x080034a0                HAL_Init
 .text.HAL_IncTick
                0x080034c4       0x18 cmake/stm32cubemx/CMakeFiles/STM32_Drivers.dir/__/__/Drivers/STM32F1xx_HAL_Driver/Src/stm32f1xx_hal.c.obj
                0x080034c4                HAL_IncTick
 .text.HAL_GetTick
                0x080034dc        0xc cmake/stm32cubemx/CMakeFiles/STM32_Drivers.dir/__/__/Drivers/STM32F1xx_HAL_Driver/Src/stm32f1xx_hal.c.obj
                0x080034dc                HAL_GetTick
 .text.HAL_Delay
                0x080034e8       0x28 cmake/stm32cubemx/CMakeFiles/STM32_Drivers.dir/__/__/Drivers/STM32F1xx_HAL_Driver/Src/stm32f1xx_hal.c.obj
                0x080034e8                HAL_Delay
 .text.RCC_Delay
                0x08003510       0x2c cmake/stm32cubemx/CMakeFiles/STM32_Drivers.dir/__/__/Drivers/STM32F1xx_HAL_Driver/Src/stm32f1xx_hal_rcc.c.obj
 .text.HAL_RCC_OscConfig
                0x0800353c      0x410 cmake/stm32cubemx/CMakeFiles/STM32_Drivers.dir/__/__/Drivers/STM32F1xx_HAL_Driver/Src/stm32f1xx_hal_rcc.c.obj
                0x0800353c                HAL_RCC_OscConfig
 .text.HAL_RCC_GetSysClockFreq
                0x0800394c       0x54 cmake/stm32cubemx/CMakeFiles/STM32_Drivers.dir/__/__/Drivers/STM32F1xx_HAL_Driver/Src/stm32f1xx_hal_rcc.c.obj
                0x0800394c                HAL_RCC_GetSysClockFreq
 .text.HAL_RCC_ClockConfig
                0x080039a0      0x16c cmake/stm32cubemx/CMakeFiles/STM32_Drivers.dir/__/__/Drivers/STM32F1xx_HAL_Driver/Src/stm32f1xx_hal_rcc.c.obj
                0x080039a0                HAL_RCC_ClockConfig
 .text.HAL_RCC_GetHCLKFreq
                0x08003b0c        0xc cmake/stm32cubemx/CMakeFiles/STM32_Drivers.dir/__/__/Drivers/STM32F1xx_HAL_Driver/Src/stm32f1xx_hal_rcc.c.obj
                0x08003b0c                HAL_RCC_GetHCLKFreq
 .text.HAL_RCC_GetPCLK1Freq
                0x08003b18       0x20 cmake/stm32cubemx/CMakeFiles/STM32_Drivers.dir/__/__/Drivers/STM32F1xx_HAL_Driver/Src/stm32f1xx_hal_rcc.c.obj
                0x08003b18                HAL_RCC_GetPCLK1Freq
 .text.HAL_RCC_GetPCLK2Freq
                0x08003b38       0x20 cmake/stm32cubemx/CMakeFiles/STM32_Drivers.dir/__/__/Drivers/STM32F1xx_HAL_Driver/Src/stm32f1xx_hal_rcc.c.obj
                0x08003b38                HAL_RCC_GetPCLK2Freq
 .text.HAL_RCC_GetClockConfig
                0x08003b58       0x3c cmake/stm32cubemx/CMakeFiles/STM32_Drivers.dir/__/__/Drivers/STM32F1xx_HAL_Driver/Src/stm32f1xx_hal_rcc.c.obj
                0x08003b58                HAL_RCC_GetClockConfig
 .text.HAL_RCCEx_PeriphCLKConfig
                0x08003b94      0x118 cmake/stm32cubemx/CMakeFiles/STM32_Drivers.dir/__/__/Drivers/STM32F1xx_HAL_Driver/Src/stm32f1xx_hal_rcc_ex.c.obj
                0x08003b94                HAL_RCCEx_PeriphCLKConfig
 .text.HAL_GPIO_Init
                0x08003cac      0x214 cmake/stm32cubemx/CMakeFiles/STM32_Drivers.dir/__/__/Drivers/STM32F1xx_HAL_Driver/Src/stm32f1xx_hal_gpio.c.obj
                0x08003cac                HAL_GPIO_Init
 .text.HAL_GPIO_WritePin
                0x08003ec0        0xc cmake/stm32cubemx/CMakeFiles/STM32_Drivers.dir/__/__/Drivers/STM32F1xx_HAL_Driver/Src/stm32f1xx_hal_gpio.c.obj
                0x08003ec0                HAL_GPIO_WritePin
 .text.HAL_GPIO_TogglePin
                0x08003ecc       0x12 cmake/stm32cubemx/CMakeFiles/STM32_Drivers.dir/__/__/Drivers/STM32F1xx_HAL_Driver/Src/stm32f1xx_hal_gpio.c.obj
                0x08003ecc                HAL_GPIO_TogglePin
 .text.DMA_SetConfig
                0x08003ede       0x2c cmake/stm32cubemx/CMakeFiles/STM32_Drivers.dir/__/__/Drivers/STM32F1xx_HAL_Driver/Src/stm32f1xx_hal_dma.c.obj
 *fill*         0x08003f0a        0x2 
 .text.HAL_DMA_Init
                0x08003f0c       0x68 cmake/stm32cubemx/CMakeFiles/STM32_Drivers.dir/__/__/Drivers/STM32F1xx_HAL_Driver/Src/stm32f1xx_hal_dma.c.obj
                0x08003f0c                HAL_DMA_Init
 .text.HAL_DMA_Start_IT
                0x08003f74       0x74 cmake/stm32cubemx/CMakeFiles/STM32_Drivers.dir/__/__/Drivers/STM32F1xx_HAL_Driver/Src/stm32f1xx_hal_dma.c.obj
                0x08003f74                HAL_DMA_Start_IT
 .text.HAL_DMA_IRQHandler
                0x08003fe8      0x144 cmake/stm32cubemx/CMakeFiles/STM32_Drivers.dir/__/__/Drivers/STM32F1xx_HAL_Driver/Src/stm32f1xx_hal_dma.c.obj
                0x08003fe8                HAL_DMA_IRQHandler
 .text.__NVIC_SetPriority
                0x0800412c       0x28 cmake/stm32cubemx/CMakeFiles/STM32_Drivers.dir/__/__/Drivers/STM32F1xx_HAL_Driver/Src/stm32f1xx_hal_cortex.c.obj
 .text.NVIC_EncodePriority
                0x08004154       0x3e cmake/stm32cubemx/CMakeFiles/STM32_Drivers.dir/__/__/Drivers/STM32F1xx_HAL_Driver/Src/stm32f1xx_hal_cortex.c.obj
 *fill*         0x08004192        0x2 
 .text.HAL_NVIC_SetPriorityGrouping
                0x08004194       0x24 cmake/stm32cubemx/CMakeFiles/STM32_Drivers.dir/__/__/Drivers/STM32F1xx_HAL_Driver/Src/stm32f1xx_hal_cortex.c.obj
                0x08004194                HAL_NVIC_SetPriorityGrouping
 .text.HAL_NVIC_SetPriority
                0x080041b8       0x20 cmake/stm32cubemx/CMakeFiles/STM32_Drivers.dir/__/__/Drivers/STM32F1xx_HAL_Driver/Src/stm32f1xx_hal_cortex.c.obj
                0x080041b8                HAL_NVIC_SetPriority
 .text.HAL_NVIC_EnableIRQ
                0x080041d8       0x1c cmake/stm32cubemx/CMakeFiles/STM32_Drivers.dir/__/__/Drivers/STM32F1xx_HAL_Driver/Src/stm32f1xx_hal_cortex.c.obj
                0x080041d8                HAL_NVIC_EnableIRQ
 .text.I2C_IsAcknowledgeFailed
                0x080041f4       0x32 cmake/stm32cubemx/CMakeFiles/STM32_Drivers.dir/__/__/Drivers/STM32F1xx_HAL_Driver/Src/stm32f1xx_hal_i2c.c.obj
 .text.I2C_WaitOnFlagUntilTimeout
                0x08004226       0xaa cmake/stm32cubemx/CMakeFiles/STM32_Drivers.dir/__/__/Drivers/STM32F1xx_HAL_Driver/Src/stm32f1xx_hal_i2c.c.obj
 .text.I2C_WaitOnMasterAddressFlagUntilTimeout
                0x080042d0       0xd6 cmake/stm32cubemx/CMakeFiles/STM32_Drivers.dir/__/__/Drivers/STM32F1xx_HAL_Driver/Src/stm32f1xx_hal_i2c.c.obj
 *fill*         0x080043a6        0x2 
 .text.I2C_MasterRequestWrite
                0x080043a8       0xb4 cmake/stm32cubemx/CMakeFiles/STM32_Drivers.dir/__/__/Drivers/STM32F1xx_HAL_Driver/Src/stm32f1xx_hal_i2c.c.obj
 .text.I2C_WaitOnTXEFlagUntilTimeout
                0x0800445c       0x5e cmake/stm32cubemx/CMakeFiles/STM32_Drivers.dir/__/__/Drivers/STM32F1xx_HAL_Driver/Src/stm32f1xx_hal_i2c.c.obj
 *fill*         0x080044ba        0x2 
 .text.I2C_RequestMemoryWrite
                0x080044bc       0xd8 cmake/stm32cubemx/CMakeFiles/STM32_Drivers.dir/__/__/Drivers/STM32F1xx_HAL_Driver/Src/stm32f1xx_hal_i2c.c.obj
 .text.I2C_RequestMemoryRead
                0x08004594      0x154 cmake/stm32cubemx/CMakeFiles/STM32_Drivers.dir/__/__/Drivers/STM32F1xx_HAL_Driver/Src/stm32f1xx_hal_i2c.c.obj
 .text.I2C_WaitOnBTFFlagUntilTimeout
                0x080046e8       0x5e cmake/stm32cubemx/CMakeFiles/STM32_Drivers.dir/__/__/Drivers/STM32F1xx_HAL_Driver/Src/stm32f1xx_hal_i2c.c.obj
 .text.I2C_WaitOnRXNEFlagUntilTimeout
                0x08004746       0x78 cmake/stm32cubemx/CMakeFiles/STM32_Drivers.dir/__/__/Drivers/STM32F1xx_HAL_Driver/Src/stm32f1xx_hal_i2c.c.obj
 *fill*         0x080047be        0x2 
 .text.HAL_I2C_Init
                0x080047c0      0x1bc cmake/stm32cubemx/CMakeFiles/STM32_Drivers.dir/__/__/Drivers/STM32F1xx_HAL_Driver/Src/stm32f1xx_hal_i2c.c.obj
                0x080047c0                HAL_I2C_Init
 .text.HAL_I2C_Master_Transmit
                0x0800497c      0x174 cmake/stm32cubemx/CMakeFiles/STM32_Drivers.dir/__/__/Drivers/STM32F1xx_HAL_Driver/Src/stm32f1xx_hal_i2c.c.obj
                0x0800497c                HAL_I2C_Master_Transmit
 .text.HAL_I2C_Mem_Write
                0x08004af0      0x160 cmake/stm32cubemx/CMakeFiles/STM32_Drivers.dir/__/__/Drivers/STM32F1xx_HAL_Driver/Src/stm32f1xx_hal_i2c.c.obj
                0x08004af0                HAL_I2C_Mem_Write
 .text.HAL_I2C_Mem_Read
                0x08004c50      0x354 cmake/stm32cubemx/CMakeFiles/STM32_Drivers.dir/__/__/Drivers/STM32F1xx_HAL_Driver/Src/stm32f1xx_hal_i2c.c.obj
                0x08004c50                HAL_I2C_Mem_Read
 .text.SPI_WaitFlagStateUntilTimeout
                0x08004fa4       0xc8 cmake/stm32cubemx/CMakeFiles/STM32_Drivers.dir/__/__/Drivers/STM32F1xx_HAL_Driver/Src/stm32f1xx_hal_spi.c.obj
 .text.SPI_EndRxTxTransaction
                0x0800506c       0x44 cmake/stm32cubemx/CMakeFiles/STM32_Drivers.dir/__/__/Drivers/STM32F1xx_HAL_Driver/Src/stm32f1xx_hal_spi.c.obj
 .text.SPI_EndRxTransaction
                0x080050b0       0x74 cmake/stm32cubemx/CMakeFiles/STM32_Drivers.dir/__/__/Drivers/STM32F1xx_HAL_Driver/Src/stm32f1xx_hal_spi.c.obj
 .text.HAL_SPI_Init
                0x08005124       0xb6 cmake/stm32cubemx/CMakeFiles/STM32_Drivers.dir/__/__/Drivers/STM32F1xx_HAL_Driver/Src/stm32f1xx_hal_spi.c.obj
                0x08005124                HAL_SPI_Init
 .text.HAL_SPI_Transmit
                0x080051da      0x1c4 cmake/stm32cubemx/CMakeFiles/STM32_Drivers.dir/__/__/Drivers/STM32F1xx_HAL_Driver/Src/stm32f1xx_hal_spi.c.obj
                0x080051da                HAL_SPI_Transmit
 .text.HAL_SPI_TransmitReceive
                0x0800539e      0x252 cmake/stm32cubemx/CMakeFiles/STM32_Drivers.dir/__/__/Drivers/STM32F1xx_HAL_Driver/Src/stm32f1xx_hal_spi.c.obj
                0x0800539e                HAL_SPI_TransmitReceive
 .text.HAL_SPI_Receive
                0x080055f0      0x188 cmake/stm32cubemx/CMakeFiles/STM32_Drivers.dir/__/__/Drivers/STM32F1xx_HAL_Driver/Src/stm32f1xx_hal_spi.c.obj
                0x080055f0                HAL_SPI_Receive
 .text.UART_EndRxTransfer
                0x08005778       0x5c cmake/stm32cubemx/CMakeFiles/STM32_Drivers.dir/__/__/Drivers/STM32F1xx_HAL_Driver/Src/stm32f1xx_hal_uart.c.obj
 .text.UART_SetConfig
                0x080057d4       0x94 cmake/stm32cubemx/CMakeFiles/STM32_Drivers.dir/__/__/Drivers/STM32F1xx_HAL_Driver/Src/stm32f1xx_hal_uart.c.obj
 .text.UART_WaitOnFlagUntilTimeout
                0x08005868       0x86 cmake/stm32cubemx/CMakeFiles/STM32_Drivers.dir/__/__/Drivers/STM32F1xx_HAL_Driver/Src/stm32f1xx_hal_uart.c.obj
 .text.HAL_UART_Init
                0x080058ee       0x60 cmake/stm32cubemx/CMakeFiles/STM32_Drivers.dir/__/__/Drivers/STM32F1xx_HAL_Driver/Src/stm32f1xx_hal_uart.c.obj
                0x080058ee                HAL_UART_Init
 .text.HAL_UART_Transmit
                0x0800594e       0xca cmake/stm32cubemx/CMakeFiles/STM32_Drivers.dir/__/__/Drivers/STM32F1xx_HAL_Driver/Src/stm32f1xx_hal_uart.c.obj
                0x0800594e                HAL_UART_Transmit
 .text.UART_Start_Receive_IT
                0x08005a18       0x36 cmake/stm32cubemx/CMakeFiles/STM32_Drivers.dir/__/__/Drivers/STM32F1xx_HAL_Driver/Src/stm32f1xx_hal_uart.c.obj
                0x08005a18                UART_Start_Receive_IT
 .text.HAL_UARTEx_ReceiveToIdle_IT
                0x08005a4e       0x64 cmake/stm32cubemx/CMakeFiles/STM32_Drivers.dir/__/__/Drivers/STM32F1xx_HAL_Driver/Src/stm32f1xx_hal_uart.c.obj
                0x08005a4e                HAL_UARTEx_ReceiveToIdle_IT
 .text.vListInitialise
                0x08005ab2       0x16 cmake/stm32cubemx/CMakeFiles/FreeRTOS.dir/__/__/Middlewares/Third_Party/FreeRTOS/Source/list.c.obj
                0x08005ab2                vListInitialise
 .text.vListInitialiseItem
                0x08005ac8        0x6 cmake/stm32cubemx/CMakeFiles/FreeRTOS.dir/__/__/Middlewares/Third_Party/FreeRTOS/Source/list.c.obj
                0x08005ac8                vListInitialiseItem
 .text.vListInsertEnd
                0x08005ace       0x16 cmake/stm32cubemx/CMakeFiles/FreeRTOS.dir/__/__/Middlewares/Third_Party/FreeRTOS/Source/list.c.obj
                0x08005ace                vListInsertEnd
 .text.vListInsert
                0x08005ae4       0x32 cmake/stm32cubemx/CMakeFiles/FreeRTOS.dir/__/__/Middlewares/Third_Party/FreeRTOS/Source/list.c.obj
                0x08005ae4                vListInsert
 .text.uxListRemove
                0x08005b16       0x26 cmake/stm32cubemx/CMakeFiles/FreeRTOS.dir/__/__/Middlewares/Third_Party/FreeRTOS/Source/list.c.obj
                0x08005b16                uxListRemove
 .text.prvGetDisinheritPriorityAfterTimeout
                0x08005b3c       0x10 cmake/stm32cubemx/CMakeFiles/FreeRTOS.dir/__/__/Middlewares/Third_Party/FreeRTOS/Source/queue.c.obj
 .text.prvIsQueueFull
                0x08005b4c       0x1e cmake/stm32cubemx/CMakeFiles/FreeRTOS.dir/__/__/Middlewares/Third_Party/FreeRTOS/Source/queue.c.obj
 .text.prvIsQueueEmpty
                0x08005b6a       0x1a cmake/stm32cubemx/CMakeFiles/FreeRTOS.dir/__/__/Middlewares/Third_Party/FreeRTOS/Source/queue.c.obj
 .text.prvCopyDataToQueue
                0x08005b84       0x76 cmake/stm32cubemx/CMakeFiles/FreeRTOS.dir/__/__/Middlewares/Third_Party/FreeRTOS/Source/queue.c.obj
 .text.prvCopyDataFromQueue
                0x08005bfa       0x24 cmake/stm32cubemx/CMakeFiles/FreeRTOS.dir/__/__/Middlewares/Third_Party/FreeRTOS/Source/queue.c.obj
 .text.prvUnlockQueue
                0x08005c1e       0x6e cmake/stm32cubemx/CMakeFiles/FreeRTOS.dir/__/__/Middlewares/Third_Party/FreeRTOS/Source/queue.c.obj
 .text.xQueueGenericReset
                0x08005c8c       0x84 cmake/stm32cubemx/CMakeFiles/FreeRTOS.dir/__/__/Middlewares/Third_Party/FreeRTOS/Source/queue.c.obj
                0x08005c8c                xQueueGenericReset
 .text.prvInitialiseNewQueue
                0x08005d10       0x22 cmake/stm32cubemx/CMakeFiles/FreeRTOS.dir/__/__/Middlewares/Third_Party/FreeRTOS/Source/queue.c.obj
 .text.xQueueGenericCreateStatic
                0x08005d32       0x94 cmake/stm32cubemx/CMakeFiles/FreeRTOS.dir/__/__/Middlewares/Third_Party/FreeRTOS/Source/queue.c.obj
                0x08005d32                xQueueGenericCreateStatic
 .text.xQueueGenericCreate
                0x08005dc6       0x48 cmake/stm32cubemx/CMakeFiles/FreeRTOS.dir/__/__/Middlewares/Third_Party/FreeRTOS/Source/queue.c.obj
                0x08005dc6                xQueueGenericCreate
 .text.xQueueCreateCountingSemaphoreStatic
                0x08005e0e       0x46 cmake/stm32cubemx/CMakeFiles/FreeRTOS.dir/__/__/Middlewares/Third_Party/FreeRTOS/Source/queue.c.obj
                0x08005e0e                xQueueCreateCountingSemaphoreStatic
 .text.xQueueCreateCountingSemaphore
                0x08005e54       0x3c cmake/stm32cubemx/CMakeFiles/FreeRTOS.dir/__/__/Middlewares/Third_Party/FreeRTOS/Source/queue.c.obj
                0x08005e54                xQueueCreateCountingSemaphore
 .text.xQueueGenericSend
                0x08005e90      0x188 cmake/stm32cubemx/CMakeFiles/FreeRTOS.dir/__/__/Middlewares/Third_Party/FreeRTOS/Source/queue.c.obj
                0x08005e90                xQueueGenericSend
 .text.xQueueGenericSendFromISR
                0x08006018       0xce cmake/stm32cubemx/CMakeFiles/FreeRTOS.dir/__/__/Middlewares/Third_Party/FreeRTOS/Source/queue.c.obj
                0x08006018                xQueueGenericSendFromISR
 .text.xQueueGiveFromISR
                0x080060e6       0xb2 cmake/stm32cubemx/CMakeFiles/FreeRTOS.dir/__/__/Middlewares/Third_Party/FreeRTOS/Source/queue.c.obj
                0x080060e6                xQueueGiveFromISR
 .text.xQueueReceive
                0x08006198      0x15e cmake/stm32cubemx/CMakeFiles/FreeRTOS.dir/__/__/Middlewares/Third_Party/FreeRTOS/Source/queue.c.obj
                0x08006198                xQueueReceive
 .text.xQueueSemaphoreTake
                0x080062f6      0x1a6 cmake/stm32cubemx/CMakeFiles/FreeRTOS.dir/__/__/Middlewares/Third_Party/FreeRTOS/Source/queue.c.obj
                0x080062f6                xQueueSemaphoreTake
 .text.xQueueReceiveFromISR
                0x0800649c       0xae cmake/stm32cubemx/CMakeFiles/FreeRTOS.dir/__/__/Middlewares/Third_Party/FreeRTOS/Source/queue.c.obj
                0x0800649c                xQueueReceiveFromISR
 *fill*         0x0800654a        0x2 
 .text.vQueueAddToRegistry
                0x0800654c       0x28 cmake/stm32cubemx/CMakeFiles/FreeRTOS.dir/__/__/Middlewares/Third_Party/FreeRTOS/Source/queue.c.obj
                0x0800654c                vQueueAddToRegistry
 .text.vQueueUnregisterQueue
                0x08006574       0x2c cmake/stm32cubemx/CMakeFiles/FreeRTOS.dir/__/__/Middlewares/Third_Party/FreeRTOS/Source/queue.c.obj
                0x08006574                vQueueUnregisterQueue
 .text.vQueueDelete
                0x080065a0       0x2c cmake/stm32cubemx/CMakeFiles/FreeRTOS.dir/__/__/Middlewares/Third_Party/FreeRTOS/Source/queue.c.obj
                0x080065a0                vQueueDelete
 .text.vQueueWaitForMessageRestricted
                0x080065cc       0x52 cmake/stm32cubemx/CMakeFiles/FreeRTOS.dir/__/__/Middlewares/Third_Party/FreeRTOS/Source/queue.c.obj
                0x080065cc                vQueueWaitForMessageRestricted
 *fill*         0x0800661e        0x2 
 .text.prvResetNextTaskUnblockTime
                0x08006620       0x2c cmake/stm32cubemx/CMakeFiles/FreeRTOS.dir/__/__/Middlewares/Third_Party/FreeRTOS/Source/tasks.c.obj
 .text.prvInitialiseNewTask
                0x0800664c       0xa2 cmake/stm32cubemx/CMakeFiles/FreeRTOS.dir/__/__/Middlewares/Third_Party/FreeRTOS/Source/tasks.c.obj
 *fill*         0x080066ee        0x2 
 .text.prvInitialiseTaskLists
                0x080066f0       0x68 cmake/stm32cubemx/CMakeFiles/FreeRTOS.dir/__/__/Middlewares/Third_Party/FreeRTOS/Source/tasks.c.obj
 .text.prvAddNewTaskToReadyList
                0x08006758       0xac cmake/stm32cubemx/CMakeFiles/FreeRTOS.dir/__/__/Middlewares/Third_Party/FreeRTOS/Source/tasks.c.obj
 .text.prvDeleteTCB
                0x08006804       0x38 cmake/stm32cubemx/CMakeFiles/FreeRTOS.dir/__/__/Middlewares/Third_Party/FreeRTOS/Source/tasks.c.obj
 .text.prvCheckTasksWaitingTermination
                0x0800683c       0x4c cmake/stm32cubemx/CMakeFiles/FreeRTOS.dir/__/__/Middlewares/Third_Party/FreeRTOS/Source/tasks.c.obj
 .text.prvIdleTask
                0x08006888       0x28 cmake/stm32cubemx/CMakeFiles/FreeRTOS.dir/__/__/Middlewares/Third_Party/FreeRTOS/Source/tasks.c.obj
 .text.prvAddCurrentTaskToDelayedList
                0x080068b0       0x7c cmake/stm32cubemx/CMakeFiles/FreeRTOS.dir/__/__/Middlewares/Third_Party/FreeRTOS/Source/tasks.c.obj
 .text.xTaskCreateStatic
                0x0800692c       0x76 cmake/stm32cubemx/CMakeFiles/FreeRTOS.dir/__/__/Middlewares/Third_Party/FreeRTOS/Source/tasks.c.obj
                0x0800692c                xTaskCreateStatic
 .text.xTaskCreate
                0x080069a2       0x64 cmake/stm32cubemx/CMakeFiles/FreeRTOS.dir/__/__/Middlewares/Third_Party/FreeRTOS/Source/tasks.c.obj
                0x080069a2                xTaskCreate
 *fill*         0x08006a06        0x2 
 .text.vTaskStartScheduler
                0x08006a08       0x98 cmake/stm32cubemx/CMakeFiles/FreeRTOS.dir/__/__/Middlewares/Third_Party/FreeRTOS/Source/tasks.c.obj
                0x08006a08                vTaskStartScheduler
 .text.vTaskSuspendAll
                0x08006aa0       0x10 cmake/stm32cubemx/CMakeFiles/FreeRTOS.dir/__/__/Middlewares/Third_Party/FreeRTOS/Source/tasks.c.obj
                0x08006aa0                vTaskSuspendAll
 .text.xTaskGetTickCount
                0x08006ab0        0xc cmake/stm32cubemx/CMakeFiles/FreeRTOS.dir/__/__/Middlewares/Third_Party/FreeRTOS/Source/tasks.c.obj
                0x08006ab0                xTaskGetTickCount
 .text.xTaskIncrementTick
                0x08006abc      0x118 cmake/stm32cubemx/CMakeFiles/FreeRTOS.dir/__/__/Middlewares/Third_Party/FreeRTOS/Source/tasks.c.obj
                0x08006abc                xTaskIncrementTick
 .text.xTaskResumeAll
                0x08006bd4       0xf8 cmake/stm32cubemx/CMakeFiles/FreeRTOS.dir/__/__/Middlewares/Third_Party/FreeRTOS/Source/tasks.c.obj
                0x08006bd4                xTaskResumeAll
 .text.vTaskDelay
                0x08006ccc       0x4c cmake/stm32cubemx/CMakeFiles/FreeRTOS.dir/__/__/Middlewares/Third_Party/FreeRTOS/Source/tasks.c.obj
                0x08006ccc                vTaskDelay
 .text.vTaskSwitchContext
                0x08006d18       0x98 cmake/stm32cubemx/CMakeFiles/FreeRTOS.dir/__/__/Middlewares/Third_Party/FreeRTOS/Source/tasks.c.obj
                0x08006d18                vTaskSwitchContext
 .text.vTaskPlaceOnEventList
                0x08006db0       0x30 cmake/stm32cubemx/CMakeFiles/FreeRTOS.dir/__/__/Middlewares/Third_Party/FreeRTOS/Source/tasks.c.obj
                0x08006db0                vTaskPlaceOnEventList
 .text.vTaskPlaceOnEventListRestricted
                0x08006de0       0x38 cmake/stm32cubemx/CMakeFiles/FreeRTOS.dir/__/__/Middlewares/Third_Party/FreeRTOS/Source/tasks.c.obj
                0x08006de0                vTaskPlaceOnEventListRestricted
 .text.xTaskRemoveFromEventList
                0x08006e18       0x8c cmake/stm32cubemx/CMakeFiles/FreeRTOS.dir/__/__/Middlewares/Third_Party/FreeRTOS/Source/tasks.c.obj
                0x08006e18                xTaskRemoveFromEventList
 .text.vTaskInternalSetTimeOutState
                0x08006ea4       0x18 cmake/stm32cubemx/CMakeFiles/FreeRTOS.dir/__/__/Middlewares/Third_Party/FreeRTOS/Source/tasks.c.obj
                0x08006ea4                vTaskInternalSetTimeOutState
 .text.xTaskCheckForTimeOut
                0x08006ebc       0x88 cmake/stm32cubemx/CMakeFiles/FreeRTOS.dir/__/__/Middlewares/Third_Party/FreeRTOS/Source/tasks.c.obj
                0x08006ebc                xTaskCheckForTimeOut
 .text.vTaskMissedYield
                0x08006f44        0xc cmake/stm32cubemx/CMakeFiles/FreeRTOS.dir/__/__/Middlewares/Third_Party/FreeRTOS/Source/tasks.c.obj
                0x08006f44                vTaskMissedYield
 .text.xTaskGetSchedulerState
                0x08006f50       0x20 cmake/stm32cubemx/CMakeFiles/FreeRTOS.dir/__/__/Middlewares/Third_Party/FreeRTOS/Source/tasks.c.obj
                0x08006f50                xTaskGetSchedulerState
 .text.xTaskPriorityInherit
                0x08006f70       0x98 cmake/stm32cubemx/CMakeFiles/FreeRTOS.dir/__/__/Middlewares/Third_Party/FreeRTOS/Source/tasks.c.obj
                0x08006f70                xTaskPriorityInherit
 .text.xTaskPriorityDisinherit
                0x08007008       0x90 cmake/stm32cubemx/CMakeFiles/FreeRTOS.dir/__/__/Middlewares/Third_Party/FreeRTOS/Source/tasks.c.obj
                0x08007008                xTaskPriorityDisinherit
 .text.vTaskPriorityDisinheritAfterTimeout
                0x08007098       0xa0 cmake/stm32cubemx/CMakeFiles/FreeRTOS.dir/__/__/Middlewares/Third_Party/FreeRTOS/Source/tasks.c.obj
                0x08007098                vTaskPriorityDisinheritAfterTimeout
 .text.pvTaskIncrementMutexHeldCount
                0x08007138       0x1c cmake/stm32cubemx/CMakeFiles/FreeRTOS.dir/__/__/Middlewares/Third_Party/FreeRTOS/Source/tasks.c.obj
                0x08007138                pvTaskIncrementMutexHeldCount
 .text.prvGetNextExpireTime
                0x08007154       0x20 cmake/stm32cubemx/CMakeFiles/FreeRTOS.dir/__/__/Middlewares/Third_Party/FreeRTOS/Source/timers.c.obj
 .text.prvInsertTimerInActiveList
                0x08007174       0x48 cmake/stm32cubemx/CMakeFiles/FreeRTOS.dir/__/__/Middlewares/Third_Party/FreeRTOS/Source/timers.c.obj
 .text.prvCheckForValidListAndQueue
                0x080071bc       0x70 cmake/stm32cubemx/CMakeFiles/FreeRTOS.dir/__/__/Middlewares/Third_Party/FreeRTOS/Source/timers.c.obj
 .text.xTimerCreateTimerTask
                0x0800722c       0x64 cmake/stm32cubemx/CMakeFiles/FreeRTOS.dir/__/__/Middlewares/Third_Party/FreeRTOS/Source/timers.c.obj
                0x0800722c                xTimerCreateTimerTask
 .text.xTimerGenericCommand
                0x08007290       0x6c cmake/stm32cubemx/CMakeFiles/FreeRTOS.dir/__/__/Middlewares/Third_Party/FreeRTOS/Source/timers.c.obj
                0x08007290                xTimerGenericCommand
 .text.prvSwitchTimerLists
                0x080072fc       0x7c cmake/stm32cubemx/CMakeFiles/FreeRTOS.dir/__/__/Middlewares/Third_Party/FreeRTOS/Source/timers.c.obj
 .text.prvSampleTimeNow
                0x08007378       0x2c cmake/stm32cubemx/CMakeFiles/FreeRTOS.dir/__/__/Middlewares/Third_Party/FreeRTOS/Source/timers.c.obj
 .text.prvProcessExpiredTimer
                0x080073a4       0x6c cmake/stm32cubemx/CMakeFiles/FreeRTOS.dir/__/__/Middlewares/Third_Party/FreeRTOS/Source/timers.c.obj
 .text.prvProcessTimerOrBlockTask
                0x08007410       0x74 cmake/stm32cubemx/CMakeFiles/FreeRTOS.dir/__/__/Middlewares/Third_Party/FreeRTOS/Source/timers.c.obj
 .text.prvProcessReceivedCommands
                0x08007484      0x10c cmake/stm32cubemx/CMakeFiles/FreeRTOS.dir/__/__/Middlewares/Third_Party/FreeRTOS/Source/timers.c.obj
 .text.prvTimerTask
                0x08007590       0x16 cmake/stm32cubemx/CMakeFiles/FreeRTOS.dir/__/__/Middlewares/Third_Party/FreeRTOS/Source/timers.c.obj
 .text.SysTick_Handler
                0x080075a6       0x18 cmake/stm32cubemx/CMakeFiles/FreeRTOS.dir/__/__/Middlewares/Third_Party/FreeRTOS/Source/CMSIS_RTOS_V2/cmsis_os2.c.obj
                0x080075a6                SysTick_Handler
 *fill*         0x080075be        0x2 
 .text.osKernelInitialize
                0x080075c0       0x24 cmake/stm32cubemx/CMakeFiles/FreeRTOS.dir/__/__/Middlewares/Third_Party/FreeRTOS/Source/CMSIS_RTOS_V2/cmsis_os2.c.obj
                0x080075c0                osKernelInitialize
 .text.osKernelStart
                0x080075e4       0x38 cmake/stm32cubemx/CMakeFiles/FreeRTOS.dir/__/__/Middlewares/Third_Party/FreeRTOS/Source/CMSIS_RTOS_V2/cmsis_os2.c.obj
                0x080075e4                osKernelStart
 .text.osThreadNew
                0x0800761c       0xb4 cmake/stm32cubemx/CMakeFiles/FreeRTOS.dir/__/__/Middlewares/Third_Party/FreeRTOS/Source/CMSIS_RTOS_V2/cmsis_os2.c.obj
                0x0800761c                osThreadNew
 .text.osDelay  0x080076d0       0x1c cmake/stm32cubemx/CMakeFiles/FreeRTOS.dir/__/__/Middlewares/Third_Party/FreeRTOS/Source/CMSIS_RTOS_V2/cmsis_os2.c.obj
                0x080076d0                osDelay
 .text.osSemaphoreNew
                0x080076ec       0xb2 cmake/stm32cubemx/CMakeFiles/FreeRTOS.dir/__/__/Middlewares/Third_Party/FreeRTOS/Source/CMSIS_RTOS_V2/cmsis_os2.c.obj
                0x080076ec                osSemaphoreNew
 .text.osSemaphoreAcquire
                0x0800779e       0x68 cmake/stm32cubemx/CMakeFiles/FreeRTOS.dir/__/__/Middlewares/Third_Party/FreeRTOS/Source/CMSIS_RTOS_V2/cmsis_os2.c.obj
                0x0800779e                osSemaphoreAcquire
 .text.osSemaphoreRelease
                0x08007806       0x5e cmake/stm32cubemx/CMakeFiles/FreeRTOS.dir/__/__/Middlewares/Third_Party/FreeRTOS/Source/CMSIS_RTOS_V2/cmsis_os2.c.obj
                0x08007806                osSemaphoreRelease
 .text.osMessageQueueNew
                0x08007864       0x98 cmake/stm32cubemx/CMakeFiles/FreeRTOS.dir/__/__/Middlewares/Third_Party/FreeRTOS/Source/CMSIS_RTOS_V2/cmsis_os2.c.obj
                0x08007864                osMessageQueueNew
 .text.osMessageQueuePut
                0x080078fc       0x84 cmake/stm32cubemx/CMakeFiles/FreeRTOS.dir/__/__/Middlewares/Third_Party/FreeRTOS/Source/CMSIS_RTOS_V2/cmsis_os2.c.obj
                0x080078fc                osMessageQueuePut
 .text.osMessageQueueGet
                0x08007980       0x82 cmake/stm32cubemx/CMakeFiles/FreeRTOS.dir/__/__/Middlewares/Third_Party/FreeRTOS/Source/CMSIS_RTOS_V2/cmsis_os2.c.obj
                0x08007980                osMessageQueueGet
 *fill*         0x08007a02        0x2 
 .text.vApplicationGetIdleTaskMemory
                0x08007a04       0x18 cmake/stm32cubemx/CMakeFiles/FreeRTOS.dir/__/__/Middlewares/Third_Party/FreeRTOS/Source/CMSIS_RTOS_V2/cmsis_os2.c.obj
                0x08007a04                vApplicationGetIdleTaskMemory
 .text.vApplicationGetTimerTaskMemory
                0x08007a1c       0x18 cmake/stm32cubemx/CMakeFiles/FreeRTOS.dir/__/__/Middlewares/Third_Party/FreeRTOS/Source/CMSIS_RTOS_V2/cmsis_os2.c.obj
                0x08007a1c                vApplicationGetTimerTaskMemory
 .text.prvHeapInit
                0x08007a34       0x64 cmake/stm32cubemx/CMakeFiles/FreeRTOS.dir/__/__/Middlewares/Third_Party/FreeRTOS/Source/portable/MemMang/heap_4.c.obj
 .text.prvInsertBlockIntoFreeList
                0x08007a98       0x60 cmake/stm32cubemx/CMakeFiles/FreeRTOS.dir/__/__/Middlewares/Third_Party/FreeRTOS/Source/portable/MemMang/heap_4.c.obj
 .text.pvPortMalloc
                0x08007af8      0x104 cmake/stm32cubemx/CMakeFiles/FreeRTOS.dir/__/__/Middlewares/Third_Party/FreeRTOS/Source/portable/MemMang/heap_4.c.obj
                0x08007af8                pvPortMalloc
 .text.vPortFree
                0x08007bfc       0x7c cmake/stm32cubemx/CMakeFiles/FreeRTOS.dir/__/__/Middlewares/Third_Party/FreeRTOS/Source/portable/MemMang/heap_4.c.obj
                0x08007bfc                vPortFree
 .text.prvTaskExitError
                0x08007c78       0x40 cmake/stm32cubemx/CMakeFiles/FreeRTOS.dir/__/__/Middlewares/Third_Party/FreeRTOS/Source/portable/GCC/ARM_CM3/port.c.obj
 .text.prvPortStartFirstTask
                0x08007cb8       0x20 cmake/stm32cubemx/CMakeFiles/FreeRTOS.dir/__/__/Middlewares/Third_Party/FreeRTOS/Source/portable/GCC/ARM_CM3/port.c.obj
 .text.pxPortInitialiseStack
                0x08007cd8       0x24 cmake/stm32cubemx/CMakeFiles/FreeRTOS.dir/__/__/Middlewares/Third_Party/FreeRTOS/Source/portable/GCC/ARM_CM3/port.c.obj
                0x08007cd8                pxPortInitialiseStack
 *fill*         0x08007cfc        0x4 
 .text.SVC_Handler
                0x08007d00       0x24 cmake/stm32cubemx/CMakeFiles/FreeRTOS.dir/__/__/Middlewares/Third_Party/FreeRTOS/Source/portable/GCC/ARM_CM3/port.c.obj
                0x08007d00                SVC_Handler
 .text.vPortEnterCritical
                0x08007d24       0x44 cmake/stm32cubemx/CMakeFiles/FreeRTOS.dir/__/__/Middlewares/Third_Party/FreeRTOS/Source/portable/GCC/ARM_CM3/port.c.obj
                0x08007d24                vPortEnterCritical
 .text.vPortExitCritical
                0x08007d68       0x2c cmake/stm32cubemx/CMakeFiles/FreeRTOS.dir/__/__/Middlewares/Third_Party/FreeRTOS/Source/portable/GCC/ARM_CM3/port.c.obj
                0x08007d68                vPortExitCritical
 *fill*         0x08007d94        0xc 
 .text.PendSV_Handler
                0x08007da0       0x44 cmake/stm32cubemx/CMakeFiles/FreeRTOS.dir/__/__/Middlewares/Third_Party/FreeRTOS/Source/portable/GCC/ARM_CM3/port.c.obj
                0x08007da0                PendSV_Handler
 .text.xPortSysTickHandler
                0x08007de4       0x2c cmake/stm32cubemx/CMakeFiles/FreeRTOS.dir/__/__/Middlewares/Third_Party/FreeRTOS/Source/portable/GCC/ARM_CM3/port.c.obj
                0x08007de4                xPortSysTickHandler
 .text.vPortSetupTimerInterrupt
                0x08007e10       0x28 cmake/stm32cubemx/CMakeFiles/FreeRTOS.dir/__/__/Middlewares/Third_Party/FreeRTOS/Source/portable/GCC/ARM_CM3/port.c.obj
                0x08007e10                vPortSetupTimerInterrupt
 .text.xPortStartScheduler
                0x08007e38       0xc0 cmake/stm32cubemx/CMakeFiles/FreeRTOS.dir/__/__/Middlewares/Third_Party/FreeRTOS/Source/portable/GCC/ARM_CM3/port.c.obj
                0x08007e38                xPortStartScheduler
 .text.vPortValidateInterruptPriority
                0x08007ef8       0x5c cmake/stm32cubemx/CMakeFiles/FreeRTOS.dir/__/__/Middlewares/Third_Party/FreeRTOS/Source/portable/GCC/ARM_CM3/port.c.obj
                0x08007ef8                vPortValidateInterruptPriority
 .text.my_itoa  0x08007f54       0x78 CMakeFiles/gcctest.dir/Core/Src/main.c.obj
                0x08007f54                my_itoa
 .text.LightState_Update
                0x08007fcc       0xd4 CMakeFiles/gcctest.dir/Core/Src/main.c.obj
                0x08007fcc                LightState_Update
 .text.ftoa_2dp
                0x080080a0      0x100 CMakeFiles/gcctest.dir/Core/Src/main.c.obj
                0x080080a0                ftoa_2dp
 .text.HAL_ADC_ConvCpltCallback
                0x080081a0       0x1c CMakeFiles/gcctest.dir/Core/Src/main.c.obj
                0x080081a0                HAL_ADC_ConvCpltCallback
 .text.HAL_TIM_PeriodElapsedCallback
                0x080081bc       0x9c CMakeFiles/gcctest.dir/Core/Src/main.c.obj
                0x080081bc                HAL_TIM_PeriodElapsedCallback
 .text.Error_Handler
                0x08008258        0x4 CMakeFiles/gcctest.dir/Core/Src/main.c.obj
                0x08008258                Error_Handler
 .text.SystemClock_Config
                0x0800825c       0x7e CMakeFiles/gcctest.dir/Core/Src/main.c.obj
                0x0800825c                SystemClock_Config
 *fill*         0x080082da        0x2 
 .text.main     0x080082dc      0x218 CMakeFiles/gcctest.dir/Core/Src/main.c.obj
                0x080082dc                main
 .text.MX_GPIO_Init
                0x080084f4       0x64 CMakeFiles/gcctest.dir/Core/Src/gpio.c.obj
                0x080084f4                MX_GPIO_Init
 .text.StartTaskLight
                0x08008558       0x38 CMakeFiles/gcctest.dir/Core/Src/freertos.c.obj
                0x08008558                StartTaskLight
 .text.StartTaskMPU
                0x08008590       0x3c CMakeFiles/gcctest.dir/Core/Src/freertos.c.obj
                0x08008590                StartTaskMPU
 .text.StartTaskOLED
                0x080085cc      0x154 CMakeFiles/gcctest.dir/Core/Src/freertos.c.obj
                0x080085cc                StartTaskOLED
 .text.StartTaskLED
                0x08008720       0x84 CMakeFiles/gcctest.dir/Core/Src/freertos.c.obj
                0x08008720                StartTaskLED
 .text.StartTaskSPIFlash
                0x080087a4       0x64 CMakeFiles/gcctest.dir/Core/Src/freertos.c.obj
                0x080087a4                StartTaskSPIFlash
 .text.StartTaskUART
                0x08008808       0x28 CMakeFiles/gcctest.dir/Core/Src/freertos.c.obj
                0x08008808                StartTaskUART
 .text.MX_FREERTOS_Init
                0x08008830      0x110 CMakeFiles/gcctest.dir/Core/Src/freertos.c.obj
                0x08008830                MX_FREERTOS_Init
 .text.MX_ADC1_Init
                0x08008940       0x5c CMakeFiles/gcctest.dir/Core/Src/adc.c.obj
                0x08008940                MX_ADC1_Init
 .text.HAL_ADC_MspInit
                0x0800899c       0x98 CMakeFiles/gcctest.dir/Core/Src/adc.c.obj
                0x0800899c                HAL_ADC_MspInit
 .text.MX_DMA_Init
                0x08008a34       0x64 CMakeFiles/gcctest.dir/Core/Src/dma.c.obj
                0x08008a34                MX_DMA_Init
 .text.MX_I2C1_Init
                0x08008a98       0x3c CMakeFiles/gcctest.dir/Core/Src/i2c.c.obj
                0x08008a98                MX_I2C1_Init
 .text.HAL_I2C_MspInit
                0x08008ad4       0x98 CMakeFiles/gcctest.dir/Core/Src/i2c.c.obj
                0x08008ad4                HAL_I2C_MspInit
 .text.MX_SPI2_Init
                0x08008b6c       0x44 CMakeFiles/gcctest.dir/Core/Src/spi.c.obj
                0x08008b6c                MX_SPI2_Init
 .text.HAL_SPI_MspInit
                0x08008bb0       0xe0 CMakeFiles/gcctest.dir/Core/Src/spi.c.obj
                0x08008bb0                HAL_SPI_MspInit
 .text.MX_TIM2_Init
                0x08008c90       0x6c CMakeFiles/gcctest.dir/Core/Src/tim.c.obj
                0x08008c90                MX_TIM2_Init
 .text.MX_TIM3_Init
                0x08008cfc       0x70 CMakeFiles/gcctest.dir/Core/Src/tim.c.obj
                0x08008cfc                MX_TIM3_Init
 .text.HAL_TIM_Base_MspInit
                0x08008d6c       0x60 CMakeFiles/gcctest.dir/Core/Src/tim.c.obj
                0x08008d6c                HAL_TIM_Base_MspInit
 .text.MX_USART1_UART_Init
                0x08008dcc       0x34 CMakeFiles/gcctest.dir/Core/Src/usart.c.obj
                0x08008dcc                MX_USART1_UART_Init
 .text.HAL_UART_MspInit
                0x08008e00       0x7c CMakeFiles/gcctest.dir/Core/Src/usart.c.obj
                0x08008e00                HAL_UART_MspInit
 .text.NMI_Handler
                0x08008e7c        0x2 CMakeFiles/gcctest.dir/Core/Src/stm32f1xx_it.c.obj
                0x08008e7c                NMI_Handler
 .text.HardFault_Handler
                0x08008e7e        0x2 CMakeFiles/gcctest.dir/Core/Src/stm32f1xx_it.c.obj
                0x08008e7e                HardFault_Handler
 .text.MemManage_Handler
                0x08008e80        0x2 CMakeFiles/gcctest.dir/Core/Src/stm32f1xx_it.c.obj
                0x08008e80                MemManage_Handler
 .text.BusFault_Handler
                0x08008e82        0x2 CMakeFiles/gcctest.dir/Core/Src/stm32f1xx_it.c.obj
                0x08008e82                BusFault_Handler
 .text.UsageFault_Handler
                0x08008e84        0x2 CMakeFiles/gcctest.dir/Core/Src/stm32f1xx_it.c.obj
                0x08008e84                UsageFault_Handler
 .text.DebugMon_Handler
                0x08008e86        0x2 CMakeFiles/gcctest.dir/Core/Src/stm32f1xx_it.c.obj
                0x08008e86                DebugMon_Handler
 .text.DMA1_Channel1_IRQHandler
                0x08008e88       0x10 CMakeFiles/gcctest.dir/Core/Src/stm32f1xx_it.c.obj
                0x08008e88                DMA1_Channel1_IRQHandler
 .text.DMA1_Channel4_IRQHandler
                0x08008e98       0x10 CMakeFiles/gcctest.dir/Core/Src/stm32f1xx_it.c.obj
                0x08008e98                DMA1_Channel4_IRQHandler
 .text.DMA1_Channel5_IRQHandler
                0x08008ea8       0x10 CMakeFiles/gcctest.dir/Core/Src/stm32f1xx_it.c.obj
                0x08008ea8                DMA1_Channel5_IRQHandler
 .text.DMA1_Channel6_IRQHandler
                0x08008eb8       0x10 CMakeFiles/gcctest.dir/Core/Src/stm32f1xx_it.c.obj
                0x08008eb8                DMA1_Channel6_IRQHandler
 .text.TIM3_IRQHandler
                0x08008ec8       0x10 CMakeFiles/gcctest.dir/Core/Src/stm32f1xx_it.c.obj
                0x08008ec8                TIM3_IRQHandler
 .text.TIM4_IRQHandler
                0x08008ed8       0x10 CMakeFiles/gcctest.dir/Core/Src/stm32f1xx_it.c.obj
                0x08008ed8                TIM4_IRQHandler
 .text.HAL_MspInit
                0x08008ee8       0x54 CMakeFiles/gcctest.dir/Core/Src/stm32f1xx_hal_msp.c.obj
                0x08008ee8                HAL_MspInit
 .text.HAL_InitTick
                0x08008f3c       0xa0 CMakeFiles/gcctest.dir/Core/Src/stm32f1xx_hal_timebase_tim.c.obj
                0x08008f3c                HAL_InitTick
 .text.Reset_Handler
                0x08008fdc       0x48 CMakeFiles/gcctest.dir/startup_stm32f103xb.s.obj
                0x08008fdc                Reset_Handler
 .text.Default_Handler
                0x08009024        0x2 CMakeFiles/gcctest.dir/startup_stm32f103xb.s.obj
                0x08009024                RTC_Alarm_IRQHandler
                0x08009024                EXTI2_IRQHandler
                0x08009024                TIM1_CC_IRQHandler
                0x08009024                PVD_IRQHandler
                0x08009024                EXTI3_IRQHandler
                0x08009024                EXTI0_IRQHandler
                0x08009024                I2C2_EV_IRQHandler
                0x08009024                ADC1_2_IRQHandler
                0x08009024                SPI1_IRQHandler
                0x08009024                TAMPER_IRQHandler
                0x08009024                USART3_IRQHandler
                0x08009024                RTC_IRQHandler
                0x08009024                DMA1_Channel7_IRQHandler
                0x08009024                CAN1_RX1_IRQHandler
                0x08009024                I2C1_EV_IRQHandler
                0x08009024                RCC_IRQHandler
                0x08009024                TIM1_TRG_COM_IRQHandler
                0x08009024                Default_Handler
                0x08009024                EXTI15_10_IRQHandler
                0x08009024                EXTI9_5_IRQHandler
                0x08009024                SPI2_IRQHandler
                0x08009024                EXTI4_IRQHandler
                0x08009024                USB_LP_CAN1_RX0_IRQHandler
                0x08009024                USB_HP_CAN1_TX_IRQHandler
                0x08009024                DMA1_Channel3_IRQHandler
                0x08009024                TIM1_UP_IRQHandler
                0x08009024                WWDG_IRQHandler
                0x08009024                TIM2_IRQHandler
                0x08009024                TIM1_BRK_IRQHandler
                0x08009024                EXTI1_IRQHandler
                0x08009024                USART2_IRQHandler
                0x08009024                I2C2_ER_IRQHandler
                0x08009024                DMA1_Channel2_IRQHandler
                0x08009024                CAN1_SCE_IRQHandler
                0x08009024                FLASH_IRQHandler
                0x08009024                USART1_IRQHandler
                0x08009024                I2C1_ER_IRQHandler
                0x08009024                USBWakeUp_IRQHandler
 *fill*         0x08009026        0x2 
 .text.OLED_WriteCmd
                0x08009028       0x28 CMakeFiles/gcctest.dir/Core/Src/oled.c.obj
                0x08009028                OLED_WriteCmd
 .text.OLED_WriteData
                0x08009050       0x28 CMakeFiles/gcctest.dir/Core/Src/oled.c.obj
                0x08009050                OLED_WriteData
 .text.OLED_Init
                0x08009078       0xf4 CMakeFiles/gcctest.dir/Core/Src/oled.c.obj
                0x08009078                OLED_Init
 .text.OLED_ShowString
                0x0800916c       0x74 CMakeFiles/gcctest.dir/Core/Src/oled.c.obj
                0x0800916c                OLED_ShowString
 .text.fast_atan2
                0x080091e0      0x10c CMakeFiles/gcctest.dir/Core/Src/MPU6050.c.obj
 .text.fast_sqrt
                0x080092ec       0x54 CMakeFiles/gcctest.dir/Core/Src/MPU6050.c.obj
 .text.MPU6050_Init
                0x08009340       0x48 CMakeFiles/gcctest.dir/Core/Src/MPU6050.c.obj
                0x08009340                MPU6050_Init
 .text.MPU6050_Read_Accel
                0x08009388      0x13c CMakeFiles/gcctest.dir/Core/Src/MPU6050.c.obj
                0x08009388                MPU6050_Read_Accel
 .text.MPU6050_Cacul_Tangle
                0x080094c4       0x84 CMakeFiles/gcctest.dir/Core/Src/MPU6050.c.obj
                0x080094c4                MPU6050_Cacul_Tangle
 .text.CS_Low   0x08009548       0x14 CMakeFiles/gcctest.dir/Core/Src/w25d64.c.obj
 .text.CS_High  0x0800955c       0x14 CMakeFiles/gcctest.dir/Core/Src/w25d64.c.obj
 .text.W25_WaitBusy
                0x08009570       0x44 CMakeFiles/gcctest.dir/Core/Src/w25d64.c.obj
 .text.W25_Read
                0x080095b4       0x4c CMakeFiles/gcctest.dir/Core/Src/w25d64.c.obj
                0x080095b4                W25_Read
 .text.W25_WritePage
                0x08009600       0x74 CMakeFiles/gcctest.dir/Core/Src/w25d64.c.obj
                0x08009600                W25_WritePage
 .text.W25_EraseSector
                0x08009674       0x64 CMakeFiles/gcctest.dir/Core/Src/w25d64.c.obj
                0x08009674                W25_EraseSector
 .text.__NVIC_SystemReset
                0x080096d8       0x24 CMakeFiles/gcctest.dir/Core/Src/ota.c.obj
 .text.RingBuf_Get
                0x080096fc       0x48 CMakeFiles/gcctest.dir/Core/Src/ota.c.obj
 .text.crc16_compute
                0x08009744       0x40 CMakeFiles/gcctest.dir/Core/Src/ota.c.obj
                0x08009744                crc16_compute
 .text.Pkt_ParseByte
                0x08009784       0xf4 CMakeFiles/gcctest.dir/Core/Src/ota.c.obj
 .text.crc32_update
                0x08009878       0x38 CMakeFiles/gcctest.dir/Core/Src/ota.c.obj
                0x08009878                crc32_update
 .text.OTA_HandlePacket
                0x080098b0      0x120 CMakeFiles/gcctest.dir/Core/Src/ota.c.obj
 .text.OTA_Process
                0x080099d0       0x3c CMakeFiles/gcctest.dir/Core/Src/ota.c.obj
                0x080099d0                OTA_Process
 *(.glue_7)
 .glue_7        0x08009a0c        0x0 linker stubs
 *(.glue_7t)
 .glue_7t       0x08009a0c        0x0 linker stubs
 *(.eh_frame)
 .eh_frame      0x08009a0c        0x0 /usr/lib/gcc/arm-none-eabi/14.2.1/thumb/v7-m/nofp/crtbegin.o
 *(.init)
 .init          0x08009a0c        0x4 /usr/lib/gcc/arm-none-eabi/14.2.1/thumb/v7-m/nofp/crti.o
                0x08009a0c                _init
 .init          0x08009a10        0x8 /usr/lib/gcc/arm-none-eabi/14.2.1/thumb/v7-m/nofp/crtn.o
 *(.fini)
 .fini          0x08009a18        0x4 /usr/lib/gcc/arm-none-eabi/14.2.1/thumb/v7-m/nofp/crti.o
                0x08009a18                _fini
 .fini          0x08009a1c        0x8 /usr/lib/gcc/arm-none-eabi/14.2.1/thumb/v7-m/nofp/crtn.o
                0x08009a24                        . = ALIGN (0x4)
                0x08009a24                        _etext = .

.vfp11_veneer   0x08009a24        0x0
 .vfp11_veneer  0x08009a24        0x0 linker stubs

.v4_bx          0x08009a24        0x0
 .v4_bx         0x08009a24        0x0 linker stubs

.iplt           0x08009a24        0x0
 .iplt          0x08009a24        0x0 /usr/lib/gcc/arm-none-eabi/14.2.1/thumb/v7-m/nofp/crtbegin.o

.rodata         0x08009a24      0x47c
                0x08009a24                        . = ALIGN (0x4)
 *(.rodata)
 *(.rodata*)
 .rodata.APBPrescTable
                0x08009a24        0x8 cmake/stm32cubemx/CMakeFiles/STM32_Drivers.dir/__/__/Core/Src/system_stm32f1xx.c.obj
                0x08009a24                APBPrescTable
 .rodata.AHBPrescTable
                0x08009a2c       0x10 cmake/stm32cubemx/CMakeFiles/STM32_Drivers.dir/__/__/Core/Src/system_stm32f1xx.c.obj
                0x08009a2c                AHBPrescTable
 .rodata.aPredivFactorTable.0
                0x08009a3c        0x2 cmake/stm32cubemx/CMakeFiles/STM32_Drivers.dir/__/__/Drivers/STM32F1xx_HAL_Driver/Src/stm32f1xx_hal_rcc.c.obj
 *fill*         0x08009a3e        0x2 
 .rodata.aPLLMULFactorTable.1
                0x08009a40       0x10 cmake/stm32cubemx/CMakeFiles/STM32_Drivers.dir/__/__/Drivers/STM32F1xx_HAL_Driver/Src/stm32f1xx_hal_rcc.c.obj
 .rodata.vTaskStartScheduler.str1.4
                0x08009a50       0xe7 cmake/stm32cubemx/CMakeFiles/FreeRTOS.dir/__/__/Middlewares/Third_Party/FreeRTOS/Source/tasks.c.obj
                                  0x5 (size before relaxing)
 .rodata.prvCheckForValidListAndQueue.str1.4
                0x08009b37        0x0 cmake/stm32cubemx/CMakeFiles/FreeRTOS.dir/__/__/Middlewares/Third_Party/FreeRTOS/Source/timers.c.obj
                                  0x5 (size before relaxing)
 .rodata.xTimerCreateTimerTask.str1.4
                0x08009b37        0x0 cmake/stm32cubemx/CMakeFiles/FreeRTOS.dir/__/__/Middlewares/Third_Party/FreeRTOS/Source/timers.c.obj
                                  0x8 (size before relaxing)
 .rodata.main.str1.4
                0x08009b37        0x0 CMakeFiles/gcctest.dir/Core/Src/main.c.obj
                                 0x44 (size before relaxing)
 .rodata.StartTaskOLED.str1.4
                0x08009b37        0x0 CMakeFiles/gcctest.dir/Core/Src/freertos.c.obj
                                 0x2e (size before relaxing)
 .rodata.str1.4
                0x08009b37        0x0 CMakeFiles/gcctest.dir/Core/Src/freertos.c.obj
                                 0x8b (size before relaxing)
 *fill*         0x08009b37        0x1 
 .rodata.sem_uart_rx_attributes
                0x08009b38       0x10 CMakeFiles/gcctest.dir/Core/Src/freertos.c.obj
                0x08009b38                sem_uart_rx_attributes
 .rodata.sem_adc_ready_attributes
                0x08009b48       0x10 CMakeFiles/gcctest.dir/Core/Src/freertos.c.obj
                0x08009b48                sem_adc_ready_attributes
 .rodata.queue_flash_attributes
                0x08009b58       0x18 CMakeFiles/gcctest.dir/Core/Src/freertos.c.obj
                0x08009b58                queue_flash_attributes
 .rodata.queue_mpu_attributes
                0x08009b70       0x18 CMakeFiles/gcctest.dir/Core/Src/freertos.c.obj
                0x08009b70                queue_mpu_attributes
 .rodata.queue_light_attributes
                0x08009b88       0x18 CMakeFiles/gcctest.dir/Core/Src/freertos.c.obj
                0x08009b88                queue_light_attributes
 .rodata.Task_UART_attributes
                0x08009ba0       0x24 CMakeFiles/gcctest.dir/Core/Src/freertos.c.obj
                0x08009ba0                Task_UART_attributes
 .rodata.Task_SPIFlash_attributes
                0x08009bc4       0x24 CMakeFiles/gcctest.dir/Core/Src/freertos.c.obj
                0x08009bc4                Task_SPIFlash_attributes
 .rodata.Task_LED_attributes
                0x08009be8       0x24 CMakeFiles/gcctest.dir/Core/Src/freertos.c.obj
                0x08009be8                Task_LED_attributes
 .rodata.Task_OLED_attributes
                0x08009c0c       0x24 CMakeFiles/gcctest.dir/Core/Src/freertos.c.obj
                0x08009c0c                Task_OLED_attributes
 .rodata.Task_MPU_attributes
                0x08009c30       0x24 CMakeFiles/gcctest.dir/Core/Src/freertos.c.obj
                0x08009c30                Task_MPU_attributes
 .rodata.Task_Light_attributes
                0x08009c54       0x24 CMakeFiles/gcctest.dir/Core/Src/freertos.c.obj
                0x08009c54                Task_Light_attributes
 .rodata.Font6x8
                0x08009c78      0x228 CMakeFiles/gcctest.dir/Core/Src/oled.c.obj
                0x08009ea0                        . = ALIGN (0x4)

.ARM.extab      0x08009ea0        0x0
                0x08009ea0                        . = ALIGN (0x4)
 *(.ARM.extab* .gnu.linkonce.armextab.*)
                0x08009ea0                        . = ALIGN (0x4)

.ARM            0x08009ea0        0x8
                0x08009ea0                        . = ALIGN (0x4)
                0x08009ea0                        __exidx_start = .
 *(.ARM.exidx*)
 .ARM.exidx     0x08009ea0        0x8 /usr/lib/gcc/arm-none-eabi/14.2.1/../../../arm-none-eabi/lib/thumb/v7-m/nofp/libg_nano.a(libc_a-memcpy.o)
                0x08009ea8                        __exidx_end = .
                0x08009ea8                        . = ALIGN (0x4)

.preinit_array  0x08009ea8        0x0
                0x08009ea8                        . = ALIGN (0x4)
                0x08009ea8                        PROVIDE (__preinit_array_start = .)
 *(.preinit_array*)
                0x08009ea8                        PROVIDE (__preinit_array_end = .)
                0x08009ea8                        . = ALIGN (0x4)

.init_array     0x08009ea8        0x4
                0x08009ea8                        . = ALIGN (0x4)
                0x08009ea8                        PROVIDE (__init_array_start = .)
 *(SORT_BY_NAME(.init_array.*))
 *(.init_array*)
 .init_array    0x08009ea8        0x4 /usr/lib/gcc/arm-none-eabi/14.2.1/thumb/v7-m/nofp/crtbegin.o
                0x08009eac                        PROVIDE (__init_array_end = .)
                0x08009eac                        . = ALIGN (0x4)

.fini_array     0x08009eac        0x4
                0x08009eac                        . = ALIGN (0x4)
                0x08009eac                        PROVIDE (__fini_array_start = .)
 *(SORT_BY_NAME(.fini_array.*))
 *(.fini_array*)
 .fini_array    0x08009eac        0x4 /usr/lib/gcc/arm-none-eabi/14.2.1/thumb/v7-m/nofp/crtbegin.o
                0x08009eb0                        PROVIDE (__fini_array_end = .)
                0x08009eb0                        . = ALIGN (0x4)
                0x08009eb0                        _sidata = LOADADDR (.data)

.rel.dyn        0x08009eb0        0x0
 .rel.iplt      0x08009eb0        0x0 /usr/lib/gcc/arm-none-eabi/14.2.1/thumb/v7-m/nofp/crtbegin.o

.data           0x20000000       0x14 load address 0x08009eb0
                0x20000000                        . = ALIGN (0x4)
                0x20000000                        _sdata = .
 *(.data)
 *(.data*)
 .data.SystemCoreClock
                0x20000000        0x4 cmake/stm32cubemx/CMakeFiles/STM32_Drivers.dir/__/__/Core/Src/system_stm32f1xx.c.obj
                0x20000000                SystemCoreClock
 .data.uwTickFreq
                0x20000004        0x1 cmake/stm32cubemx/CMakeFiles/STM32_Drivers.dir/__/__/Drivers/STM32F1xx_HAL_Driver/Src/stm32f1xx_hal.c.obj
                0x20000004                uwTickFreq
 *fill*         0x20000005        0x3 
 .data.uwTickPrio
                0x20000008        0x4 cmake/stm32cubemx/CMakeFiles/STM32_Drivers.dir/__/__/Drivers/STM32F1xx_HAL_Driver/Src/stm32f1xx_hal.c.obj
                0x20000008                uwTickPrio
 .data.uxCriticalNesting
                0x2000000c        0x4 cmake/stm32cubemx/CMakeFiles/FreeRTOS.dir/__/__/Middlewares/Third_Party/FreeRTOS/Source/portable/GCC/ARM_CM3/port.c.obj
 .data.ack      0x20000010        0x1 CMakeFiles/gcctest.dir/Core/Src/ota.c.obj
 *(.RamFunc)
 *(.RamFunc*)
                0x20000014                        . = ALIGN (0x4)
 *fill*         0x20000011        0x3 

.tm_clone_table
                0x20000014        0x0 load address 0x08009ec4
 .tm_clone_table
                0x20000014        0x0 /usr/lib/gcc/arm-none-eabi/14.2.1/thumb/v7-m/nofp/crtbegin.o
 .tm_clone_table
                0x20000014        0x0 /usr/lib/gcc/arm-none-eabi/14.2.1/thumb/v7-m/nofp/crtend.o

.igot.plt       0x20000014        0x0 load address 0x08009ec4
 .igot.plt      0x20000014        0x0 /usr/lib/gcc/arm-none-eabi/14.2.1/thumb/v7-m/nofp/crtbegin.o

.tdata          0x20000014        0x0 load address 0x08009ec4
 *(.tdata .tdata.* .gnu.linkonce.td.*)
                0x20000014                        . = ALIGN (0x4)
                0x20000014                        _edata = .
                [!provide]                        PROVIDE (__data_end = .)
                [!provide]                        PROVIDE (__tdata_end = .)
                [!provide]                        PROVIDE (__tdata_start = ADDR (.tdata))
                [!provide]                        PROVIDE (__tdata_size = (__tdata_end - __tdata_start))
                [!provide]                        PROVIDE (__data_start = ADDR (.data))
                [!provide]                        PROVIDE (__data_size = (__data_end - __data_start))
                [!provide]                        PROVIDE (__tdata_source = LOADADDR (.tdata))
                [!provide]                        PROVIDE (__tdata_source_end = (LOADADDR (.tdata) + SIZEOF (.tdata)))
                [!provide]                        PROVIDE (__tdata_source_size = (__tdata_source_end - __tdata_source))
                [!provide]                        PROVIDE (__data_source = LOADADDR (.data))
                [!provide]                        PROVIDE (__data_source_end = __tdata_source_end)
                [!provide]                        PROVIDE (__data_source_size = (__data_source_end - __data_source))

.tbss           0x20000014        0x0 load address 0x08009ec4
                0x20000014                        _sbss = .
                0x20000014                        __bss_start__ = _sbss
 *(.tbss .tbss.*)
                0x20000014                        . = ALIGN (0x4)
                [!provide]                        PROVIDE (__tbss_end = .)
                [!provide]                        PROVIDE (__tbss_start = ADDR (.tbss))
                [!provide]                        PROVIDE (__tbss_size = (__tbss_end - __tbss_start))
                [!provide]                        PROVIDE (__tbss_offset = (ADDR (.tbss) - ADDR (.tdata)))
                [!provide]                        PROVIDE (__tls_base = __tdata_start)
                [!provide]                        PROVIDE (__tls_end = __tbss_end)
                [!provide]                        PROVIDE (__tls_size = (__tls_end - __tls_base))
                [!provide]                        PROVIDE (__tls_align = MAX (ALIGNOF (.tdata), ALIGNOF (.tbss)))
                [!provide]                        PROVIDE (__tls_size_align = (((__tls_size + __tls_align) - 0x1) & ~ ((__tls_align - 0x1))))
                [!provide]                        PROVIDE (__arm32_tls_tcb_offset = MAX (0x8, __tls_align))
                [!provide]                        PROVIDE (__arm64_tls_tcb_offset = MAX (0x10, __tls_align))

.bss            0x20000014     0x2b68 load address 0x08009ec4
 *(.bss)
 .bss           0x20000014       0x1c /usr/lib/gcc/arm-none-eabi/14.2.1/thumb/v7-m/nofp/crtbegin.o
 *(.bss*)
 .bss.uwTick    0x20000030        0x4 cmake/stm32cubemx/CMakeFiles/STM32_Drivers.dir/__/__/Drivers/STM32F1xx_HAL_Driver/Src/stm32f1xx_hal.c.obj
                0x20000030                uwTick
 .bss.xQueueRegistry
                0x20000034       0x40 cmake/stm32cubemx/CMakeFiles/FreeRTOS.dir/__/__/Middlewares/Third_Party/FreeRTOS/Source/queue.c.obj
                0x20000034                xQueueRegistry
 .bss.uxSchedulerSuspended
                0x20000074        0x4 cmake/stm32cubemx/CMakeFiles/FreeRTOS.dir/__/__/Middlewares/Third_Party/FreeRTOS/Source/tasks.c.obj
 .bss.xIdleTaskHandle
                0x20000078        0x4 cmake/stm32cubemx/CMakeFiles/FreeRTOS.dir/__/__/Middlewares/Third_Party/FreeRTOS/Source/tasks.c.obj
 .bss.xNextTaskUnblockTime
                0x2000007c        0x4 cmake/stm32cubemx/CMakeFiles/FreeRTOS.dir/__/__/Middlewares/Third_Party/FreeRTOS/Source/tasks.c.obj
 .bss.uxTaskNumber
                0x20000080        0x4 cmake/stm32cubemx/CMakeFiles/FreeRTOS.dir/__/__/Middlewares/Third_Party/FreeRTOS/Source/tasks.c.obj
 .bss.xNumOfOverflows
                0x20000084        0x4 cmake/stm32cubemx/CMakeFiles/FreeRTOS.dir/__/__/Middlewares/Third_Party/FreeRTOS/Source/tasks.c.obj
 .bss.xYieldPending
                0x20000088        0x4 cmake/stm32cubemx/CMakeFiles/FreeRTOS.dir/__/__/Middlewares/Third_Party/FreeRTOS/Source/tasks.c.obj
 .bss.xPendedTicks
                0x2000008c        0x4 cmake/stm32cubemx/CMakeFiles/FreeRTOS.dir/__/__/Middlewares/Third_Party/FreeRTOS/Source/tasks.c.obj
 .bss.xSchedulerRunning
                0x20000090        0x4 cmake/stm32cubemx/CMakeFiles/FreeRTOS.dir/__/__/Middlewares/Third_Party/FreeRTOS/Source/tasks.c.obj
 .bss.uxTopReadyPriority
                0x20000094        0x4 cmake/stm32cubemx/CMakeFiles/FreeRTOS.dir/__/__/Middlewares/Third_Party/FreeRTOS/Source/tasks.c.obj
 .bss.xTickCount
                0x20000098        0x4 cmake/stm32cubemx/CMakeFiles/FreeRTOS.dir/__/__/Middlewares/Third_Party/FreeRTOS/Source/tasks.c.obj
 .bss.uxCurrentNumberOfTasks
                0x2000009c        0x4 cmake/stm32cubemx/CMakeFiles/FreeRTOS.dir/__/__/Middlewares/Third_Party/FreeRTOS/Source/tasks.c.obj
 .bss.xSuspendedTaskList
                0x200000a0       0x14 cmake/stm32cubemx/CMakeFiles/FreeRTOS.dir/__/__/Middlewares/Third_Party/FreeRTOS/Source/tasks.c.obj
 .bss.uxDeletedTasksWaitingCleanUp
                0x200000b4        0x4 cmake/stm32cubemx/CMakeFiles/FreeRTOS.dir/__/__/Middlewares/Third_Party/FreeRTOS/Source/tasks.c.obj
 .bss.xTasksWaitingTermination
                0x200000b8       0x14 cmake/stm32cubemx/CMakeFiles/FreeRTOS.dir/__/__/Middlewares/Third_Party/FreeRTOS/Source/tasks.c.obj
 .bss.xPendingReadyList
                0x200000cc       0x14 cmake/stm32cubemx/CMakeFiles/FreeRTOS.dir/__/__/Middlewares/Third_Party/FreeRTOS/Source/tasks.c.obj
 .bss.pxOverflowDelayedTaskList
                0x200000e0        0x4 cmake/stm32cubemx/CMakeFiles/FreeRTOS.dir/__/__/Middlewares/Third_Party/FreeRTOS/Source/tasks.c.obj
 .bss.pxDelayedTaskList
                0x200000e4        0x4 cmake/stm32cubemx/CMakeFiles/FreeRTOS.dir/__/__/Middlewares/Third_Party/FreeRTOS/Source/tasks.c.obj
 .bss.xDelayedTaskList2
                0x200000e8       0x14 cmake/stm32cubemx/CMakeFiles/FreeRTOS.dir/__/__/Middlewares/Third_Party/FreeRTOS/Source/tasks.c.obj
 .bss.xDelayedTaskList1
                0x200000fc       0x14 cmake/stm32cubemx/CMakeFiles/FreeRTOS.dir/__/__/Middlewares/Third_Party/FreeRTOS/Source/tasks.c.obj
 .bss.pxReadyTasksLists
                0x20000110      0x460 cmake/stm32cubemx/CMakeFiles/FreeRTOS.dir/__/__/Middlewares/Third_Party/FreeRTOS/Source/tasks.c.obj
 .bss.pxCurrentTCB
                0x20000570        0x4 cmake/stm32cubemx/CMakeFiles/FreeRTOS.dir/__/__/Middlewares/Third_Party/FreeRTOS/Source/tasks.c.obj
                0x20000570                pxCurrentTCB
 .bss.xStaticTimerQueue.0
                0x20000574       0x50 cmake/stm32cubemx/CMakeFiles/FreeRTOS.dir/__/__/Middlewares/Third_Party/FreeRTOS/Source/timers.c.obj
 .bss.ucStaticTimerQueueStorage.1
                0x200005c4       0xa0 cmake/stm32cubemx/CMakeFiles/FreeRTOS.dir/__/__/Middlewares/Third_Party/FreeRTOS/Source/timers.c.obj
 .bss.xLastTime.2
                0x20000664        0x4 cmake/stm32cubemx/CMakeFiles/FreeRTOS.dir/__/__/Middlewares/Third_Party/FreeRTOS/Source/timers.c.obj
 .bss.xTimerTaskHandle
                0x20000668        0x4 cmake/stm32cubemx/CMakeFiles/FreeRTOS.dir/__/__/Middlewares/Third_Party/FreeRTOS/Source/timers.c.obj
 .bss.xTimerQueue
                0x2000066c        0x4 cmake/stm32cubemx/CMakeFiles/FreeRTOS.dir/__/__/Middlewares/Third_Party/FreeRTOS/Source/timers.c.obj
 .bss.pxOverflowTimerList
                0x20000670        0x4 cmake/stm32cubemx/CMakeFiles/FreeRTOS.dir/__/__/Middlewares/Third_Party/FreeRTOS/Source/timers.c.obj
 .bss.pxCurrentTimerList
                0x20000674        0x4 cmake/stm32cubemx/CMakeFiles/FreeRTOS.dir/__/__/Middlewares/Third_Party/FreeRTOS/Source/timers.c.obj
 .bss.xActiveTimerList2
                0x20000678       0x14 cmake/stm32cubemx/CMakeFiles/FreeRTOS.dir/__/__/Middlewares/Third_Party/FreeRTOS/Source/timers.c.obj
 .bss.xActiveTimerList1
                0x2000068c       0x14 cmake/stm32cubemx/CMakeFiles/FreeRTOS.dir/__/__/Middlewares/Third_Party/FreeRTOS/Source/timers.c.obj
 .bss.Timer_Stack.0
                0x200006a0      0x400 cmake/stm32cubemx/CMakeFiles/FreeRTOS.dir/__/__/Middlewares/Third_Party/FreeRTOS/Source/CMSIS_RTOS_V2/cmsis_os2.c.obj
 .bss.Timer_TCB.1
                0x20000aa0       0x5c cmake/stm32cubemx/CMakeFiles/FreeRTOS.dir/__/__/Middlewares/Third_Party/FreeRTOS/Source/CMSIS_RTOS_V2/cmsis_os2.c.obj
 .bss.Idle_Stack.2
                0x20000afc      0x200 cmake/stm32cubemx/CMakeFiles/FreeRTOS.dir/__/__/Middlewares/Third_Party/FreeRTOS/Source/CMSIS_RTOS_V2/cmsis_os2.c.obj
 .bss.Idle_TCB.3
                0x20000cfc       0x5c cmake/stm32cubemx/CMakeFiles/FreeRTOS.dir/__/__/Middlewares/Third_Party/FreeRTOS/Source/CMSIS_RTOS_V2/cmsis_os2.c.obj
 .bss.KernelState
                0x20000d58        0x4 cmake/stm32cubemx/CMakeFiles/FreeRTOS.dir/__/__/Middlewares/Third_Party/FreeRTOS/Source/CMSIS_RTOS_V2/cmsis_os2.c.obj
 .bss.xBlockAllocatedBit
                0x20000d5c        0x4 cmake/stm32cubemx/CMakeFiles/FreeRTOS.dir/__/__/Middlewares/Third_Party/FreeRTOS/Source/portable/MemMang/heap_4.c.obj
 .bss.xNumberOfSuccessfulFrees
                0x20000d60        0x4 cmake/stm32cubemx/CMakeFiles/FreeRTOS.dir/__/__/Middlewares/Third_Party/FreeRTOS/Source/portable/MemMang/heap_4.c.obj
 .bss.xNumberOfSuccessfulAllocations
                0x20000d64        0x4 cmake/stm32cubemx/CMakeFiles/FreeRTOS.dir/__/__/Middlewares/Third_Party/FreeRTOS/Source/portable/MemMang/heap_4.c.obj
 .bss.xMinimumEverFreeBytesRemaining
                0x20000d68        0x4 cmake/stm32cubemx/CMakeFiles/FreeRTOS.dir/__/__/Middlewares/Third_Party/FreeRTOS/Source/portable/MemMang/heap_4.c.obj
 .bss.xFreeBytesRemaining
                0x20000d6c        0x4 cmake/stm32cubemx/CMakeFiles/FreeRTOS.dir/__/__/Middlewares/Third_Party/FreeRTOS/Source/portable/MemMang/heap_4.c.obj
 .bss.pxEnd     0x20000d70        0x4 cmake/stm32cubemx/CMakeFiles/FreeRTOS.dir/__/__/Middlewares/Third_Party/FreeRTOS/Source/portable/MemMang/heap_4.c.obj
 .bss.xStart    0x20000d74        0x8 cmake/stm32cubemx/CMakeFiles/FreeRTOS.dir/__/__/Middlewares/Third_Party/FreeRTOS/Source/portable/MemMang/heap_4.c.obj
 .bss.ucHeap    0x20000d7c     0x1800 cmake/stm32cubemx/CMakeFiles/FreeRTOS.dir/__/__/Middlewares/Third_Party/FreeRTOS/Source/portable/MemMang/heap_4.c.obj
 .bss.ulMaxPRIGROUPValue
                0x2000257c        0x4 cmake/stm32cubemx/CMakeFiles/FreeRTOS.dir/__/__/Middlewares/Third_Party/FreeRTOS/Source/portable/GCC/ARM_CM3/port.c.obj
 .bss.ucMaxSysCallPriority
                0x20002580        0x1 cmake/stm32cubemx/CMakeFiles/FreeRTOS.dir/__/__/Middlewares/Third_Party/FreeRTOS/Source/portable/GCC/ARM_CM3/port.c.obj
 *fill*         0x20002581        0x3 
 .bss.last_oled_tick.0
                0x20002584        0x4 CMakeFiles/gcctest.dir/Core/Src/main.c.obj
 .bss.change.1  0x20002588        0x1 CMakeFiles/gcctest.dir/Core/Src/main.c.obj
 .bss.state_target.2
                0x20002589        0x1 CMakeFiles/gcctest.dir/Core/Src/main.c.obj
 .bss.first_flag.3
                0x2000258a        0x1 CMakeFiles/gcctest.dir/Core/Src/main.c.obj
 *fill*         0x2000258b        0x1 
 .bss.seconds_today
                0x2000258c        0x4 CMakeFiles/gcctest.dir/Core/Src/main.c.obj
                0x2000258c                seconds_today
 .bss.today_glare_sec
                0x20002590        0x4 CMakeFiles/gcctest.dir/Core/Src/main.c.obj
                0x20002590                today_glare_sec
 .bss.today_ideal_sec
                0x20002594        0x4 CMakeFiles/gcctest.dir/Core/Src/main.c.obj
                0x20002594                today_ideal_sec
 .bss.today_dim_sec
                0x20002598        0x4 CMakeFiles/gcctest.dir/Core/Src/main.c.obj
                0x20002598                today_dim_sec
 .bss.today_dark_sec
                0x2000259c        0x4 CMakeFiles/gcctest.dir/Core/Src/main.c.obj
                0x2000259c                today_dark_sec
 .bss.state_now
                0x200025a0        0x1 CMakeFiles/gcctest.dir/Core/Src/main.c.obj
                0x200025a0                state_now
 *fill*         0x200025a1        0x3 
 .bss.adc_buf   0x200025a4       0x14 CMakeFiles/gcctest.dir/Core/Src/main.c.obj
                0x200025a4                adc_buf
 .bss.uart_rx_buf
                0x200025b8       0x32 CMakeFiles/gcctest.dir/Core/Src/main.c.obj
                0x200025b8                uart_rx_buf
 *fill*         0x200025ea        0x2 
 .bss.sem_uart_rxHandle
                0x200025ec        0x4 CMakeFiles/gcctest.dir/Core/Src/freertos.c.obj
                0x200025ec                sem_uart_rxHandle
 .bss.sem_adc_readyHandle
                0x200025f0        0x4 CMakeFiles/gcctest.dir/Core/Src/freertos.c.obj
                0x200025f0                sem_adc_readyHandle
 .bss.queue_flashHandle
                0x200025f4        0x4 CMakeFiles/gcctest.dir/Core/Src/freertos.c.obj
                0x200025f4                queue_flashHandle
 .bss.queue_mpuHandle
                0x200025f8        0x4 CMakeFiles/gcctest.dir/Core/Src/freertos.c.obj
                0x200025f8                queue_mpuHandle
 .bss.queue_lightHandle
                0x200025fc        0x4 CMakeFiles/gcctest.dir/Core/Src/freertos.c.obj
                0x200025fc                queue_lightHandle
 .bss.Task_UARTHandle
                0x20002600        0x4 CMakeFiles/gcctest.dir/Core/Src/freertos.c.obj
                0x20002600                Task_UARTHandle
 .bss.Task_SPIFlashHandle
                0x20002604        0x4 CMakeFiles/gcctest.dir/Core/Src/freertos.c.obj
                0x20002604                Task_SPIFlashHandle
 .bss.Task_LEDHandle
                0x20002608        0x4 CMakeFiles/gcctest.dir/Core/Src/freertos.c.obj
                0x20002608                Task_LEDHandle
 .bss.Task_OLEDHandle
                0x2000260c        0x4 CMakeFiles/gcctest.dir/Core/Src/freertos.c.obj
                0x2000260c                Task_OLEDHandle
 .bss.Task_MPUHandle
                0x20002610        0x4 CMakeFiles/gcctest.dir/Core/Src/freertos.c.obj
                0x20002610                Task_MPUHandle
 .bss.Task_LightHandle
                0x20002614        0x4 CMakeFiles/gcctest.dir/Core/Src/freertos.c.obj
                0x20002614                Task_LightHandle
 .bss.hdma_adc1
                0x20002618       0x44 CMakeFiles/gcctest.dir/Core/Src/adc.c.obj
                0x20002618                hdma_adc1
 .bss.hadc1     0x2000265c       0x30 CMakeFiles/gcctest.dir/Core/Src/adc.c.obj
                0x2000265c                hadc1
 .bss.hdma_i2c1_tx
                0x2000268c       0x44 CMakeFiles/gcctest.dir/Core/Src/i2c.c.obj
                0x2000268c                hdma_i2c1_tx
 .bss.hi2c1     0x200026d0       0x54 CMakeFiles/gcctest.dir/Core/Src/i2c.c.obj
                0x200026d0                hi2c1
 .bss.hdma_spi2_tx
                0x20002724       0x44 CMakeFiles/gcctest.dir/Core/Src/spi.c.obj
                0x20002724                hdma_spi2_tx
 .bss.hdma_spi2_rx
                0x20002768       0x44 CMakeFiles/gcctest.dir/Core/Src/spi.c.obj
                0x20002768                hdma_spi2_rx
 .bss.hspi2     0x200027ac       0x58 CMakeFiles/gcctest.dir/Core/Src/spi.c.obj
                0x200027ac                hspi2
 .bss.htim3     0x20002804       0x48 CMakeFiles/gcctest.dir/Core/Src/tim.c.obj
                0x20002804                htim3
 .bss.htim2     0x2000284c       0x48 CMakeFiles/gcctest.dir/Core/Src/tim.c.obj
                0x2000284c                htim2
 .bss.huart1    0x20002894       0x48 CMakeFiles/gcctest.dir/Core/Src/usart.c.obj
                0x20002894                huart1
 .bss.htim4     0x200028dc       0x48 CMakeFiles/gcctest.dir/Core/Src/stm32f1xx_hal_timebase_tim.c.obj
                0x200028dc                htim4
 .bss.crc_hi.0  0x20002924        0x1 CMakeFiles/gcctest.dir/Core/Src/ota.c.obj
 .bss.crc_byte_idx.1
                0x20002925        0x1 CMakeFiles/gcctest.dir/Core/Src/ota.c.obj
 *fill*         0x20002926        0x2 
 .bss.ota_bytes_written
                0x20002928        0x4 CMakeFiles/gcctest.dir/Core/Src/ota.c.obj
 .bss.ota_fw_crc32
                0x2000292c        0x4 CMakeFiles/gcctest.dir/Core/Src/ota.c.obj
 .bss.ota_fw_size
                0x20002930        0x4 CMakeFiles/gcctest.dir/Core/Src/ota.c.obj
 .bss.pkt_buf   0x20002934       0x40 CMakeFiles/gcctest.dir/Core/Src/ota.c.obj
 .bss.pkt_idx   0x20002974        0x1 CMakeFiles/gcctest.dir/Core/Src/ota.c.obj
 .bss.pkt_len   0x20002975        0x1 CMakeFiles/gcctest.dir/Core/Src/ota.c.obj
 .bss.pkt_cmd   0x20002976        0x1 CMakeFiles/gcctest.dir/Core/Src/ota.c.obj
 .bss.pkt_state
                0x20002977        0x1 CMakeFiles/gcctest.dir/Core/Src/ota.c.obj
 .bss.ring_buf  0x20002978      0x204 CMakeFiles/gcctest.dir/Core/Src/ota.c.obj
 *(COMMON)
                0x20002b7c                        . = ALIGN (0x4)
                0x20002b7c                        _ebss = .
                0x20002b7c                        __bss_end__ = _ebss
                [!provide]                        PROVIDE (__bss_end = .)
                [!provide]                        PROVIDE (__non_tls_bss_start = ADDR (.bss))
                [!provide]                        PROVIDE (__bss_start = __tbss_start)
                [!provide]                        PROVIDE (__bss_size = (__bss_end - __bss_start))

._user_heap_stack
                0x20002b7c      0x604 load address 0x08009ec4
                0x20002b80                        . = ALIGN (0x8)
 *fill*         0x20002b7c        0x4 
                [!provide]                        PROVIDE (end = .)
                0x20002b80                        PROVIDE (_end = .)
                0x20002d80                        . = (. + _Min_Heap_Size)
 *fill*         0x20002b80      0x200 
                0x20003180                        . = (. + _Min_Stack_Size)
 *fill*         0x20002d80      0x400 
                0x20003180                        . = ALIGN (0x8)

/DISCARD/
 libc.a:*(*)
 libm.a:*(*)
 libgcc.a:*(*)
OUTPUT(gcctest.elf elf32-littlearm)
LOAD linker stubs

.ARM.attributes
                0x00000000       0x29
 .ARM.attributes
                0x00000000       0x1d /usr/lib/gcc/arm-none-eabi/14.2.1/thumb/v7-m/nofp/crti.o
 .ARM.attributes
                0x0000001d       0x2d /usr/lib/gcc/arm-none-eabi/14.2.1/thumb/v7-m/nofp/crtbegin.o
 .ARM.attributes
                0x0000004a       0x2d cmake/stm32cubemx/CMakeFiles/STM32_Drivers.dir/__/__/Core/Src/system_stm32f1xx.c.obj
 .ARM.attributes
                0x00000077       0x2d cmake/stm32cubemx/CMakeFiles/STM32_Drivers.dir/__/__/Drivers/STM32F1xx_HAL_Driver/Src/stm32f1xx_hal_tim.c.obj
 .ARM.attributes
                0x000000a4       0x2d cmake/stm32cubemx/CMakeFiles/STM32_Drivers.dir/__/__/Drivers/STM32F1xx_HAL_Driver/Src/stm32f1xx_hal_tim_ex.c.obj
 .ARM.attributes
                0x000000d1       0x2d cmake/stm32cubemx/CMakeFiles/STM32_Drivers.dir/__/__/Drivers/STM32F1xx_HAL_Driver/Src/stm32f1xx_hal_adc.c.obj
 .ARM.attributes
                0x000000fe       0x2d cmake/stm32cubemx/CMakeFiles/STM32_Drivers.dir/__/__/Drivers/STM32F1xx_HAL_Driver/Src/stm32f1xx_hal.c.obj
 .ARM.attributes
                0x0000012b       0x2d cmake/stm32cubemx/CMakeFiles/STM32_Drivers.dir/__/__/Drivers/STM32F1xx_HAL_Driver/Src/stm32f1xx_hal_rcc.c.obj
 .ARM.attributes
                0x00000158       0x2d cmake/stm32cubemx/CMakeFiles/STM32_Drivers.dir/__/__/Drivers/STM32F1xx_HAL_Driver/Src/stm32f1xx_hal_rcc_ex.c.obj
 .ARM.attributes
                0x00000185       0x2d cmake/stm32cubemx/CMakeFiles/STM32_Drivers.dir/__/__/Drivers/STM32F1xx_HAL_Driver/Src/stm32f1xx_hal_gpio.c.obj
 .ARM.attributes
                0x000001b2       0x2d cmake/stm32cubemx/CMakeFiles/STM32_Drivers.dir/__/__/Drivers/STM32F1xx_HAL_Driver/Src/stm32f1xx_hal_dma.c.obj
 .ARM.attributes
                0x000001df       0x2d cmake/stm32cubemx/CMakeFiles/STM32_Drivers.dir/__/__/Drivers/STM32F1xx_HAL_Driver/Src/stm32f1xx_hal_cortex.c.obj
 .ARM.attributes
                0x0000020c       0x2d cmake/stm32cubemx/CMakeFiles/STM32_Drivers.dir/__/__/Drivers/STM32F1xx_HAL_Driver/Src/stm32f1xx_hal_i2c.c.obj
 .ARM.attributes
                0x00000239       0x2d cmake/stm32cubemx/CMakeFiles/STM32_Drivers.dir/__/__/Drivers/STM32F1xx_HAL_Driver/Src/stm32f1xx_hal_spi.c.obj
 .ARM.attributes
                0x00000266       0x2d cmake/stm32cubemx/CMakeFiles/STM32_Drivers.dir/__/__/Drivers/STM32F1xx_HAL_Driver/Src/stm32f1xx_hal_uart.c.obj
 .ARM.attributes
                0x00000293       0x2d cmake/stm32cubemx/CMakeFiles/FreeRTOS.dir/__/__/Middlewares/Third_Party/FreeRTOS/Source/list.c.obj
 .ARM.attributes
                0x000002c0       0x2d cmake/stm32cubemx/CMakeFiles/FreeRTOS.dir/__/__/Middlewares/Third_Party/FreeRTOS/Source/queue.c.obj
 .ARM.attributes
                0x000002ed       0x2d cmake/stm32cubemx/CMakeFiles/FreeRTOS.dir/__/__/Middlewares/Third_Party/FreeRTOS/Source/tasks.c.obj
 .ARM.attributes
                0x0000031a       0x2d cmake/stm32cubemx/CMakeFiles/FreeRTOS.dir/__/__/Middlewares/Third_Party/FreeRTOS/Source/timers.c.obj
 .ARM.attributes
                0x00000347       0x2d cmake/stm32cubemx/CMakeFiles/FreeRTOS.dir/__/__/Middlewares/Third_Party/FreeRTOS/Source/CMSIS_RTOS_V2/cmsis_os2.c.obj
 .ARM.attributes
                0x00000374       0x2d cmake/stm32cubemx/CMakeFiles/FreeRTOS.dir/__/__/Middlewares/Third_Party/FreeRTOS/Source/portable/MemMang/heap_4.c.obj
 .ARM.attributes
                0x000003a1       0x2d cmake/stm32cubemx/CMakeFiles/FreeRTOS.dir/__/__/Middlewares/Third_Party/FreeRTOS/Source/portable/GCC/ARM_CM3/port.c.obj
 .ARM.attributes
                0x000003ce       0x2d CMakeFiles/gcctest.dir/Core/Src/main.c.obj
 .ARM.attributes
                0x000003fb       0x2d CMakeFiles/gcctest.dir/Core/Src/gpio.c.obj
 .ARM.attributes
                0x00000428       0x2d CMakeFiles/gcctest.dir/Core/Src/freertos.c.obj
 .ARM.attributes
                0x00000455       0x2d CMakeFiles/gcctest.dir/Core/Src/adc.c.obj
 .ARM.attributes
                0x00000482       0x2d CMakeFiles/gcctest.dir/Core/Src/dma.c.obj
 .ARM.attributes
                0x000004af       0x2d CMakeFiles/gcctest.dir/Core/Src/i2c.c.obj
 .ARM.attributes
                0x000004dc       0x2d CMakeFiles/gcctest.dir/Core/Src/spi.c.obj
 .ARM.attributes
                0x00000509       0x2d CMakeFiles/gcctest.dir/Core/Src/tim.c.obj
 .ARM.attributes
                0x00000536       0x2d CMakeFiles/gcctest.dir/Core/Src/usart.c.obj
 .ARM.attributes
                0x00000563       0x2d CMakeFiles/gcctest.dir/Core/Src/stm32f1xx_it.c.obj
 .ARM.attributes
                0x00000590       0x2d CMakeFiles/gcctest.dir/Core/Src/stm32f1xx_hal_msp.c.obj
 .ARM.attributes
                0x000005bd       0x2d CMakeFiles/gcctest.dir/Core/Src/stm32f1xx_hal_timebase_tim.c.obj
 .ARM.attributes
                0x000005ea       0x21 CMakeFiles/gcctest.dir/startup_stm32f103xb.s.obj
 .ARM.attributes
                0x0000060b       0x2d CMakeFiles/gcctest.dir/Core/Src/oled.c.obj
 .ARM.attributes
                0x00000638       0x2d CMakeFiles/gcctest.dir/Core/Src/MPU6050.c.obj
 .ARM.attributes
                0x00000665       0x2d CMakeFiles/gcctest.dir/Core/Src/w25d64.c.obj
 .ARM.attributes
                0x00000692       0x2d CMakeFiles/gcctest.dir/Core/Src/ota.c.obj
 .ARM.attributes
                0x000006bf       0x1d /usr/lib/gcc/arm-none-eabi/14.2.1/thumb/v7-m/nofp/libgcc.a(_arm_addsubsf3.o)
 .ARM.attributes
                0x000006dc       0x1d /usr/lib/gcc/arm-none-eabi/14.2.1/thumb/v7-m/nofp/libgcc.a(_arm_muldivsf3.o)
 .ARM.attributes
                0x000006f9       0x1d /usr/lib/gcc/arm-none-eabi/14.2.1/thumb/v7-m/nofp/libgcc.a(_arm_cmpsf2.o)
 .ARM.attributes
                0x00000716       0x1d /usr/lib/gcc/arm-none-eabi/14.2.1/thumb/v7-m/nofp/libgcc.a(_arm_fixsfsi.o)
 .ARM.attributes
                0x00000733       0x1b /usr/lib/gcc/arm-none-eabi/14.2.1/../../../arm-none-eabi/lib/thumb/v7-m/nofp/libg_nano.a(libc_a-memcpy.o)
 .ARM.attributes
                0x0000074e       0x2d /usr/lib/gcc/arm-none-eabi/14.2.1/../../../arm-none-eabi/lib/thumb/v7-m/nofp/libg_nano.a(libc_a-strcat.o)
 .ARM.attributes