Archive member included to satisfy reference by file (symbol)

/usr/lib/gcc/arm-none-eabi/14.2.1/thumb/v7-m/nofp/libgcc.a(_arm_mulsf3.o)
                              CMakeFiles/gcctest.dir/Core/Src/main.c.obj (__aeabi_fmul)
/usr/lib/gcc/arm-none-eabi/14.2.1/thumb/v7-m/nofp/libgcc.a(_arm_addsubsf3.o)
                              CMakeFiles/gcctest.dir/Core/Src/main.c.obj (__aeabi_fsub)
/usr/lib/gcc/arm-none-eabi/14.2.1/thumb/v7-m/nofp/libgcc.a(_arm_muldivsf3.o)
                              CMakeFiles/gcctest.dir/Core/Src/MPU6050.c.obj (__aeabi_fdiv)
/usr/lib/gcc/arm-none-eabi/14.2.1/thumb/v7-m/nofp/libgcc.a(_arm_cmpsf2.o)
                              CMakeFiles/gcctest.dir/Core/Src/MPU6050.c.obj (__aeabi_fcmpeq)
/usr/lib/gcc/arm-none-eabi/14.2.1/thumb/v7-m/nofp/libgcc.a(_arm_fixsfsi.o)
                              CMakeFiles/gcctest.dir/Core/Src/main.c.obj (__aeabi_f2iz)
/usr/lib/gcc/arm-none-eabi/14.2.1/../../../arm-none-eabi/lib/thumb/v7-m/nofp/libg_nano.a(libc_a-fini.o)
                              /usr/lib/gcc/arm-none-eabi/14.2.1/../../../arm-none-eabi/lib/thumb/v7-m/nofp/crt0.o (__libc_fini_array)
/usr/lib/gcc/arm-none-eabi/14.2.1/../../../arm-none-eabi/lib/thumb/v7-m/nofp/libg_nano.a(libc_a-strcat.o)
                              CMakeFiles/gcctest.dir/Core/Src/main.c.obj (strcat)
/usr/lib/gcc/arm-none-eabi/14.2.1/../../../arm-none-eabi/lib/thumb/v7-m/nofp/libg_nano.a(libc_a-memset.o)
                              /usr/lib/gcc/arm-none-eabi/14.2.1/../../../arm-none-eabi/lib/thumb/v7-m/nofp/crt0.o (memset)
/usr/lib/gcc/arm-none-eabi/14.2.1/../../../arm-none-eabi/lib/thumb/v7-m/nofp/libg_nano.a(libc_a-strlen-stub.o)
                              CMakeFiles/gcctest.dir/Core/Src/main.c.obj (strlen)
/usr/lib/gcc/arm-none-eabi/14.2.1/../../../arm-none-eabi/lib/thumb/v7-m/nofp/libg_nano.a(libc_a-errno.o)
                              CMakeFiles/gcctest.dir/Core/Src/sysmem.c.obj (__errno)
/usr/lib/gcc/arm-none-eabi/14.2.1/../../../arm-none-eabi/lib/thumb/v7-m/nofp/libg_nano.a(libc_a-strcpy.o)
                              /usr/lib/gcc/arm-none-eabi/14.2.1/../../../arm-none-eabi/lib/thumb/v7-m/nofp/libg_nano.a(libc_a-strcat.o) (strcpy)
/usr/lib/gcc/arm-none-eabi/14.2.1/../../../arm-none-eabi/lib/thumb/v7-m/nofp/libg_nano.a(libc_a-exit.o)
                              /usr/lib/gcc/arm-none-eabi/14.2.1/../../../arm-none-eabi/lib/thumb/v7-m/nofp/crt0.o (exit)
/usr/lib/gcc/arm-none-eabi/14.2.1/../../../arm-none-eabi/lib/thumb/v7-m/nofp/libg_nano.a(libc_a-atexit.o)
                              /usr/lib/gcc/arm-none-eabi/14.2.1/../../../arm-none-eabi/lib/thumb/v7-m/nofp/crt0.o (atexit)
/usr/lib/gcc/arm-none-eabi/14.2.1/../../../arm-none-eabi/lib/thumb/v7-m/nofp/libg_nano.a(libc_a-init.o)
                              /usr/lib/gcc/arm-none-eabi/14.2.1/../../../arm-none-eabi/lib/thumb/v7-m/nofp/crt0.o (__libc_init_array)
/usr/lib/gcc/arm-none-eabi/14.2.1/../../../arm-none-eabi/lib/thumb/v7-m/nofp/libg_nano.a(libc_a-impure.o)
                              /usr/lib/gcc/arm-none-eabi/14.2.1/../../../arm-none-eabi/lib/thumb/v7-m/nofp/libg_nano.a(libc_a-errno.o) (_impure_ptr)
/usr/lib/gcc/arm-none-eabi/14.2.1/../../../arm-none-eabi/lib/thumb/v7-m/nofp/libg_nano.a(libc_a-findfp.o)
                              /usr/lib/gcc/arm-none-eabi/14.2.1/../../../arm-none-eabi/lib/thumb/v7-m/nofp/libg_nano.a(libc_a-exit.o) (__stdio_exit_handler)
/usr/lib/gcc/arm-none-eabi/14.2.1/../../../arm-none-eabi/lib/thumb/v7-m/nofp/libg_nano.a(libc_a-fflush.o)
                              /usr/lib/gcc/arm-none-eabi/14.2.1/../../../arm-none-eabi/lib/thumb/v7-m/nofp/libg_nano.a(libc_a-findfp.o) (_fflush_r)
/usr/lib/gcc/arm-none-eabi/14.2.1/../../../arm-none-eabi/lib/thumb/v7-m/nofp/libg_nano.a(libc_a-fwalk.o)
                              /usr/lib/gcc/arm-none-eabi/14.2.1/../../../arm-none-eabi/lib/thumb/v7-m/nofp/libg_nano.a(libc_a-findfp.o) (_fwalk_sglue)
/usr/lib/gcc/arm-none-eabi/14.2.1/../../../arm-none-eabi/lib/thumb/v7-m/nofp/libg_nano.a(libc_a-stdio.o)
                              /usr/lib/gcc/arm-none-eabi/14.2.1/../../../arm-none-eabi/lib/thumb/v7-m/nofp/libg_nano.a(libc_a-findfp.o) (__sread)
/usr/lib/gcc/arm-none-eabi/14.2.1/../../../arm-none-eabi/lib/thumb/v7-m/nofp/libg_nano.a(libc_a-mallocr.o)
                              /usr/lib/gcc/arm-none-eabi/14.2.1/../../../arm-none-eabi/lib/thumb/v7-m/nofp/libg_nano.a(libc_a-findfp.o) (_malloc_r)
/usr/lib/gcc/arm-none-eabi/14.2.1/../../../arm-none-eabi/lib/thumb/v7-m/nofp/libg_nano.a(libc_a-readr.o)
                              /usr/lib/gcc/arm-none-eabi/14.2.1/../../../arm-none-eabi/lib/thumb/v7-m/nofp/libg_nano.a(libc_a-stdio.o) (_read_r)
/usr/lib/gcc/arm-none-eabi/14.2.1/../../../arm-none-eabi/lib/thumb/v7-m/nofp/libg_nano.a(libc_a-freer.o)
                              /usr/lib/gcc/arm-none-eabi/14.2.1/../../../arm-none-eabi/lib/thumb/v7-m/nofp/libg_nano.a(libc_a-fflush.o) (_free_r)
[...]
Memory Configuration

Name             Origin             Length             Attributes
RAM              0x20000000         0x00005000         xrw
FLASH            0x08000000         0x00010000         xr
*default*        0x00000000         0xffffffff

Linker script and memory map

LOAD /usr/lib/gcc/arm-none-eabi/14.2.1/thumb/v7-m/nofp/crti.o
LOAD /usr/lib/gcc/arm-none-eabi/14.2.1/thumb/v7-m/nofp/crtbegin.o
LOAD /usr/lib/gcc/arm-none-eabi/14.2.1/../../../arm-none-eabi/lib/thumb/v7-m/nofp/crt0.o
LOAD cmake/stm32cubemx/CMakeFiles/STM32_Drivers.dir/__/__/Core/Src/system_stm32f1xx.c.obj
LOAD cmake/stm32cubemx/CMakeFiles/STM32_Drivers.dir/__/__/Drivers/STM32F1xx_HAL_Driver/Src/stm32f1xx_hal_gpio_ex.c.obj
LOAD cmake/stm32cubemx/CMakeFiles/STM32_Drivers.dir/__/__/Drivers/STM32F1xx_HAL_Driver/Src/stm32f1xx_hal_adc.c.obj
LOAD cmake/stm32cubemx/CMakeFiles/STM32_Drivers.dir/__/__/Drivers/STM32F1xx_HAL_Driver/Src/stm32f1xx_hal_adc_ex.c.obj
LOAD cmake/stm32cubemx/CMakeFiles/STM32_Drivers.dir/__/__/Drivers/STM32F1xx_HAL_Driver/Src/stm32f1xx_hal.c.obj
LOAD cmake/stm32cubemx/CMakeFiles/STM32_Drivers.dir/__/__/Drivers/STM32F1xx_HAL_Driver/Src/stm32f1xx_hal_rcc.c.obj
LOAD cmake/stm32cubemx/CMakeFiles/STM32_Drivers.dir/__/__/Drivers/STM32F1xx_HAL_Driver/Src/stm32f1xx_hal_rcc_ex.c.obj
LOAD cmake/stm32cubemx/CMakeFiles/STM32_Drivers.dir/__/__/Drivers/STM32F1xx_HAL_Driver/Src/stm32f1xx_hal_gpio.c.obj
LOAD cmake/stm32cubemx/CMakeFiles/STM32_Drivers.dir/__/__/Drivers/STM32F1xx_HAL_Driver/Src/stm32f1xx_hal_dma.c.obj
LOAD cmake/stm32cubemx/CMakeFiles/STM32_Drivers.dir/__/__/Drivers/STM32F1xx_HAL_Driver/Src/stm32f1xx_hal_cortex.c.obj
LOAD cmake/stm32cubemx/CMakeFiles/STM32_Drivers.dir/__/__/Drivers/STM32F1xx_HAL_Driver/Src/stm32f1xx_hal_pwr.c.obj
LOAD cmake/stm32cubemx/CMakeFiles/STM32_Drivers.dir/__/__/Drivers/STM32F1xx_HAL_Driver/Src/stm32f1xx_hal_flash.c.obj
LOAD cmake/stm32cubemx/CMakeFiles/STM32_Drivers.dir/__/__/Drivers/STM32F1xx_HAL_Driver/Src/stm32f1xx_hal_flash_ex.c.obj
LOAD cmake/stm32cubemx/CMakeFiles/STM32_Drivers.dir/__/__/Drivers/STM32F1xx_HAL_Driver/Src/stm32f1xx_hal_exti.c.obj
LOAD cmake/stm32cubemx/CMakeFiles/STM32_Drivers.dir/__/__/Drivers/STM32F1xx_HAL_Driver/Src/stm32f1xx_hal_i2c.c.obj
LOAD cmake/stm32cubemx/CMakeFiles/STM32_Drivers.dir/__/__/Drivers/STM32F1xx_HAL_Driver/Src/stm32f1xx_hal_spi.c.obj
LOAD cmake/stm32cubemx/CMakeFiles/STM32_Drivers.dir/__/__/Drivers/STM32F1xx_HAL_Driver/Src/stm32f1xx_hal_tim.c.obj
LOAD cmake/stm32cubemx/CMakeFiles/STM32_Drivers.dir/__/__/Drivers/STM32F1xx_HAL_Driver/Src/stm32f1xx_hal_tim_ex.c.obj
LOAD cmake/stm32cubemx/CMakeFiles/STM32_Drivers.dir/__/__/Drivers/STM32F1xx_HAL_Driver/Src/stm32f1xx_hal_uart.c.obj
LOAD CMakeFiles/gcctest.dir/Core/Src/main.c.obj
LOAD CMakeFiles/gcctest.dir/Core/Src/gpio.c.obj
LOAD CMakeFiles/gcctest.dir/Core/Src/adc.c.obj
LOAD CMakeFiles/gcctest.dir/Core/Src/dma.c.obj
LOAD CMakeFiles/gcctest.dir/Core/Src/i2c.c.obj
LOAD CMakeFiles/gcctest.dir/Core/Src/spi.c.obj
LOAD CMakeFiles/gcctest.dir/Core/Src/tim.c.obj
LOAD CMakeFiles/gcctest.dir/Core/Src/usart.c.obj
LOAD CMakeFiles/gcctest.dir/Core/Src/stm32f1xx_it.c.obj
LOAD CMakeFiles/gcctest.dir/Core/Src/stm32f1xx_hal_msp.c.obj
LOAD CMakeFiles/gcctest.dir/Core/Src/sysmem.c.obj
LOAD CMakeFiles/gcctest.dir/Core/Src/syscalls.c.obj
LOAD CMakeFiles/gcctest.dir/startup_stm32f103xb.s.obj
LOAD CMakeFiles/gcctest.dir/Core/Src/oled.c.obj
LOAD CMakeFiles/gcctest.dir/Core/Src/MPU6050.c.obj
LOAD /usr/lib/gcc/arm-none-eabi/14.2.1/../../../arm-none-eabi/lib/thumb/v7-m/nofp/libm.a
START GROUP
LOAD /usr/lib/gcc/arm-none-eabi/14.2.1/thumb/v7-m/nofp/libgcc.a
LOAD /usr/lib/gcc/arm-none-eabi/14.2.1/../../../arm-none-eabi/lib/thumb/v7-m/nofp/libg_nano.a
LOAD /usr/lib/gcc/arm-none-eabi/14.2.1/../../../arm-none-eabi/lib/thumb/v7-m/nofp/libc_nano.a
END GROUP
START GROUP
LOAD /usr/lib/gcc/arm-none-eabi/14.2.1/thumb/v7-m/nofp/libgcc.a
LOAD /usr/lib/gcc/arm-none-eabi/14.2.1/../../../arm-none-eabi/lib/thumb/v7-m/nofp/libc_nano.a
END GROUP
LOAD /usr/lib/gcc/arm-none-eabi/14.2.1/thumb/v7-m/nofp/crtend.o
LOAD /usr/lib/gcc/arm-none-eabi/14.2.1/thumb/v7-m/nofp/crtn.o
                0x20005000                        _estack = (ORIGIN (RAM) + LENGTH (RAM))
                0x20004c00                        _sstack = (_estack - _Min_Stack_Size)
                0x00000200                        _Min_Heap_Size = 0x200
                0x00000400                        _Min_Stack_Size = 0x400

.isr_vector     0x08000000      0x10c
                0x08000000                        . = ALIGN (0x4)
 *(.isr_vector)
 .isr_vector    0x08000000      0x10c CMakeFiles/gcctest.dir/startup_stm32f103xb.s.obj
                0x08000000                g_pfnVectors
                0x0800010c                        . = ALIGN (0x4)

.text           0x0800010c     0x4344
                0x0800010c                        . = ALIGN (0x4)
 *(.text)
 .text          0x0800010c       0x88 /usr/lib/gcc/arm-none-eabi/14.2.1/thumb/v7-m/nofp/crtbegin.o
 .text          0x08000194      0x21c /usr/lib/gcc/arm-none-eabi/14.2.1/thumb/v7-m/nofp/libgcc.a(_arm_addsubsf3.o)
                0x08000194                __aeabi_frsub
                0x0800019c                __subsf3
                0x0800019c                __aeabi_fsub
                0x080001a0                __aeabi_fadd
                0x080001a0                __addsf3
                0x08000300                __aeabi_ui2f
                0x08000300                __floatunsisf
                0x08000308                __aeabi_i2f
                0x08000308                __floatsisf
                0x08000324                __floatundisf
                0x08000324                __aeabi_ul2f
                0x08000334                __floatdisf
                0x08000334                __aeabi_l2f
 .text          0x080003b0      0x2a0 /usr/lib/gcc/arm-none-eabi/14.2.1/thumb/v7-m/nofp/libgcc.a(_arm_muldivsf3.o)
                0x080003b0                __mulsf3
                0x080003b0                __aeabi_fmul
                0x08000518                __divsf3
                0x08000518                __aeabi_fdiv
 .text          0x08000650       0xec /usr/lib/gcc/arm-none-eabi/14.2.1/thumb/v7-m/nofp/libgcc.a(_arm_cmpsf2.o)
                0x08000650                __gtsf2
                0x08000650                __gesf2
                0x08000658                __lesf2
                0x08000658                __ltsf2
                0x08000660                __nesf2
                0x08000660                __eqsf2
                0x08000660                __cmpsf2
                0x080006c0                __aeabi_cfrcmple
                0x080006c8                __aeabi_cfcmple
                0x080006c8                __aeabi_cfcmpeq
                0x080006d8                __aeabi_fcmpeq
                0x080006ec                __aeabi_fcmplt
                0x08000700                __aeabi_fcmple
                0x08000714                __aeabi_fcmpge
                0x08000728                __aeabi_fcmpgt
 .text          0x0800073c       0x4c /usr/lib/gcc/arm-none-eabi/14.2.1/thumb/v7-m/nofp/libgcc.a(_arm_fixsfsi.o)
                0x0800073c                __fixsfsi
                0x0800073c                __aeabi_f2iz
 .text          0x08000788       0x68 /usr/lib/gcc/arm-none-eabi/14.2.1/../../../arm-none-eabi/lib/thumb/v7-m/nofp/libg_nano.a(libc_a-strcat.o)
                0x08000788                strcat
 .text          0x080007f0       0x9c /usr/lib/gcc/arm-none-eabi/14.2.1/../../../arm-none-eabi/lib/thumb/v7-m/nofp/libg_nano.a(libc_a-memset.o)
                0x080007f0                memset
 .text          0x0800088c       0x5c /usr/lib/gcc/arm-none-eabi/14.2.1/../../../arm-none-eabi/lib/thumb/v7-m/nofp/libg_nano.a(libc_a-strlen-stub.o)
                0x0800088c                strlen
 .text          0x080008e8       0xbc /usr/lib/gcc/arm-none-eabi/14.2.1/../../../arm-none-eabi/lib/thumb/v7-m/nofp/libg_nano.a(libc_a-strcpy.o)
                0x080008e8                strcpy
 .text          0x080009a4       0x50 /usr/lib/gcc/arm-none-eabi/14.2.1/../../../arm-none-eabi/lib/thumb/v7-m/nofp/libg_nano.a(libc_a-init.o)
                0x080009a4                __libc_init_array
 *(.text*)
 .text.SystemInit
                0x080009f4        0x2 cmake/stm32cubemx/CMakeFiles/STM32_Drivers.dir/__/__/Core/Src/system_stm32f1xx.c.obj
                0x080009f4                SystemInit
 .text.ADC_DMAConvCplt
                0x080009f6       0x52 cmake/stm32cubemx/CMakeFiles/STM32_Drivers.dir/__/__/Drivers/STM32F1xx_HAL_Driver/Src/stm32f1xx_hal_adc.c.obj
                0x080009f6                ADC_DMAConvCplt
 .text.HAL_ADC_ConvHalfCpltCallback
                0x08000a48        0x2 cmake/stm32cubemx/CMakeFiles/STM32_Drivers.dir/__/__/Drivers/STM32F1xx_HAL_Driver/Src/stm32f1xx_hal_adc.c.obj
                0x08000a48                HAL_ADC_ConvHalfCpltCallback
 .text.ADC_DMAHalfConvCplt
                0x08000a4a        0xa cmake/stm32cubemx/CMakeFiles/STM32_Drivers.dir/__/__/Drivers/STM32F1xx_HAL_Driver/Src/stm32f1xx_hal_adc.c.obj
                0x08000a4a                ADC_DMAHalfConvCplt
 .text.HAL_ADC_ErrorCallback
                0x08000a54        0x2 cmake/stm32cubemx/CMakeFiles/STM32_Drivers.dir/__/__/Drivers/STM32F1xx_HAL_Driver/Src/stm32f1xx_hal_adc.c.obj
                0x08000a54                HAL_ADC_ErrorCallback
 .text.ADC_DMAError
                0x08000a56       0x1a cmake/stm32cubemx/CMakeFiles/STM32_Drivers.dir/__/__/Drivers/STM32F1xx_HAL_Driver/Src/stm32f1xx_hal_adc.c.obj
                0x08000a56                ADC_DMAError
 .text.HAL_ADC_ConfigChannel
                0x08000a70      0x140 cmake/stm32cubemx/CMakeFiles/STM32_Drivers.dir/__/__/Drivers/STM32F1xx_HAL_Driver/Src/stm32f1xx_hal_adc.c.obj
                0x08000a70                HAL_ADC_ConfigChannel
 .text.ADC_Enable
                0x08000bb0       0x88 cmake/stm32cubemx/CMakeFiles/STM32_Drivers.dir/__/__/Drivers/STM32F1xx_HAL_Driver/Src/stm32f1xx_hal_adc.c.obj
                0x08000bb0                ADC_Enable
 .text.HAL_ADC_Start_DMA
                0x08000c38      0x130 cmake/stm32cubemx/CMakeFiles/STM32_Drivers.dir/__/__/Drivers/STM32F1xx_HAL_Driver/Src/stm32f1xx_hal_adc.c.obj
                0x08000c38                HAL_ADC_Start_DMA
 .text.ADC_ConversionStop_Disable
                0x08000d68       0x56 cmake/stm32cubemx/CMakeFiles/STM32_Drivers.dir/__/__/Drivers/STM32F1xx_HAL_Driver/Src/stm32f1xx_hal_adc.c.obj
                0x08000d68                ADC_ConversionStop_Disable
 *fill*         0x08000dbe        0x2 
 .text.HAL_ADC_Init
                0x08000dc0      0x108 cmake/stm32cubemx/CMakeFiles/STM32_Drivers.dir/__/__/Drivers/STM32F1xx_HAL_Driver/Src/stm32f1xx_hal_adc.c.obj
                0x08000dc0                HAL_ADC_Init
 .text.HAL_InitTick
                0x08000ec8       0x4c cmake/stm32cubemx/CMakeFiles/STM32_Drivers.dir/__/__/Drivers/STM32F1xx_HAL_Driver/Src/stm32f1xx_hal.c.obj
                0x08000ec8                HAL_InitTick
 .text.HAL_Init
                0x08000f14       0x24 cmake/stm32cubemx/CMakeFiles/STM32_Drivers.dir/__/__/Drivers/STM32F1xx_HAL_Driver/Src/stm32f1xx_hal.c.obj
                0x08000f14                HAL_Init
 .text.HAL_IncTick
                0x08000f38       0x18 cmake/stm32cubemx/CMakeFiles/STM32_Drivers.dir/__/__/Drivers/STM32F1xx_HAL_Driver/Src/stm32f1xx_hal.c.obj
                0x08000f38                HAL_IncTick
 .text.HAL_GetTick
                0x08000f50        0xc cmake/stm32cubemx/CMakeFiles/STM32_Drivers.dir/__/__/Drivers/STM32F1xx_HAL_Driver/Src/stm32f1xx_hal.c.obj
                0x08000f50                HAL_GetTick
 .text.HAL_Delay
                0x08000f5c       0x28 cmake/stm32cubemx/CMakeFiles/STM32_Drivers.dir/__/__/Drivers/STM32F1xx_HAL_Driver/Src/stm32f1xx_hal.c.obj
                0x08000f5c                HAL_Delay
 .text.RCC_Delay
                0x08000f84       0x2c cmake/stm32cubemx/CMakeFiles/STM32_Drivers.dir/__/__/Drivers/STM32F1xx_HAL_Driver/Src/stm32f1xx_hal_rcc.c.obj
 .text.HAL_RCC_OscConfig
                0x08000fb0      0x410 cmake/stm32cubemx/CMakeFiles/STM32_Drivers.dir/__/__/Drivers/STM32F1xx_HAL_Driver/Src/stm32f1xx_hal_rcc.c.obj
                0x08000fb0                HAL_RCC_OscConfig
 .text.HAL_RCC_GetSysClockFreq
                0x080013c0       0x54 cmake/stm32cubemx/CMakeFiles/STM32_Drivers.dir/__/__/Drivers/STM32F1xx_HAL_Driver/Src/stm32f1xx_hal_rcc.c.obj
                0x080013c0                HAL_RCC_GetSysClockFreq
 .text.HAL_RCC_ClockConfig
                0x08001414      0x16c cmake/stm32cubemx/CMakeFiles/STM32_Drivers.dir/__/__/Drivers/STM32F1xx_HAL_Driver/Src/stm32f1xx_hal_rcc.c.obj
                0x08001414                HAL_RCC_ClockConfig
 .text.HAL_RCC_GetHCLKFreq
                0x08001580        0xc cmake/stm32cubemx/CMakeFiles/STM32_Drivers.dir/__/__/Drivers/STM32F1xx_HAL_Driver/Src/stm32f1xx_hal_rcc.c.obj
                0x08001580                HAL_RCC_GetHCLKFreq
 .text.HAL_RCC_GetPCLK1Freq
                0x0800158c       0x20 cmake/stm32cubemx/CMakeFiles/STM32_Drivers.dir/__/__/Drivers/STM32F1xx_HAL_Driver/Src/stm32f1xx_hal_rcc.c.obj
                0x0800158c                HAL_RCC_GetPCLK1Freq
 .text.HAL_RCC_GetPCLK2Freq
                0x080015ac       0x20 cmake/stm32cubemx/CMakeFiles/STM32_Drivers.dir/__/__/Drivers/STM32F1xx_HAL_Driver/Src/stm32f1xx_hal_rcc.c.obj
                0x080015ac                HAL_RCC_GetPCLK2Freq
 .text.HAL_RCCEx_PeriphCLKConfig
                0x080015cc      0x118 cmake/stm32cubemx/CMakeFiles/STM32_Drivers.dir/__/__/Drivers/STM32F1xx_HAL_Driver/Src/stm32f1xx_hal_rcc_ex.c.obj
                0x080015cc                HAL_RCCEx_PeriphCLKConfig
 .text.HAL_GPIO_Init
                0x080016e4      0x214 cmake/stm32cubemx/CMakeFiles/STM32_Drivers.dir/__/__/Drivers/STM32F1xx_HAL_Driver/Src/stm32f1xx_hal_gpio.c.obj
                0x080016e4                HAL_GPIO_Init
 .text.HAL_GPIO_WritePin
                0x080018f8        0xc cmake/stm32cubemx/CMakeFiles/STM32_Drivers.dir/__/__/Drivers/STM32F1xx_HAL_Driver/Src/stm32f1xx_hal_gpio.c.obj
                0x080018f8                HAL_GPIO_WritePin
 .text.HAL_GPIO_TogglePin
                0x08001904       0x12 cmake/stm32cubemx/CMakeFiles/STM32_Drivers.dir/__/__/Drivers/STM32F1xx_HAL_Driver/Src/stm32f1xx_hal_gpio.c.obj
                0x08001904                HAL_GPIO_TogglePin
 .text.DMA_SetConfig
                0x08001916       0x2c cmake/stm32cubemx/CMakeFiles/STM32_Drivers.dir/__/__/Drivers/STM32F1xx_HAL_Driver/Src/stm32f1xx_hal_dma.c.obj
 *fill*         0x08001942        0x2 
 .text.HAL_DMA_Init
                0x08001944       0x68 cmake/stm32cubemx/CMakeFiles/STM32_Drivers.dir/__/__/Drivers/STM32F1xx_HAL_Driver/Src/stm32f1xx_hal_dma.c.obj
                0x08001944                HAL_DMA_Init
 .text.HAL_DMA_Start_IT
                0x080019ac       0x74 cmake/stm32cubemx/CMakeFiles/STM32_Drivers.dir/__/__/Drivers/STM32F1xx_HAL_Driver/Src/stm32f1xx_hal_dma.c.obj
                0x080019ac                HAL_DMA_Start_IT
 .text.HAL_DMA_IRQHandler
                0x08001a20      0x144 cmake/stm32cubemx/CMakeFiles/STM32_Drivers.dir/__/__/Drivers/STM32F1xx_HAL_Driver/Src/stm32f1xx_hal_dma.c.obj
                0x08001a20                HAL_DMA_IRQHandler
 .text.__NVIC_SetPriority
                0x08001b64       0x28 cmake/stm32cubemx/CMakeFiles/STM32_Drivers.dir/__/__/Drivers/STM32F1xx_HAL_Driver/Src/stm32f1xx_hal_cortex.c.obj
 .text.NVIC_EncodePriority
                0x08001b8c       0x3e cmake/stm32cubemx/CMakeFiles/STM32_Drivers.dir/__/__/Drivers/STM32F1xx_HAL_Driver/Src/stm32f1xx_hal_cortex.c.obj
 *fill*         0x08001bca        0x2 
 .text.HAL_NVIC_SetPriorityGrouping
                0x08001bcc       0x24 cmake/stm32cubemx/CMakeFiles/STM32_Drivers.dir/__/__/Drivers/STM32F1xx_HAL_Driver/Src/stm32f1xx_hal_cortex.c.obj
                0x08001bcc                HAL_NVIC_SetPriorityGrouping
 .text.HAL_NVIC_SetPriority
                0x08001bf0       0x20 cmake/stm32cubemx/CMakeFiles/STM32_Drivers.dir/__/__/Drivers/STM32F1xx_HAL_Driver/Src/stm32f1xx_hal_cortex.c.obj
                0x08001bf0                HAL_NVIC_SetPriority
 .text.HAL_NVIC_EnableIRQ
                0x08001c10       0x1c cmake/stm32cubemx/CMakeFiles/STM32_Drivers.dir/__/__/Drivers/STM32F1xx_HAL_Driver/Src/stm32f1xx_hal_cortex.c.obj
                0x08001c10                HAL_NVIC_EnableIRQ
 .text.HAL_SYSTICK_Config
                0x08001c2c       0x28 cmake/stm32cubemx/CMakeFiles/STM32_Drivers.dir/__/__/Drivers/STM32F1xx_HAL_Driver/Src/stm32f1xx_hal_cortex.c.obj
                0x08001c2c                HAL_SYSTICK_Config
 .text.I2C_IsAcknowledgeFailed
                0x08001c54       0x32 cmake/stm32cubemx/CMakeFiles/STM32_Drivers.dir/__/__/Drivers/STM32F1xx_HAL_Driver/Src/stm32f1xx_hal_i2c.c.obj
 .text.I2C_WaitOnFlagUntilTimeout
                0x08001c86       0xaa cmake/stm32cubemx/CMakeFiles/STM32_Drivers.dir/__/__/Drivers/STM32F1xx_HAL_Driver/Src/stm32f1xx_hal_i2c.c.obj
 .text.I2C_WaitOnMasterAddressFlagUntilTimeout
                0x08001d30       0xd6 cmake/stm32cubemx/CMakeFiles/STM32_Drivers.dir/__/__/Drivers/STM32F1xx_HAL_Driver/Src/stm32f1xx_hal_i2c.c.obj
 *fill*         0x08001e06        0x2 
 .text.I2C_MasterRequestWrite
                0x08001e08       0xb4 cmake/stm32cubemx/CMakeFiles/STM32_Drivers.dir/__/__/Drivers/STM32F1xx_HAL_Driver/Src/stm32f1xx_hal_i2c.c.obj
 .text.I2C_WaitOnTXEFlagUntilTimeout
                0x08001ebc       0x5e cmake/stm32cubemx/CMakeFiles/STM32_Drivers.dir/__/__/Drivers/STM32F1xx_HAL_Driver/Src/stm32f1xx_hal_i2c.c.obj
 *fill*         0x08001f1a        0x2 
 .text.I2C_RequestMemoryWrite
                0x08001f1c       0xd8 cmake/stm32cubemx/CMakeFiles/STM32_Drivers.dir/__/__/Drivers/STM32F1xx_HAL_Driver/Src/stm32f1xx_hal_i2c.c.obj
 .text.I2C_RequestMemoryRead
                0x08001ff4      0x154 cmake/stm32cubemx/CMakeFiles/STM32_Drivers.dir/__/__/Drivers/STM32F1xx_HAL_Driver/Src/stm32f1xx_hal_i2c.c.obj
 .text.I2C_WaitOnBTFFlagUntilTimeout
                0x08002148       0x5e cmake/stm32cubemx/CMakeFiles/STM32_Drivers.dir/__/__/Drivers/STM32F1xx_HAL_Driver/Src/stm32f1xx_hal_i2c.c.obj
 .text.I2C_WaitOnRXNEFlagUntilTimeout
                0x080021a6       0x78 cmake/stm32cubemx/CMakeFiles/STM32_Drivers.dir/__/__/Drivers/STM32F1xx_HAL_Driver/Src/stm32f1xx_hal_i2c.c.obj
 *fill*         0x0800221e        0x2 
 .text.HAL_I2C_Init
                0x08002220      0x1bc cmake/stm32cubemx/CMakeFiles/STM32_Drivers.dir/__/__/Drivers/STM32F1xx_HAL_Driver/Src/stm32f1xx_hal_i2c.c.obj
                0x08002220                HAL_I2C_Init
 .text.HAL_I2C_Master_Transmit
                0x080023dc      0x174 cmake/stm32cubemx/CMakeFiles/STM32_Drivers.dir/__/__/Drivers/STM32F1xx_HAL_Driver/Src/stm32f1xx_hal_i2c.c.obj
                0x080023dc                HAL_I2C_Master_Transmit
 .text.HAL_I2C_Mem_Write
                0x08002550      0x160 cmake/stm32cubemx/CMakeFiles/STM32_Drivers.dir/__/__/Drivers/STM32F1xx_HAL_Driver/Src/stm32f1xx_hal_i2c.c.obj
                0x08002550                HAL_I2C_Mem_Write
 .text.HAL_I2C_Mem_Read
                0x080026b0      0x354 cmake/stm32cubemx/CMakeFiles/STM32_Drivers.dir/__/__/Drivers/STM32F1xx_HAL_Driver/Src/stm32f1xx_hal_i2c.c.obj
                0x080026b0                HAL_I2C_Mem_Read
 .text.HAL_SPI_Init
                0x08002a04       0xb6 cmake/stm32cubemx/CMakeFiles/STM32_Drivers.dir/__/__/Drivers/STM32F1xx_HAL_Driver/Src/stm32f1xx_hal_spi.c.obj
                0x08002a04                HAL_SPI_Init
 .text.TIM_TI1_ConfigInputStage
                0x08002aba       0x24 cmake/stm32cubemx/CMakeFiles/STM32_Drivers.dir/__/__/Drivers/STM32F1xx_HAL_Driver/Src/stm32f1xx_hal_tim.c.obj
 .text.TIM_TI2_ConfigInputStage
                0x08002ade       0x26 cmake/stm32cubemx/CMakeFiles/STM32_Drivers.dir/__/__/Drivers/STM32F1xx_HAL_Driver/Src/stm32f1xx_hal_tim.c.obj
 .text.TIM_ITRx_SetConfig
                0x08002b04       0x10 cmake/stm32cubemx/CMakeFiles/STM32_Drivers.dir/__/__/Drivers/STM32F1xx_HAL_Driver/Src/stm32f1xx_hal_tim.c.obj
 .text.HAL_TIM_Base_Start
                0x08002b14       0x5c cmake/stm32cubemx/CMakeFiles/STM32_Drivers.dir/__/__/Drivers/STM32F1xx_HAL_Driver/Src/stm32f1xx_hal_tim.c.obj
                0x08002b14                HAL_TIM_Base_Start
 .text.HAL_TIM_Base_Start_IT
                0x08002b70       0x64 cmake/stm32cubemx/CMakeFiles/STM32_Drivers.dir/__/__/Drivers/STM32F1xx_HAL_Driver/Src/stm32f1xx_hal_tim.c.obj
                0x08002b70                HAL_TIM_Base_Start_IT
 .text.HAL_TIM_OC_DelayElapsedCallback
                0x08002bd4        0x2 cmake/stm32cubemx/CMakeFiles/STM32_Drivers.dir/__/__/Drivers/STM32F1xx_HAL_Driver/Src/stm32f1xx_hal_tim.c.obj
                0x08002bd4                HAL_TIM_OC_DelayElapsedCallback
 .text.HAL_TIM_IC_CaptureCallback
                0x08002bd6        0x2 cmake/stm32cubemx/CMakeFiles/STM32_Drivers.dir/__/__/Drivers/STM32F1xx_HAL_Driver/Src/stm32f1xx_hal_tim.c.obj
                0x08002bd6                HAL_TIM_IC_CaptureCallback
 .text.HAL_TIM_PWM_PulseFinishedCallback
                0x08002bd8        0x2 cmake/stm32cubemx/CMakeFiles/STM32_Drivers.dir/__/__/Drivers/STM32F1xx_HAL_Driver/Src/stm32f1xx_hal_tim.c.obj
                0x08002bd8                HAL_TIM_PWM_PulseFinishedCallback
 .text.HAL_TIM_TriggerCallback
                0x08002bda        0x2 cmake/stm32cubemx/CMakeFiles/STM32_Drivers.dir/__/__/Drivers/STM32F1xx_HAL_Driver/Src/stm32f1xx_hal_tim.c.obj
                0x08002bda                HAL_TIM_TriggerCallback
 .text.HAL_TIM_IRQHandler
                0x08002bdc      0x15e cmake/stm32cubemx/CMakeFiles/STM32_Drivers.dir/__/__/Drivers/STM32F1xx_HAL_Driver/Src/stm32f1xx_hal_tim.c.obj
                0x08002bdc                HAL_TIM_IRQHandler
 *fill*         0x08002d3a        0x2 
 .text.TIM_Base_SetConfig
                0x08002d3c       0x84 cmake/stm32cubemx/CMakeFiles/STM32_Drivers.dir/__/__/Drivers/STM32F1xx_HAL_Driver/Src/stm32f1xx_hal_tim.c.obj
                0x08002d3c                TIM_Base_SetConfig
 .text.HAL_TIM_Base_Init
                0x08002dc0       0x58 cmake/stm32cubemx/CMakeFiles/STM32_Drivers.dir/__/__/Drivers/STM32F1xx_HAL_Driver/Src/stm32f1xx_hal_tim.c.obj
                0x08002dc0                HAL_TIM_Base_Init
 .text.TIM_ETR_SetConfig
                0x08002e18       0x18 cmake/stm32cubemx/CMakeFiles/STM32_Drivers.dir/__/__/Drivers/STM32F1xx_HAL_Driver/Src/stm32f1xx_hal_tim.c.obj
                0x08002e18                TIM_ETR_SetConfig
 .text.HAL_TIM_ConfigClockSource
                0x08002e30       0xfe cmake/stm32cubemx/CMakeFiles/STM32_Drivers.dir/__/__/Drivers/STM32F1xx_HAL_Driver/Src/stm32f1xx_hal_tim.c.obj
                0x08002e30                HAL_TIM_ConfigClockSource
 *fill*         0x08002f2e        0x2 
 .text.HAL_TIMEx_MasterConfigSynchronization
                0x08002f30       0x6c cmake/stm32cubemx/CMakeFiles/STM32_Drivers.dir/__/__/Drivers/STM32F1xx_HAL_Driver/Src/stm32f1xx_hal_tim_ex.c.obj
                0x08002f30                HAL_TIMEx_MasterConfigSynchronization
 .text.HAL_TIMEx_CommutCallback
                0x08002f9c        0x2 cmake/stm32cubemx/CMakeFiles/STM32_Drivers.dir/__/__/Drivers/STM32F1xx_HAL_Driver/Src/stm32f1xx_hal_tim_ex.c.obj
                0x08002f9c                HAL_TIMEx_CommutCallback
 .text.HAL_TIMEx_BreakCallback
                0x08002f9e        0x2 cmake/stm32cubemx/CMakeFiles/STM32_Drivers.dir/__/__/Drivers/STM32F1xx_HAL_Driver/Src/stm32f1xx_hal_tim_ex.c.obj
                0x08002f9e                HAL_TIMEx_BreakCallback
 .text.UART_EndRxTransfer
                0x08002fa0       0x5c cmake/stm32cubemx/CMakeFiles/STM32_Drivers.dir/__/__/Drivers/STM32F1xx_HAL_Driver/Src/stm32f1xx_hal_uart.c.obj
 .text.UART_SetConfig
                0x08002ffc       0x94 cmake/stm32cubemx/CMakeFiles/STM32_Drivers.dir/__/__/Drivers/STM32F1xx_HAL_Driver/Src/stm32f1xx_hal_uart.c.obj
 .text.UART_WaitOnFlagUntilTimeout
                0x08003090       0x86 cmake/stm32cubemx/CMakeFiles/STM32_Drivers.dir/__/__/Drivers/STM32F1xx_HAL_Driver/Src/stm32f1xx_hal_uart.c.obj
 .text.HAL_UART_Init
                0x08003116       0x60 cmake/stm32cubemx/CMakeFiles/STM32_Drivers.dir/__/__/Drivers/STM32F1xx_HAL_Driver/Src/stm32f1xx_hal_uart.c.obj
                0x08003116                HAL_UART_Init
 .text.HAL_UART_Transmit
                0x08003176       0xca cmake/stm32cubemx/CMakeFiles/STM32_Drivers.dir/__/__/Drivers/STM32F1xx_HAL_Driver/Src/stm32f1xx_hal_uart.c.obj
                0x08003176                HAL_UART_Transmit
 .text.UART_Start_Receive_IT
                0x08003240       0x36 cmake/stm32cubemx/CMakeFiles/STM32_Drivers.dir/__/__/Drivers/STM32F1xx_HAL_Driver/Src/stm32f1xx_hal_uart.c.obj
                0x08003240                UART_Start_Receive_IT
 .text.HAL_UARTEx_ReceiveToIdle_IT
                0x08003276       0x64 cmake/stm32cubemx/CMakeFiles/STM32_Drivers.dir/__/__/Drivers/STM32F1xx_HAL_Driver/Src/stm32f1xx_hal_uart.c.obj
                0x08003276                HAL_UARTEx_ReceiveToIdle_IT
 *fill*         0x080032da        0x2 
 .text.ftoa_2dp
                0x080032dc      0x100 CMakeFiles/gcctest.dir/Core/Src/main.c.obj
 .text.my_itoa  0x080033dc       0x78 CMakeFiles/gcctest.dir/Core/Src/main.c.obj
                0x080033dc                my_itoa
 .text.LightState_Update
                0x08003454       0xd4 CMakeFiles/gcctest.dir/Core/Src/main.c.obj
                0x08003454                LightState_Update
 .text.HAL_TIM_PeriodElapsedCallback
                0x08003528       0x88 CMakeFiles/gcctest.dir/Core/Src/main.c.obj
                0x08003528                HAL_TIM_PeriodElapsedCallback
 .text.HAL_ADC_ConvCpltCallback
                0x080035b0       0x1c CMakeFiles/gcctest.dir/Core/Src/main.c.obj
                0x080035b0                HAL_ADC_ConvCpltCallback
 .text.Error_Handler
                0x080035cc        0x4 CMakeFiles/gcctest.dir/Core/Src/main.c.obj
                0x080035cc                Error_Handler
 .text.SystemClock_Config
                0x080035d0       0x7e CMakeFiles/gcctest.dir/Core/Src/main.c.obj
                0x080035d0                SystemClock_Config
 *fill*         0x0800364e        0x2 
 .text.main     0x08003650      0x230 CMakeFiles/gcctest.dir/Core/Src/main.c.obj
                0x08003650                main
 .text.MX_GPIO_Init
                0x08003880       0x64 CMakeFiles/gcctest.dir/Core/Src/gpio.c.obj
                0x08003880                MX_GPIO_Init
 .text.MX_ADC1_Init
                0x080038e4       0x5c CMakeFiles/gcctest.dir/Core/Src/adc.c.obj
                0x080038e4                MX_ADC1_Init
 .text.HAL_ADC_MspInit
                0x08003940       0x98 CMakeFiles/gcctest.dir/Core/Src/adc.c.obj
                0x08003940                HAL_ADC_MspInit
 .text.MX_DMA_Init
                0x080039d8       0x64 CMakeFiles/gcctest.dir/Core/Src/dma.c.obj
                0x080039d8                MX_DMA_Init
 .text.MX_I2C1_Init
                0x08003a3c       0x3c CMakeFiles/gcctest.dir/Core/Src/i2c.c.obj
                0x08003a3c                MX_I2C1_Init
 .text.HAL_I2C_MspInit
                0x08003a78       0x98 CMakeFiles/gcctest.dir/Core/Src/i2c.c.obj
                0x08003a78                HAL_I2C_MspInit
 .text.MX_SPI2_Init
                0x08003b10       0x44 CMakeFiles/gcctest.dir/Core/Src/spi.c.obj
                0x08003b10                MX_SPI2_Init
 .text.HAL_SPI_MspInit
                0x08003b54       0xe0 CMakeFiles/gcctest.dir/Core/Src/spi.c.obj
                0x08003b54                HAL_SPI_MspInit
 .text.MX_TIM2_Init
                0x08003c34       0x6c CMakeFiles/gcctest.dir/Core/Src/tim.c.obj
                0x08003c34                MX_TIM2_Init
 .text.MX_TIM3_Init
                0x08003ca0       0x70 CMakeFiles/gcctest.dir/Core/Src/tim.c.obj
                0x08003ca0                MX_TIM3_Init
 .text.HAL_TIM_Base_MspInit
                0x08003d10       0x60 CMakeFiles/gcctest.dir/Core/Src/tim.c.obj
                0x08003d10                HAL_TIM_Base_MspInit
 .text.MX_USART1_UART_Init
                0x08003d70       0x34 CMakeFiles/gcctest.dir/Core/Src/usart.c.obj
                0x08003d70                MX_USART1_UART_Init
 .text.HAL_UART_MspInit
                0x08003da4       0x7c CMakeFiles/gcctest.dir/Core/Src/usart.c.obj
                0x08003da4                HAL_UART_MspInit
 .text.NMI_Handler
                0x08003e20        0x2 CMakeFiles/gcctest.dir/Core/Src/stm32f1xx_it.c.obj
                0x08003e20                NMI_Handler
 .text.HardFault_Handler
                0x08003e22        0x2 CMakeFiles/gcctest.dir/Core/Src/stm32f1xx_it.c.obj
                0x08003e22                HardFault_Handler
 .text.MemManage_Handler
                0x08003e24        0x2 CMakeFiles/gcctest.dir/Core/Src/stm32f1xx_it.c.obj
                0x08003e24                MemManage_Handler
 .text.BusFault_Handler
                0x08003e26        0x2 CMakeFiles/gcctest.dir/Core/Src/stm32f1xx_it.c.obj
                0x08003e26                BusFault_Handler
 .text.UsageFault_Handler
                0x08003e28        0x2 CMakeFiles/gcctest.dir/Core/Src/stm32f1xx_it.c.obj
                0x08003e28                UsageFault_Handler
 .text.SVC_Handler
                0x08003e2a        0x2 CMakeFiles/gcctest.dir/Core/Src/stm32f1xx_it.c.obj
                0x08003e2a                SVC_Handler
 .text.DebugMon_Handler
                0x08003e2c        0x2 CMakeFiles/gcctest.dir/Core/Src/stm32f1xx_it.c.obj
                0x08003e2c                DebugMon_Handler
 .text.PendSV_Handler
                0x08003e2e        0x2 CMakeFiles/gcctest.dir/Core/Src/stm32f1xx_it.c.obj
                0x08003e2e                PendSV_Handler
 .text.SysTick_Handler
                0x08003e30        0x8 CMakeFiles/gcctest.dir/Core/Src/stm32f1xx_it.c.obj
                0x08003e30                SysTick_Handler
 .text.DMA1_Channel1_IRQHandler
                0x08003e38       0x10 CMakeFiles/gcctest.dir/Core/Src/stm32f1xx_it.c.obj
                0x08003e38                DMA1_Channel1_IRQHandler
 .text.DMA1_Channel4_IRQHandler
                0x08003e48       0x10 CMakeFiles/gcctest.dir/Core/Src/stm32f1xx_it.c.obj
                0x08003e48                DMA1_Channel4_IRQHandler
 .text.DMA1_Channel5_IRQHandler
                0x08003e58       0x10 CMakeFiles/gcctest.dir/Core/Src/stm32f1xx_it.c.obj
                0x08003e58                DMA1_Channel5_IRQHandler
 .text.DMA1_Channel6_IRQHandler
                0x08003e68       0x10 CMakeFiles/gcctest.dir/Core/Src/stm32f1xx_it.c.obj
                0x08003e68                DMA1_Channel6_IRQHandler
 .text.TIM3_IRQHandler
                0x08003e78       0x10 CMakeFiles/gcctest.dir/Core/Src/stm32f1xx_it.c.obj
                0x08003e78                TIM3_IRQHandler
 .text.HAL_MspInit
                0x08003e88       0x44 CMakeFiles/gcctest.dir/Core/Src/stm32f1xx_hal_msp.c.obj
                0x08003e88                HAL_MspInit
 .text.Reset_Handler
                0x08003ecc       0x48 CMakeFiles/gcctest.dir/startup_stm32f103xb.s.obj
                0x08003ecc                Reset_Handler
 .text.Default_Handler
                0x08003f14        0x2 CMakeFiles/gcctest.dir/startup_stm32f103xb.s.obj
                0x08003f14                RTC_Alarm_IRQHandler
                0x08003f14                EXTI2_IRQHandler
                0x08003f14                TIM1_CC_IRQHandler
                0x08003f14                PVD_IRQHandler
                0x08003f14                EXTI3_IRQHandler
                0x08003f14                EXTI0_IRQHandler
                0x08003f14                I2C2_EV_IRQHandler
                0x08003f14                ADC1_2_IRQHandler
                0x08003f14                SPI1_IRQHandler
                0x08003f14                TAMPER_IRQHandler
                0x08003f14                USART3_IRQHandler
                0x08003f14                RTC_IRQHandler
                0x08003f14                DMA1_Channel7_IRQHandler
                0x08003f14                CAN1_RX1_IRQHandler
                0x08003f14                TIM4_IRQHandler
                0x08003f14                I2C1_EV_IRQHandler
                0x08003f14                RCC_IRQHandler
                0x08003f14                TIM1_TRG_COM_IRQHandler
                0x08003f14                Default_Handler
                0x08003f14                EXTI15_10_IRQHandler
                0x08003f14                EXTI9_5_IRQHandler
                0x08003f14                SPI2_IRQHandler
                0x08003f14                EXTI4_IRQHandler
                0x08003f14                USB_LP_CAN1_RX0_IRQHandler
                0x08003f14                USB_HP_CAN1_TX_IRQHandler
                0x08003f14                DMA1_Channel3_IRQHandler
                0x08003f14                TIM1_UP_IRQHandler
                0x08003f14                WWDG_IRQHandler
                0x08003f14                TIM2_IRQHandler
                0x08003f14                TIM1_BRK_IRQHandler
                0x08003f14                EXTI1_IRQHandler
                0x08003f14                USART2_IRQHandler
                0x08003f14                I2C2_ER_IRQHandler
                0x08003f14                DMA1_Channel2_IRQHandler
                0x08003f14                CAN1_SCE_IRQHandler
                0x08003f14                FLASH_IRQHandler
                0x08003f14                USART1_IRQHandler
                0x08003f14                I2C1_ER_IRQHandler
                0x08003f14                USBWakeUp_IRQHandler
 *fill*         0x08003f16        0x2 
 .text.OLED_WriteCmd
                0x08003f18       0x28 CMakeFiles/gcctest.dir/Core/Src/oled.c.obj
                0x08003f18                OLED_WriteCmd
 .text.OLED_WriteData
                0x08003f40       0x28 CMakeFiles/gcctest.dir/Core/Src/oled.c.obj
                0x08003f40                OLED_WriteData
 .text.OLED_Init
                0x08003f68       0xf4 CMakeFiles/gcctest.dir/Core/Src/oled.c.obj
                0x08003f68                OLED_Init
 .text.OLED_ShowString
                0x0800405c       0x74 CMakeFiles/gcctest.dir/Core/Src/oled.c.obj
                0x0800405c                OLED_ShowString
 .text.fast_atan2
                0x080040d0      0x10c CMakeFiles/gcctest.dir/Core/Src/MPU6050.c.obj
 .text.fast_sqrt
                0x080041dc       0x54 CMakeFiles/gcctest.dir/Core/Src/MPU6050.c.obj
 .text.MPU6050_Init
                0x08004230       0x48 CMakeFiles/gcctest.dir/Core/Src/MPU6050.c.obj
                0x08004230                MPU6050_Init
 .text.MPU6050_Read_Accel
                0x08004278      0x13c CMakeFiles/gcctest.dir/Core/Src/MPU6050.c.obj
                0x08004278                MPU6050_Read_Accel
 .text.MPU6050_Cacul_Tangle
                0x080043b4       0x84 CMakeFiles/gcctest.dir/Core/Src/MPU6050.c.obj
                0x080043b4                MPU6050_Cacul_Tangle
 *(.glue_7)
 .glue_7        0x08004438        0x0 linker stubs
 *(.glue_7t)
 .glue_7t       0x08004438        0x0 linker stubs
 *(.eh_frame)
 .eh_frame      0x08004438        0x0 /usr/lib/gcc/arm-none-eabi/14.2.1/thumb/v7-m/nofp/crtbegin.o
 *(.init)
 .init          0x08004438        0x4 /usr/lib/gcc/arm-none-eabi/14.2.1/thumb/v7-m/nofp/crti.o
                0x08004438                _init
 .init          0x0800443c        0x8 /usr/lib/gcc/arm-none-eabi/14.2.1/thumb/v7-m/nofp/crtn.o
 *(.fini)
 .fini          0x08004444        0x4 /usr/lib/gcc/arm-none-eabi/14.2.1/thumb/v7-m/nofp/crti.o
                0x08004444                _fini
 .fini          0x08004448        0x8 /usr/lib/gcc/arm-none-eabi/14.2.1/thumb/v7-m/nofp/crtn.o
                0x08004450                        . = ALIGN (0x4)
                0x08004450                        _etext = .

.vfp11_veneer   0x08004450        0x0
 .vfp11_veneer  0x08004450        0x0 linker stubs

.v4_bx          0x08004450        0x0
 .v4_bx         0x08004450        0x0 linker stubs

.iplt           0x08004450        0x0
 .iplt          0x08004450        0x0 /usr/lib/gcc/arm-none-eabi/14.2.1/thumb/v7-m/nofp/crtbegin.o

.rodata         0x08004450      0x2ac
                0x08004450                        . = ALIGN (0x4)
 *(.rodata)
 *(.rodata*)
 .rodata.APBPrescTable
                0x08004450        0x8 cmake/stm32cubemx/CMakeFiles/STM32_Drivers.dir/__/__/Core/Src/system_stm32f1xx.c.obj
                0x08004450                APBPrescTable
 .rodata.AHBPrescTable
                0x08004458       0x10 cmake/stm32cubemx/CMakeFiles/STM32_Drivers.dir/__/__/Core/Src/system_stm32f1xx.c.obj
                0x08004458                AHBPrescTable
 .rodata.aPredivFactorTable.0
                0x08004468        0x2 cmake/stm32cubemx/CMakeFiles/STM32_Drivers.dir/__/__/Drivers/STM32F1xx_HAL_Driver/Src/stm32f1xx_hal_rcc.c.obj
 *fill*         0x0800446a        0x2 
 .rodata.aPLLMULFactorTable.1
                0x0800446c       0x10 cmake/stm32cubemx/CMakeFiles/STM32_Drivers.dir/__/__/Drivers/STM32F1xx_HAL_Driver/Src/stm32f1xx_hal_rcc.c.obj
 .rodata.main.str1.4
                0x0800447c       0x58 CMakeFiles/gcctest.dir/Core/Src/main.c.obj
 .rodata.Font6x8
                0x080044d4      0x228 CMakeFiles/gcctest.dir/Core/Src/oled.c.obj
                0x080046fc                        . = ALIGN (0x4)

.ARM.extab      0x080046fc        0x0
                0x080046fc                        . = ALIGN (0x4)
 *(.ARM.extab* .gnu.linkonce.armextab.*)
                0x080046fc                        . = ALIGN (0x4)

.ARM            0x080046fc        0x0
                0x080046fc                        . = ALIGN (0x4)
                0x080046fc                        __exidx_start = .
 *(.ARM.exidx*)
                0x080046fc                        __exidx_end = .
                0x080046fc                        . = ALIGN (0x4)

.preinit_array  0x080046fc        0x0
                0x080046fc                        . = ALIGN (0x4)
                0x080046fc                        PROVIDE (__preinit_array_start = .)
 *(.preinit_array*)
                0x080046fc                        PROVIDE (__preinit_array_end = .)
                0x080046fc                        . = ALIGN (0x4)

.init_array     0x080046fc        0x4
                0x080046fc                        . = ALIGN (0x4)
                0x080046fc                        PROVIDE (__init_array_start = .)
 *(SORT_BY_NAME(.init_array.*))
 *(.init_array*)
 .init_array    0x080046fc        0x4 /usr/lib/gcc/arm-none-eabi/14.2.1/thumb/v7-m/nofp/crtbegin.o
                0x08004700                        PROVIDE (__init_array_end = .)
                0x08004700                        . = ALIGN (0x4)

.fini_array     0x08004700        0x4
                0x08004700                        . = ALIGN (0x4)
                0x08004700                        PROVIDE (__fini_array_start = .)
 *(SORT_BY_NAME(.fini_array.*))
 *(.fini_array*)
 .fini_array    0x08004700        0x4 /usr/lib/gcc/arm-none-eabi/14.2.1/thumb/v7-m/nofp/crtbegin.o
                0x08004704                        PROVIDE (__fini_array_end = .)
                0x08004704                        . = ALIGN (0x4)
                0x08004704                        _sidata = LOADADDR (.data)

.rel.dyn        0x08004704        0x0
 .rel.iplt      0x08004704        0x0 /usr/lib/gcc/arm-none-eabi/14.2.1/thumb/v7-m/nofp/crtbegin.o

.data           0x20000000        0xc load address 0x08004704
                0x20000000                        . = ALIGN (0x4)
                0x20000000                        _sdata = .
 *(.data)
 *(.data*)
 .data.SystemCoreClock
                0x20000000        0x4 cmake/stm32cubemx/CMakeFiles/STM32_Drivers.dir/__/__/Core/Src/system_stm32f1xx.c.obj
                0x20000000                SystemCoreClock
 .data.uwTickFreq
                0x20000004        0x1 cmake/stm32cubemx/CMakeFiles/STM32_Drivers.dir/__/__/Drivers/STM32F1xx_HAL_Driver/Src/stm32f1xx_hal.c.obj
                0x20000004                uwTickFreq
 *fill*         0x20000005        0x3 
 .data.uwTickPrio
                0x20000008        0x4 cmake/stm32cubemx/CMakeFiles/STM32_Drivers.dir/__/__/Drivers/STM32F1xx_HAL_Driver/Src/stm32f1xx_hal.c.obj
                0x20000008                uwTickPrio
 *(.RamFunc)
 *(.RamFunc*)
                0x2000000c                        . = ALIGN (0x4)

.tm_clone_table
                0x2000000c        0x0 load address 0x08004710
 .tm_clone_table
                0x2000000c        0x0 /usr/lib/gcc/arm-none-eabi/14.2.1/thumb/v7-m/nofp/crtbegin.o
 .tm_clone_table
                0x2000000c        0x0 /usr/lib/gcc/arm-none-eabi/14.2.1/thumb/v7-m/nofp/crtend.o

.igot.plt       0x2000000c        0x0 load address 0x08004710
 .igot.plt      0x2000000c        0x0 /usr/lib/gcc/arm-none-eabi/14.2.1/thumb/v7-m/nofp/crtbegin.o

.tdata          0x2000000c        0x0 load address 0x08004710
 *(.tdata .tdata.* .gnu.linkonce.td.*)
                0x2000000c                        . = ALIGN (0x4)
                0x2000000c                        _edata = .
                [!provide]                        PROVIDE (__data_end = .)
                [!provide]                        PROVIDE (__tdata_end = .)
                [!provide]                        PROVIDE (__tdata_start = ADDR (.tdata))
                [!provide]                        PROVIDE (__tdata_size = (__tdata_end - __tdata_start))
                [!provide]                        PROVIDE (__data_start = ADDR (.data))
                [!provide]                        PROVIDE (__data_size = (__data_end - __data_start))
                [!provide]                        PROVIDE (__tdata_source = LOADADDR (.tdata))
                [!provide]                        PROVIDE (__tdata_source_end = (LOADADDR (.tdata) + SIZEOF (.tdata)))
                [!provide]                        PROVIDE (__tdata_source_size = (__tdata_source_end - __tdata_source))
                [!provide]                        PROVIDE (__data_source = LOADADDR (.data))
                [!provide]                        PROVIDE (__data_source_end = __tdata_source_end)
                [!provide]                        PROVIDE (__data_source_size = (__data_source_end - __data_source))

.tbss           0x2000000c        0x0 load address 0x08004710
                0x2000000c                        _sbss = .
                0x2000000c                        __bss_start__ = _sbss
 *(.tbss .tbss.*)
                0x2000000c                        . = ALIGN (0x4)
                [!provide]                        PROVIDE (__tbss_end = .)
                [!provide]                        PROVIDE (__tbss_start = ADDR (.tbss))
                [!provide]                        PROVIDE (__tbss_size = (__tbss_end - __tbss_start))
                [!provide]                        PROVIDE (__tbss_offset = (ADDR (.tbss) - ADDR (.tdata)))
                [!provide]                        PROVIDE (__tls_base = __tdata_start)
                [!provide]                        PROVIDE (__tls_end = __tbss_end)
                [!provide]                        PROVIDE (__tls_size = (__tls_end - __tls_base))
                [!provide]                        PROVIDE (__tls_align = MAX (ALIGNOF (.tdata), ALIGNOF (.tbss)))
                [!provide]                        PROVIDE (__tls_size_align = (((__tls_size + __tls_align) - 0x1) & ~ ((__tls_align - 0x1))))
                [!provide]                        PROVIDE (__arm32_tls_tcb_offset = MAX (0x8, __tls_align))
                [!provide]                        PROVIDE (__arm64_tls_tcb_offset = MAX (0x10, __tls_align))

.bss            0x2000000c      0x350 load address 0x08004710
 *(.bss)
 .bss           0x2000000c       0x1c /usr/lib/gcc/arm-none-eabi/14.2.1/thumb/v7-m/nofp/crtbegin.o
 *(.bss*)
 .bss.uwTick    0x20000028        0x4 cmake/stm32cubemx/CMakeFiles/STM32_Drivers.dir/__/__/Drivers/STM32F1xx_HAL_Driver/Src/stm32f1xx_hal.c.obj
                0x20000028                uwTick
 .bss.last_oled_tick.0
                0x2000002c        0x4 CMakeFiles/gcctest.dir/Core/Src/main.c.obj
 .bss.change.1  0x20000030        0x1 CMakeFiles/gcctest.dir/Core/Src/main.c.obj
 .bss.state_target.2
                0x20000031        0x1 CMakeFiles/gcctest.dir/Core/Src/main.c.obj
 .bss.first_flag.3
                0x20000032        0x1 CMakeFiles/gcctest.dir/Core/Src/main.c.obj
 *fill*         0x20000033        0x1 
 .bss.seconds_today
                0x20000034        0x4 CMakeFiles/gcctest.dir/Core/Src/main.c.obj
                0x20000034                seconds_today
 .bss.today_glare_sec
                0x20000038        0x4 CMakeFiles/gcctest.dir/Core/Src/main.c.obj
                0x20000038                today_glare_sec
 .bss.today_ideal_sec
                0x2000003c        0x4 CMakeFiles/gcctest.dir/Core/Src/main.c.obj
                0x2000003c                today_ideal_sec
 .bss.today_dim_sec
                0x20000040        0x4 CMakeFiles/gcctest.dir/Core/Src/main.c.obj
                0x20000040                today_dim_sec
 .bss.today_dark_sec
                0x20000044        0x4 CMakeFiles/gcctest.dir/Core/Src/main.c.obj
                0x20000044                today_dark_sec
 .bss.state_now
                0x20000048        0x1 CMakeFiles/gcctest.dir/Core/Src/main.c.obj
                0x20000048                state_now
 *fill*         0x20000049        0x3 
 .bss.adc_buf   0x2000004c       0x14 CMakeFiles/gcctest.dir/Core/Src/main.c.obj
                0x2000004c                adc_buf
 .bss.change_message_flag
                0x20000060        0x1 CMakeFiles/gcctest.dir/Core/Src/main.c.obj
 .bss.rx_flag   0x20000061        0x1 CMakeFiles/gcctest.dir/Core/Src/main.c.obj
 *fill*         0x20000062        0x2 
 .bss.uart_rx_buf
                0x20000064       0x32 CMakeFiles/gcctest.dir/Core/Src/main.c.obj
 *fill*         0x20000096        0x2 
 .bss.hdma_adc1
                0x20000098       0x44 CMakeFiles/gcctest.dir/Core/Src/adc.c.obj
                0x20000098                hdma_adc1
 .bss.hadc1     0x200000dc       0x30 CMakeFiles/gcctest.dir/Core/Src/adc.c.obj
                0x200000dc                hadc1
 .bss.hdma_i2c1_tx
                0x2000010c       0x44 CMakeFiles/gcctest.dir/Core/Src/i2c.c.obj
                0x2000010c                hdma_i2c1_tx
 .bss.hi2c1     0x20000150       0x54 CMakeFiles/gcctest.dir/Core/Src/i2c.c.obj
                0x20000150                hi2c1
 .bss.hdma_spi2_tx
                0x200001a4       0x44 CMakeFiles/gcctest.dir/Core/Src/spi.c.obj
                0x200001a4                hdma_spi2_tx
 .bss.hdma_spi2_rx
                0x200001e8       0x44 CMakeFiles/gcctest.dir/Core/Src/spi.c.obj
                0x200001e8                hdma_spi2_rx
 .bss.hspi2     0x2000022c       0x58 CMakeFiles/gcctest.dir/Core/Src/spi.c.obj
                0x2000022c                hspi2
 .bss.htim3     0x20000284       0x48 CMakeFiles/gcctest.dir/Core/Src/tim.c.obj
                0x20000284                htim3
 .bss.htim2     0x200002cc       0x48 CMakeFiles/gcctest.dir/Core/Src/tim.c.obj
                0x200002cc                htim2
 .bss.huart1    0x20000314       0x48 CMakeFiles/gcctest.dir/Core/Src/usart.c.obj
                0x20000314                huart1
 *(COMMON)
                0x2000035c                        . = ALIGN (0x4)
                0x2000035c                        _ebss = .
                0x2000035c                        __bss_end__ = _ebss
                [!provide]                        PROVIDE (__bss_end = .)
                [!provide]                        PROVIDE (__non_tls_bss_start = ADDR (.bss))
                [!provide]                        PROVIDE (__bss_start = __tbss_start)
                [!provide]                        PROVIDE (__bss_size = (__bss_end - __bss_start))

._user_heap_stack
                0x2000035c      0x604 load address 0x08004710
                0x20000360                        . = ALIGN (0x8)
 *fill*         0x2000035c        0x4 
                [!provide]                        PROVIDE (end = .)
                0x20000360                        PROVIDE (_end = .)
                0x20000560                        . = (. + _Min_Heap_Size)
 *fill*         0x20000360      0x200 
                0x20000960                        . = (. + _Min_Stack_Size)
 *fill*         0x20000560      0x400 
                0x20000960                        . = ALIGN (0x8)

/DISCARD/
 libc.a:*(*)
 libm.a:*(*)
 libgcc.a:*(*)
OUTPUT(gcctest.elf elf32-littlearm)
LOAD linker stubs

.ARM.attributes
                0x00000000       0x29
 .ARM.attributes
                0x00000000       0x1d /usr/lib/gcc/arm-none-eabi/14.2.1/thumb/v7-m/nofp/crti.o
 .ARM.attributes
                0x0000001d       0x2d /usr/lib/gcc/arm-none-eabi/14.2.1/thumb/v7-m/nofp/crtbegin.o
 .ARM.attributes
                0x0000004a       0x2d cmake/stm32cubemx/CMakeFiles/STM32_Drivers.dir/__/__/Core/Src/system_stm32f1xx.c.obj
 .ARM.attributes
                0x00000077       0x2d cmake/stm32cubemx/CMakeFiles/STM32_Drivers.dir/__/__/Drivers/STM32F1xx_HAL_Driver/Src/stm32f1xx_hal_adc.c.obj
 .ARM.attributes
                0x000000a4       0x2d cmake/stm32cubemx/CMakeFiles/STM32_Drivers.dir/__/__/Drivers/STM32F1xx_HAL_Driver/Src/stm32f1xx_hal.c.obj
 .ARM.attributes
                0x000000d1       0x2d cmake/stm32cubemx/CMakeFiles/STM32_Drivers.dir/__/__/Drivers/STM32F1xx_HAL_Driver/Src/stm32f1xx_hal_rcc.c.obj
 .ARM.attributes
                0x000000fe       0x2d cmake/stm32cubemx/CMakeFiles/STM32_Drivers.dir/__/__/Drivers/STM32F1xx_HAL_Driver/Src/stm32f1xx_hal_rcc_ex.c.obj
 .ARM.attributes
                0x0000012b       0x2d cmake/stm32cubemx/CMakeFiles/STM32_Drivers.dir/__/__/Drivers/STM32F1xx_HAL_Driver/Src/stm32f1xx_hal_gpio.c.obj
 .ARM.attributes
                0x00000158       0x2d cmake/stm32cubemx/CMakeFiles/STM32_Drivers.dir/__/__/Drivers/STM32F1xx_HAL_Driver/Src/stm32f1xx_hal_dma.c.obj
 .ARM.attributes
                0x00000185       0x2d cmake/stm32cubemx/CMakeFiles/STM32_Drivers.dir/__/__/Drivers/STM32F1xx_HAL_Driver/Src/stm32f1xx_hal_cortex.c.obj
 .ARM.attributes
                0x000001b2       0x2d cmake/stm32cubemx/CMakeFiles/STM32_Drivers.dir/__/__/Drivers/STM32F1xx_HAL_Driver/Src/stm32f1xx_hal_i2c.c.obj
 .ARM.attributes
                0x000001df       0x2d cmake/stm32cubemx/CMakeFiles/STM32_Drivers.dir/__/__/Drivers/STM32F1xx_HAL_Driver/Src/stm32f1xx_hal_spi.c.obj
 .ARM.attributes
                0x0000020c       0x2d cmake/stm32cubemx/CMakeFiles/STM32_Drivers.dir/__/__/Drivers/STM32F1xx_HAL_Driver/Src/stm32f1xx_hal_tim.c.obj
 .ARM.attributes
                0x00000239       0x2d cmake/stm32cubemx/CMakeFiles/STM32_Drivers.dir/__/__/Drivers/STM32F1xx_HAL_Driver/Src/stm32f1xx_hal_tim_ex.c.obj
 .ARM.attributes
                0x00000266       0x2d cmake/stm32cubemx/CMakeFiles/STM32_Drivers.dir/__/__/Drivers/STM32F1xx_HAL_Driver/Src/stm32f1xx_hal_uart.c.obj
 .ARM.attributes
                0x00000293       0x2d CMakeFiles/gcctest.dir/Core/Src/main.c.obj
 .ARM.attributes
                0x000002c0       0x2d CMakeFiles/gcctest.dir/Core/Src/gpio.c.obj
 .ARM.attributes
                0x000002ed       0x2d CMakeFiles/gcctest.dir/Core/Src/adc.c.obj
 .ARM.attributes
                0x0000031a       0x2d CMakeFiles/gcctest.dir/Core/Src/dma.c.obj
 .ARM.attributes
                0x00000347       0x2d CMakeFiles/gcctest.dir/Core/Src/i2c.c.obj
 .ARM.attributes
                0x00000374       0x2d CMakeFiles/gcctest.dir/Core/Src/spi.c.obj
 .ARM.attributes
                0x000003a1       0x2d CMakeFiles/gcctest.dir/Core/Src/tim.c.obj
 .ARM.attributes
                0x000003ce       0x2d CMakeFiles/gcctest.dir/Core/Src/usart.c.obj
 .ARM.attributes
                0x000003fb       0x2d CMakeFiles/gcctest.dir/Core/Src/stm32f1xx_it.c.obj
 .ARM.attributes
                0x00000428       0x2d CMakeFiles/gcctest.dir/Core/Src/stm32f1xx_hal_msp.c.obj
 .ARM.attributes
                0x00000455       0x21 CMakeFiles/gcctest.dir/startup_stm32f103xb.s.obj
 .ARM.attributes
                0x00000476       0x2d CMakeFiles/gcctest.dir/Core/Src/oled.c.obj
 .ARM.attributes
                0x000004a3       0x2d CMakeFiles/gcctest.dir/Core/Src/MPU6050.c.obj
 .ARM.attributes
                0x000004d0       0x1d /usr/lib/gcc/arm-none-eabi/14.2.1/thumb/v7-m/nofp/libgcc.a(_arm_addsubsf3.o)
 .ARM.attributes
                0x000004ed       0x1d /usr/lib/gcc/arm-none-eabi/14.2.1/thumb/v7-m/nofp/libgcc.a(_arm_muldivsf3.o)
 .ARM.attributes
                0x0000050a       0x1d /usr/lib/gcc/arm-none-eabi/14.2.1/thumb/v7-m/nofp/libgcc.a(_arm_cmpsf2.o)
 .ARM.attributes
                0x00000527       0x1d /usr/lib/gcc/arm-none-eabi/14.2.1/thumb/v7-m/nofp/libgcc.a(_arm_fixsfsi.o)
 .ARM.attributes
                0x00000544       0x2d /usr/lib/gcc/arm-none-eabi/14.2.1/../../../arm-none-eabi/lib/thumb/v7-m/nofp/libg_nano.a(libc_a-strcat.o)
 .ARM.attributes
                0x00000571       0x2d /usr/lib/gcc/arm-none-eabi/14.2.1/../../../arm-none-eabi/lib/thumb/v7-m/nofp/libg_nano.a(libc_a-memset.o)
 .ARM.attributes
                0x0000059e       0x2d /usr/lib/gcc/arm-none-eabi/14.2.1/../../../arm-none-eabi/lib/thumb/v7-m/nofp/libg_nano.a(libc_a-strlen-stub.o)
 .ARM.attributes
                0x000005cb       0x2d /usr/lib/gcc/arm-none-eabi/14.2.1/../../../arm-none-eabi/lib/thumb/v7-m/nofp/libg_nano.a(libc_a-strcpy.o)
 .ARM.attributes
                0x000005f8       0x2d /usr/lib/gcc/arm-none-eabi/14.2.1/../../../arm-none-eabi/lib/thumb/v7-m/nofp/libg_nano.a(libc_a-init.o)
 .ARM.attributes
                0x00000625       0x2d /usr/lib/gcc/arm-none-eabi/14.2.1/thumb/v7-m/nofp/crtend.o
 .ARM.attributes
                0x00000652       0x1d /usr/lib/gcc/arm-none-eabi/14.2.1/thumb/v7-m/nofp/crtn.o

.comment        0x00000000       0x26
 .comment       0x00000000       0x26 /usr/lib/gcc/arm-none-eabi/14.2.1/thumb/v7-m/nofp/crtbegin.o
                                 0x27 (size before relaxing)
 .comment       0x00000026        0x0 cmake/stm32cubemx/CMakeFiles/STM32_Drivers.dir/__/__/Core/Src/system_stm32f1xx.c.obj
                                 0x27 (size before relaxing)
 .comment       0x00000026        0x0 cmake/stm32cubemx/CMakeFiles/STM32_Drivers.dir/__/__/Drivers/STM32F1xx_HAL_Driver/Src/stm32f1xx_hal_adc.c.obj
                                 0x27 (size before relaxing)
 .comment       0x00000026        0x0 cmake/stm32cubemx/CMakeFiles/STM32_Drivers.dir/__/__/Drivers/STM32F1xx_HAL_Driver/Src/stm32f1xx_hal.c.obj
                                 0x27 (size before relaxing)
 .comment       0x00000026        0x0 cmake/stm32cubemx/CMakeFiles/STM32_Drivers.dir/__/__/Drivers/STM32F1xx_HAL_Driver/Src/stm32f1xx_hal_rcc.c.obj
                                 0x27 (size before relaxing)
 .comment       0x00000026        0x0 cmake/stm32cubemx/CMakeFiles/STM32_Drivers.dir/__/__/Drivers/STM32F1xx_HAL_Driver/Src/stm32f1xx_hal_rcc_ex.c.obj
                                 0x27 (size before relaxing)
 .comment       0x00000026        0x0 cmake/stm32cubemx/CMakeFiles/STM32_Drivers.dir/__/__/Drivers/STM32F1xx_HAL_Driver/Src/stm32f1xx_hal_gpio.c.obj
                                 0x27 (size before relaxing)
 .comment       0x00000026        0x0 cmake/stm32cubemx/CMakeFiles/STM32_Drivers.dir/__/__/Drivers/STM32F1xx_HAL_Driver/Src/stm32f1xx_hal_dma.c.obj
                                 0x27 (size before relaxing)
 .comment       0x00000026        0x0 cmake/stm32cubemx/CMakeFiles/STM32_Drivers.dir/__/__/Drivers/STM32F1xx_HAL_Driver/Src/stm32f1xx_hal_cortex.c.obj
                                 0x27 (size before relaxing)
 .comment       0x00000026        0x0 cmake/stm32cubemx/CMakeFiles/STM32_Drivers.dir/__/__/Drivers/STM32F1xx_HAL_Driver/Src/stm32f1xx_hal_i2c.c.obj
                                 0x27 (size before relaxing)
 .comment       0x00000026        0x0 cmake/stm32cubemx/CMakeFiles/STM32_Drivers.dir/__/__/Drivers/STM32F1xx_HAL_Driver/Src/stm32f1xx_hal_spi.c.obj
                                 0x27 (size before relaxing)
 .comment       0x00000026        0x0 cmake/stm32cubemx/CMakeFiles/STM32_Drivers.dir/__/__/Drivers/STM32F1xx_HAL_Driver/Src/stm32f1xx_hal_tim.c.obj
                                 0x27 (size before relaxing)
 .comment       0x00000026        0x0 cmake/stm32cubemx/CMakeFiles/STM32_Drivers.dir/__/__/Drivers/STM32F1xx_HAL_Driver/Src/stm32f1xx_hal_tim_ex.c.obj
                                 0x27 (size before relaxing)
 .comment       0x00000026        0x0 cmake/stm32cubemx/CMakeFiles/STM32_Drivers.dir/__/__/Drivers/STM32F1xx_HAL_Driver/Src/stm32f1xx_hal_uart.c.obj
                                 0x27 (size before relaxing)
 .comment       0x00000026        0x0 CMakeFiles/gcctest.dir/Core/Src/main.c.obj
                                 0x27 (size before relaxing)
 .comment       0x00000026        0x0 CMakeFiles/gcctest.dir/Core/Src/gpio.c.obj
                                 0x27 (size before relaxing)
 .comment       0x00000026        0x0 CMakeFiles/gcctest.dir/Core/Src/adc.c.obj
                                 0x27 (size before relaxing)
 .comment       0x00000026        0x0 CMakeFiles/gcctest.dir/Core/Src/dma.c.obj
                                 0x27 (size before relaxing)
 .comment       0x00000026        0x0 CMakeFiles/gcctest.dir/Core/Src/i2c.c.obj
                                 0x27 (size before relaxing)
 .comment       0x00000026        0x0 CMakeFiles/gcctest.dir/Core/Src/spi.c.obj
                                 0x27 (size before relaxing)
 .comment       0x00000026        0x0 CMakeFiles/gcctest.dir/Core/Src/tim.c.obj
                                 0x27 (size before relaxing)
 .comment       0x00000026        0x0 CMakeFiles/gcctest.dir/Core/Src/usart.c.obj
                                 0x27 (size before relaxing)
 .comment       0x00000026        0x0 CMakeFiles/gcctest.dir/Core/Src/stm32f1xx_it.c.obj
                                 0x27 (size before relaxing)
 .comment       0x00000026        0x0 CMakeFiles/gcctest.dir/Core/Src/stm32f1xx_hal_msp.c.obj
                                 0x27 (size before relaxing)
 .comment       0x00000026        0x0 CMakeFiles/gcctest.dir/Core/Src/oled.c.obj
                                 0x27 (size before relaxing)
 .comment       0x00000026        0x0 CMakeFiles/gcctest.dir/Core/Src/MPU6050.c.obj
                                 0x27 (size before relaxing)
 .comment       0x00000026        0x0 /usr/lib/gcc/arm-none-eabi/14.2.1/../../../arm-none-eabi/lib/thumb/v7-m/nofp/libg_nano.a(libc_a-strcat.o)
                                 0x27 (size before relaxing)
 .comment       0x00000026        0x0 /usr/lib/gcc/arm-none-eabi/14.2.1/../../../arm-none-eabi/lib/thumb/v7-m/nofp/libg_nano.a(libc_a-memset.o)
                                 0x27 (size before relaxing)
 .comment       0x00000026        0x0 /usr/lib/gcc/arm-none-eabi/14.2.1/../../../arm-none-eabi/lib/thumb/v7-m/nofp/libg_nano.a(libc_a-strlen-stub.o)
                                 0x27 (size before relaxing)
 .comment       0x00000026        0x0 /usr/lib/gcc/arm-none-eabi/14.2.1/../../../arm-none-eabi/lib/thumb/v7-m/nofp/libg_nano.a(libc_a-strcpy.o)
                                 0x27 (size before relaxing)
 .comment       0x00000026        0x0 /usr/lib/gcc/arm-none-eabi/14.2.1/../../../arm-none-eabi/lib/thumb/v7-m/nofp/libg_nano.a(libc_a-init.o)
                                 0x27 (size before relaxing)
 .comment       0x00000026        0x0 /usr/lib/gcc/arm-none-eabi/14.2.1/thumb/v7-m/nofp/crtend.o
                                 0x27 (size before relaxing)

.debug_info     0x00000000    0x1a0f3
 .debug_info    0x00000000      0x217 cmake/stm32cubemx/CMakeFiles/STM32_Drivers.dir/__/__/Core/Src/system_stm32f1xx.c.obj
 .debug_info    0x00000217      0xec5 cmake/stm32cubemx/CMakeFiles/STM32_Drivers.dir/__/__/Drivers/STM32F1xx_HAL_Driver/Src/stm32f1xx_hal_adc.c.obj
 .debug_info    0x000010dc      0x79a cmake/stm32cubemx/CMakeFiles/STM32_Drivers.dir/__/__/Drivers/STM32F1xx_HAL_Driver/Src/stm32f1xx_hal.c.obj
 .debug_info    0x00001876      0x9a7 cmake/stm32cubemx/CMakeFiles/STM32_Drivers.dir/__/__/Drivers/STM32F1xx_HAL_Driver/Src/stm32f1xx_hal_rcc.c.obj
 .debug_info    0x0000221d      0x40c cmake/stm32cubemx/CMakeFiles/STM32_Drivers.dir/__/__/Drivers/STM32F1xx_HAL_Driver/Src/stm32f1xx_hal_rcc_ex.c.obj
 .debug_info    0x00002629      0x5f0 cmake/stm32cubemx/CMakeFiles/STM32_Drivers.dir/__/__/Drivers/STM32F1xx_HAL_Driver/Src/stm32f1xx_hal_gpio.c.obj
 .debug_info    0x00002c19      0x7ea cmake/stm32cubemx/CMakeFiles/STM32_Drivers.dir/__/__/Drivers/STM32F1xx_HAL_Driver/Src/stm32f1xx_hal_dma.c.obj
 .debug_info    0x00003403      0xcb9 cmake/stm32cubemx/CMakeFiles/STM32_Drivers.dir/__/__/Drivers/STM32F1xx_HAL_Driver/Src/stm32f1xx_hal_cortex.c.obj
 .debug_info    0x000040bc     0x38eb cmake/stm32cubemx/CMakeFiles/STM32_Drivers.dir/__/__/Drivers/STM32F1xx_HAL_Driver/Src/stm32f1xx_hal_i2c.c.obj
 .debug_info    0x000079a7     0x1b88 cmake/stm32cubemx/CMakeFiles/STM32_Drivers.dir/__/__/Drivers/STM32F1xx_HAL_Driver/Src/stm32f1xx_hal_spi.c.obj
 .debug_info    0x0000952f     0x3bfb cmake/stm32cubemx/CMakeFiles/STM32_Drivers.dir/__/__/Drivers/STM32F1xx_HAL_Driver/Src/stm32f1xx_hal_tim.c.obj
 .debug_info    0x0000d12a     0x1a8a cmake/stm32cubemx/CMakeFiles/STM32_Drivers.dir/__/__/Drivers/STM32F1xx_HAL_Driver/Src/stm32f1xx_hal_tim_ex.c.obj
 .debug_info    0x0000ebb4     0x3f65 cmake/stm32cubemx/CMakeFiles/STM32_Drivers.dir/__/__/Drivers/STM32F1xx_HAL_Driver/Src/stm32f1xx_hal_uart.c.obj
 .debug_info    0x00012b19     0x1856 CMakeFiles/gcctest.dir/Core/Src/main.c.obj
 .debug_info    0x0001436f      0x2bd CMakeFiles/gcctest.dir/Core/Src/gpio.c.obj
 .debug_info    0x0001462c      0x89b CMakeFiles/gcctest.dir/Core/Src/adc.c.obj
 .debug_info    0x00014ec7      0x383 CMakeFiles/gcctest.dir/Core/Src/dma.c.obj
 .debug_info    0x0001524a      0x8a5 CMakeFiles/gcctest.dir/Core/Src/i2c.c.obj
 .debug_info    0x00015aef      0x8b6 CMakeFiles/gcctest.dir/Core/Src/spi.c.obj
 .debug_info    0x000163a5      0xb2f CMakeFiles/gcctest.dir/Core/Src/tim.c.obj
 .debug_info    0x00016ed4      0x7ed CMakeFiles/gcctest.dir/Core/Src/usart.c.obj
 .debug_info    0x000176c1      0x763 CMakeFiles/gcctest.dir/Core/Src/stm32f1xx_it.c.obj
 .debug_info    0x00017e24      0x1ec CMakeFiles/gcctest.dir/Core/Src/stm32f1xx_hal_msp.c.obj
 .debug_info    0x00018010       0x30 CMakeFiles/gcctest.dir/startup_stm32f103xb.s.obj
 .debug_info    0x00018040      0xa95 CMakeFiles/gcctest.dir/Core/Src/oled.c.obj
 .debug_info    0x00018ad5      0xef1 CMakeFiles/gcctest.dir/Core/Src/MPU6050.c.obj
 .debug_info    0x000199c6       0xca /usr/lib/gcc/arm-none-eabi/14.2.1/thumb/v7-m/nofp/libgcc.a(_arm_addsubsf3.o)
 .debug_info    0x00019a90       0x57 /usr/lib/gcc/arm-none-eabi/14.2.1/thumb/v7-m/nofp/libgcc.a(_arm_muldivsf3.o)
 .debug_info    0x00019ae7       0xdb /usr/lib/gcc/arm-none-eabi/14.2.1/thumb/v7-m/nofp/libgcc.a(_arm_cmpsf2.o)
 .debug_info    0x00019bc2       0x3c /usr/lib/gcc/arm-none-eabi/14.2.1/thumb/v7-m/nofp/libgcc.a(_arm_fixsfsi.o)
 .debug_info    0x00019bfe      0x135 /usr/lib/gcc/arm-none-eabi/14.2.1/../../../arm-none-eabi/lib/thumb/v7-m/nofp/libg_nano.a(libc_a-strcat.o)
 .debug_info    0x00019d33      0x135 /usr/lib/gcc/arm-none-eabi/14.2.1/../../../arm-none-eabi/lib/thumb/v7-m/nofp/libg_nano.a(libc_a-memset.o)
 .debug_info    0x00019e68       0xbd /usr/lib/gcc/arm-none-eabi/14.2.1/../../../arm-none-eabi/lib/thumb/v7-m/nofp/libg_nano.a(libc_a-strlen-stub.o)
 .debug_info    0x00019f25       0xc3 /usr/lib/gcc/arm-none-eabi/14.2.1/../../../arm-none-eabi/lib/thumb/v7-m/nofp/libg_nano.a(libc_a-strcpy.o)
 .debug_info    0x00019fe8      0x10b /usr/lib/gcc/arm-none-eabi/14.2.1/../../../arm-none-eabi/lib/thumb/v7-m/nofp/libg_nano.a(libc_a-init.o)

.debug_abbrev   0x00000000     0x3a8c
 .debug_abbrev  0x00000000      0x146 cmake/stm32cubemx/CMakeFiles/STM32_Drivers.dir/__/__/Core/Src/system_stm32f1xx.c.obj
 .debug_abbrev  0x00000146      0x254 cmake/stm32cubemx/CMakeFiles/STM32_Drivers.dir/__/__/Drivers/STM32F1xx_HAL_Driver/Src/stm32f1xx_hal_adc.c.obj
 .debug_abbrev  0x0000039a      0x22f cmake/stm32cubemx/CMakeFiles/STM32_Drivers.dir/__/__/Drivers/STM32F1xx_HAL_Driver/Src/stm32f1xx_hal.c.obj
 .debug_abbrev  0x000005c9      0x2a2 cmake/stm32cubemx/CMakeFiles/STM32_Drivers.dir/__/__/Drivers/STM32F1xx_HAL_Driver/Src/stm32f1xx_hal_rcc.c.obj
 .debug_abbrev  0x0000086b      0x1da cmake/stm32cubemx/CMakeFiles/STM32_Drivers.dir/__/__/Drivers/STM32F1xx_HAL_Driver/Src/stm32f1xx_hal_rcc_ex.c.obj
 .debug_abbrev  0x00000a45      0x1f9 cmake/stm32cubemx/CMakeFiles/STM32_Drivers.dir/__/__/Drivers/STM32F1xx_HAL_Driver/Src/stm32f1xx_hal_gpio.c.obj
 .debug_abbrev  0x00000c3e      0x246 cmake/stm32cubemx/CMakeFiles/STM32_Drivers.dir/__/__/Drivers/STM32F1xx_HAL_Driver/Src/stm32f1xx_hal_dma.c.obj
 .debug_abbrev  0x00000e84      0x36f cmake/stm32cubemx/CMakeFiles/STM32_Drivers.dir/__/__/Drivers/STM32F1xx_HAL_Driver/Src/stm32f1xx_hal_cortex.c.obj
 .debug_abbrev  0x000011f3      0x2c0 cmake/stm32cubemx/CMakeFiles/STM32_Drivers.dir/__/__/Drivers/STM32F1xx_HAL_Driver/Src/stm32f1xx_hal_i2c.c.obj
 .debug_abbrev  0x000014b3      0x274 cmake/stm32cubemx/CMakeFiles/STM32_Drivers.dir/__/__/Drivers/STM32F1xx_HAL_Driver/Src/stm32f1xx_hal_spi.c.obj
 .debug_abbrev  0x00001727      0x272 cmake/stm32cubemx/CMakeFiles/STM32_Drivers.dir/__/__/Drivers/STM32F1xx_HAL_Driver/Src/stm32f1xx_hal_tim.c.obj
 .debug_abbrev  0x00001999      0x270 cmake/stm32cubemx/CMakeFiles/STM32_Drivers.dir/__/__/Drivers/STM32F1xx_HAL_Driver/Src/stm32f1xx_hal_tim_ex.c.obj
 .debug_abbrev  0x00001c09      0x31e cmake/stm32cubemx/CMakeFiles/STM32_Drivers.dir/__/__/Drivers/STM32F1xx_HAL_Driver/Src/stm32f1xx_hal_uart.c.obj
 .debug_abbrev  0x00001f27      0x3d1 CMakeFiles/gcctest.dir/Core/Src/main.c.obj
 .debug_abbrev  0x000022f8      0x153 CMakeFiles/gcctest.dir/Core/Src/gpio.c.obj
 .debug_abbrev  0x0000244b      0x209 CMakeFiles/gcctest.dir/Core/Src/adc.c.obj
 .debug_abbrev  0x00002654      0x11b CMakeFiles/gcctest.dir/Core/Src/dma.c.obj
 .debug_abbrev  0x0000276f      0x209 CMakeFiles/gcctest.dir/Core/Src/i2c.c.obj
 .debug_abbrev  0x00002978      0x214 CMakeFiles/gcctest.dir/Core/Src/spi.c.obj
 .debug_abbrev  0x00002b8c      0x23d CMakeFiles/gcctest.dir/Core/Src/tim.c.obj
 .debug_abbrev  0x00002dc9      0x206 CMakeFiles/gcctest.dir/Core/Src/usart.c.obj
 .debug_abbrev  0x00002fcf      0x1ba CMakeFiles/gcctest.dir/Core/Src/stm32f1xx_it.c.obj
 .debug_abbrev  0x00003189       0xef CMakeFiles/gcctest.dir/Core/Src/stm32f1xx_hal_msp.c.obj
 .debug_abbrev  0x00003278       0x24 CMakeFiles/gcctest.dir/startup_stm32f103xb.s.obj
 .debug_abbrev  0x0000329c      0x1f7 CMakeFiles/gcctest.dir/Core/Src/oled.c.obj
 .debug_abbrev  0x00003493      0x21a CMakeFiles/gcctest.dir/Core/Src/MPU6050.c.obj
 .debug_abbrev  0x000036ad       0x28 /usr/lib/gcc/arm-none-eabi/14.2.1/thumb/v7-m/nofp/libgcc.a(_arm_addsubsf3.o)
 .debug_abbrev  0x000036d5       0x28 /usr/lib/gcc/arm-none-eabi/14.2.1/thumb/v7-m/nofp/libgcc.a(_arm_muldivsf3.o)
 .debug_abbrev  0x000036fd       0x28 /usr/lib/gcc/arm-none-eabi/14.2.1/thumb/v7-m/nofp/libgcc.a(_arm_cmpsf2.o)
 .debug_abbrev  0x00003725       0x28 /usr/lib/gcc/arm-none-eabi/14.2.1/thumb/v7-m/nofp/libgcc.a(_arm_fixsfsi.o)
 .debug_abbrev  0x0000374d       0xcc /usr/lib/gcc/arm-none-eabi/14.2.1/../../../arm-none-eabi/lib/thumb/v7-m/nofp/libg_nano.a(libc_a-strcat.o)
 .debug_abbrev  0x00003819       0xb7 /usr/lib/gcc/arm-none-eabi/14.2.1/../../../arm-none-eabi/lib/thumb/v7-m/nofp/libg_nano.a(libc_a-memset.o)
 .debug_abbrev  0x000038d0       0x78 /usr/lib/gcc/arm-none-eabi/14.2.1/../../../arm-none-eabi/lib/thumb/v7-m/nofp/libg_nano.a(libc_a-strlen-stub.o)
 .debug_abbrev  0x00003948       0x7b /usr/lib/gcc/arm-none-eabi/14.2.1/../../../arm-none-eabi/lib/thumb/v7-m/nofp/libg_nano.a(libc_a-strcpy.o)
 .debug_abbrev  0x000039c3       0xc9 /usr/lib/gcc/arm-none-eabi/14.2.1/../../../arm-none-eabi/lib/thumb/v7-m/nofp/libg_nano.a(libc_a-init.o)

.debug_loclists
                0x00000000     0xe8d5
 .debug_loclists
                0x00000000       0xb7 cmake/stm32cubemx/CMakeFiles/STM32_Drivers.dir/__/__/Core/Src/system_stm32f1xx.c.obj
 .debug_loclists
                0x000000b7      0x7c5 cmake/stm32cubemx/CMakeFiles/STM32_Drivers.dir/__/__/Drivers/STM32F1xx_HAL_Driver/Src/stm32f1xx_hal_adc.c.obj
 .debug_loclists
                0x0000087c       0xe1 cmake/stm32cubemx/CMakeFiles/STM32_Drivers.dir/__/__/Drivers/STM32F1xx_HAL_Driver/Src/stm32f1xx_hal.c.obj
 .debug_loclists
                0x0000095d      0x42e cmake/stm32cubemx/CMakeFiles/STM32_Drivers.dir/__/__/Drivers/STM32F1xx_HAL_Driver/Src/stm32f1xx_hal_rcc.c.obj
 .debug_loclists
                0x00000d8b      0x2ca cmake/stm32cubemx/CMakeFiles/STM32_Drivers.dir/__/__/Drivers/STM32F1xx_HAL_Driver/Src/stm32f1xx_hal_rcc_ex.c.obj
 .debug_loclists
                0x00001055      0x300 cmake/stm32cubemx/CMakeFiles/STM32_Drivers.dir/__/__/Drivers/STM32F1xx_HAL_Driver/Src/stm32f1xx_hal_gpio.c.obj
 .debug_loclists
                0x00001355      0x562 cmake/stm32cubemx/CMakeFiles/STM32_Drivers.dir/__/__/Drivers/STM32F1xx_HAL_Driver/Src/stm32f1xx_hal_dma.c.obj
 .debug_loclists
                0x000018b7      0x530 cmake/stm32cubemx/CMakeFiles/STM32_Drivers.dir/__/__/Drivers/STM32F1xx_HAL_Driver/Src/stm32f1xx_hal_cortex.c.obj
 .debug_loclists
                0x00001de7     0x316e cmake/stm32cubemx/CMakeFiles/STM32_Drivers.dir/__/__/Drivers/STM32F1xx_HAL_Driver/Src/stm32f1xx_hal_i2c.c.obj
 .debug_loclists
                0x00004f55     0x147d cmake/stm32cubemx/CMakeFiles/STM32_Drivers.dir/__/__/Drivers/STM32F1xx_HAL_Driver/Src/stm32f1xx_hal_spi.c.obj
 .debug_loclists
                0x000063d2     0x37f3 cmake/stm32cubemx/CMakeFiles/STM32_Drivers.dir/__/__/Drivers/STM32F1xx_HAL_Driver/Src/stm32f1xx_hal_tim.c.obj
 .debug_loclists
                0x00009bc5     0x13b3 cmake/stm32cubemx/CMakeFiles/STM32_Drivers.dir/__/__/Drivers/STM32F1xx_HAL_Driver/Src/stm32f1xx_hal_tim_ex.c.obj
 .debug_loclists
                0x0000af78     0x2cdc cmake/stm32cubemx/CMakeFiles/STM32_Drivers.dir/__/__/Drivers/STM32F1xx_HAL_Driver/Src/stm32f1xx_hal_uart.c.obj
 .debug_loclists
                0x0000dc54      0x2cf CMakeFiles/gcctest.dir/Core/Src/main.c.obj
 .debug_loclists
                0x0000df23       0x5c CMakeFiles/gcctest.dir/Core/Src/adc.c.obj
 .debug_loclists
                0x0000df7f       0x63 CMakeFiles/gcctest.dir/Core/Src/i2c.c.obj
 .debug_loclists
                0x0000dfe2       0x5c CMakeFiles/gcctest.dir/Core/Src/spi.c.obj
 .debug_loclists
                0x0000e03e       0x74 CMakeFiles/gcctest.dir/Core/Src/tim.c.obj
 .debug_loclists
                0x0000e0b2       0x74 CMakeFiles/gcctest.dir/Core/Src/usart.c.obj
 .debug_loclists
                0x0000e126       0x17 CMakeFiles/gcctest.dir/Core/Src/stm32f1xx_hal_msp.c.obj
 .debug_loclists
                0x0000e13d      0x142 CMakeFiles/gcctest.dir/Core/Src/oled.c.obj
 .debug_loclists
                0x0000e27f      0x356 CMakeFiles/gcctest.dir/Core/Src/MPU6050.c.obj
 .debug_loclists
                0x0000e5d5       0xc7 /usr/lib/gcc/arm-none-eabi/14.2.1/../../../arm-none-eabi/lib/thumb/v7-m/nofp/libg_nano.a(libc_a-strcat.o)
 .debug_loclists
                0x0000e69c      0x17f /usr/lib/gcc/arm-none-eabi/14.2.1/../../../arm-none-eabi/lib/thumb/v7-m/nofp/libg_nano.a(libc_a-memset.o)
 .debug_loclists
                0x0000e81b       0x29 /usr/lib/gcc/arm-none-eabi/14.2.1/../../../arm-none-eabi/lib/thumb/v7-m/nofp/libg_nano.a(libc_a-strlen-stub.o)
 .debug_loclists
                0x0000e844       0x2c /usr/lib/gcc/arm-none-eabi/14.2.1/../../../arm-none-eabi/lib/thumb/v7-m/nofp/libg_nano.a(libc_a-strcpy.o)
 .debug_loclists
                0x0000e870       0x65 /usr/lib/gcc/arm-none-eabi/14.2.1/../../../arm-none-eabi/lib/thumb/v7-m/nofp/libg_nano.a(libc_a-init.o)

.debug_aranges  0x00000000     0x1418
 .debug_aranges
                0x00000000       0x28 cmake/stm32cubemx/CMakeFiles/STM32_Drivers.dir/__/__/Core/Src/system_stm32f1xx.c.obj
 .debug_aranges
                0x00000028       0xf0 cmake/stm32cubemx/CMakeFiles/STM32_Drivers.dir/__/__/Drivers/STM32F1xx_HAL_Driver/Src/stm32f1xx_hal_adc.c.obj
 .debug_aranges
                0x00000118       0xe0 cmake/stm32cubemx/CMakeFiles/STM32_Drivers.dir/__/__/Drivers/STM32F1xx_HAL_Driver/Src/stm32f1xx_hal.c.obj
 .debug_aranges
                0x000001f8       0x90 cmake/stm32cubemx/CMakeFiles/STM32_Drivers.dir/__/__/Drivers/STM32F1xx_HAL_Driver/Src/stm32f1xx_hal_rcc.c.obj
 .debug_aranges
                0x00000288       0x30 cmake/stm32cubemx/CMakeFiles/STM32_Drivers.dir/__/__/Drivers/STM32F1xx_HAL_Driver/Src/stm32f1xx_hal_rcc_ex.c.obj
 .debug_aranges
                0x000002b8       0x58 cmake/stm32cubemx/CMakeFiles/STM32_Drivers.dir/__/__/Drivers/STM32F1xx_HAL_Driver/Src/stm32f1xx_hal_gpio.c.obj
 .debug_aranges
                0x00000310       0x80 cmake/stm32cubemx/CMakeFiles/STM32_Drivers.dir/__/__/Drivers/STM32F1xx_HAL_Driver/Src/stm32f1xx_hal_dma.c.obj
 .debug_aranges
                0x00000390       0xc0 cmake/stm32cubemx/CMakeFiles/STM32_Drivers.dir/__/__/Drivers/STM32F1xx_HAL_Driver/Src/stm32f1xx_hal_cortex.c.obj
 .debug_aranges
                0x00000450      0x2a8 cmake/stm32cubemx/CMakeFiles/STM32_Drivers.dir/__/__/Drivers/STM32F1xx_HAL_Driver/Src/stm32f1xx_hal_i2c.c.obj
 .debug_aranges
                0x000006f8      0x1d0 cmake/stm32cubemx/CMakeFiles/STM32_Drivers.dir/__/__/Drivers/STM32F1xx_HAL_Driver/Src/stm32f1xx_hal_spi.c.obj
 .debug_aranges
                0x000008c8      0x3d0 cmake/stm32cubemx/CMakeFiles/STM32_Drivers.dir/__/__/Drivers/STM32F1xx_HAL_Driver/Src/stm32f1xx_hal_tim.c.obj
 .debug_aranges
                0x00000c98      0x168 cmake/stm32cubemx/CMakeFiles/STM32_Drivers.dir/__/__/Drivers/STM32F1xx_HAL_Driver/Src/stm32f1xx_hal_tim_ex.c.obj
 .debug_aranges
                0x00000e00      0x208 cmake/stm32cubemx/CMakeFiles/STM32_Drivers.dir/__/__/Drivers/STM32F1xx_HAL_Driver/Src/stm32f1xx_hal_uart.c.obj
 .debug_aranges
                0x00001008       0x68 CMakeFiles/gcctest.dir/Core/Src/main.c.obj
 .debug_aranges
                0x00001070       0x20 CMakeFiles/gcctest.dir/Core/Src/gpio.c.obj
 .debug_aranges
                0x00001090       0x30 CMakeFiles/gcctest.dir/Core/Src/adc.c.obj
 .debug_aranges
                0x000010c0       0x20 CMakeFiles/gcctest.dir/Core/Src/dma.c.obj
 .debug_aranges
                0x000010e0       0x30 CMakeFiles/gcctest.dir/Core/Src/i2c.c.obj
 .debug_aranges
                0x00001110       0x30 CMakeFiles/gcctest.dir/Core/Src/spi.c.obj
 .debug_aranges
                0x00001140       0x38 CMakeFiles/gcctest.dir/Core/Src/tim.c.obj
 .debug_aranges
                0x00001178       0x30 CMakeFiles/gcctest.dir/Core/Src/usart.c.obj
 .debug_aranges
                0x000011a8       0x88 CMakeFiles/gcctest.dir/Core/Src/stm32f1xx_it.c.obj
 .debug_aranges
                0x00001230       0x20 CMakeFiles/gcctest.dir/Core/Src/stm32f1xx_hal_msp.c.obj
 .debug_aranges
                0x00001250       0x28 CMakeFiles/gcctest.dir/startup_stm32f103xb.s.obj
 .debug_aranges
                0x00001278       0x38 CMakeFiles/gcctest.dir/Core/Src/oled.c.obj
 .debug_aranges
                0x000012b0       0x48 CMakeFiles/gcctest.dir/Core/Src/MPU6050.c.obj
 .debug_aranges
                0x000012f8       0x20 /usr/lib/gcc/arm-none-eabi/14.2.1/thumb/v7-m/nofp/libgcc.a(_arm_addsubsf3.o)
 .debug_aranges
                0x00001318       0x20 /usr/lib/gcc/arm-none-eabi/14.2.1/thumb/v7-m/nofp/libgcc.a(_arm_muldivsf3.o)
 .debug_aranges
                0x00001338       0x20 /usr/lib/gcc/arm-none-eabi/14.2.1/thumb/v7-m/nofp/libgcc.a(_arm_cmpsf2.o)
 .debug_aranges
                0x00001358       0x20 /usr/lib/gcc/arm-none-eabi/14.2.1/thumb/v7-m/nofp/libgcc.a(_arm_fixsfsi.o)
 .debug_aranges
                0x00001378       0x20 /usr/lib/gcc/arm-none-eabi/14.2.1/../../../arm-none-eabi/lib/thumb/v7-m/nofp/libg_nano.a(libc_a-strcat.o)
 .debug_aranges
                0x00001398       0x20 /usr/lib/gcc/arm-none-eabi/14.2.1/../../../arm-none-eabi/lib/thumb/v7-m/nofp/libg_nano.a(libc_a-memset.o)
 .debug_aranges
                0x000013b8       0x20 /usr/lib/gcc/arm-none-eabi/14.2.1/../../../arm-none-eabi/lib/thumb/v7-m/nofp/libg_nano.a(libc_a-strlen-stub.o)
 .debug_aranges
                0x000013d8       0x20 /usr/lib/gcc/arm-none-eabi/14.2.1/../../../arm-none-eabi/lib/thumb/v7-m/nofp/libg_nano.a(libc_a-strcpy.o)
 .debug_aranges
                0x000013f8       0x20 /usr/lib/gcc/arm-none-eabi/14.2.1/../../../arm-none-eabi/lib/thumb/v7-m/nofp/libg_nano.a(libc_a-init.o)

.debug_rnglists
                0x00000000      0xef5
 .debug_rnglists
                0x00000000       0x1a cmake/stm32cubemx/CMakeFiles/STM32_Drivers.dir/__/__/Core/Src/system_stm32f1xx.c.obj
 .debug_rnglists
                0x0000001a       0xb8 cmake/stm32cubemx/CMakeFiles/STM32_Drivers.dir/__/__/Drivers/STM32F1xx_HAL_Driver/Src/stm32f1xx_hal_adc.c.obj
 .debug_rnglists
                0x000000d2       0xa3 cmake/stm32cubemx/CMakeFiles/STM32_Drivers.dir/__/__/Drivers/STM32F1xx_HAL_Driver/Src/stm32f1xx_hal.c.obj
 .debug_rnglists
                0x00000175       0x7d cmake/stm32cubemx/CMakeFiles/STM32_Drivers.dir/__/__/Drivers/STM32F1xx_HAL_Driver/Src/stm32f1xx_hal_rcc.c.obj
 .debug_rnglists
                0x000001f2       0x2f cmake/stm32cubemx/CMakeFiles/STM32_Drivers.dir/__/__/Drivers/STM32F1xx_HAL_Driver/Src/stm32f1xx_hal_rcc_ex.c.obj
 .debug_rnglists
                0x00000221       0x3f cmake/stm32cubemx/CMakeFiles/STM32_Drivers.dir/__/__/Drivers/STM32F1xx_HAL_Driver/Src/stm32f1xx_hal_gpio.c.obj
 .debug_rnglists
                0x00000260       0x5e cmake/stm32cubemx/CMakeFiles/STM32_Drivers.dir/__/__/Drivers/STM32F1xx_HAL_Driver/Src/stm32f1xx_hal_dma.c.obj
 .debug_rnglists
                0x000002be       0x8b cmake/stm32cubemx/CMakeFiles/STM32_Drivers.dir/__/__/Drivers/STM32F1xx_HAL_Driver/Src/stm32f1xx_hal_cortex.c.obj
 .debug_rnglists
                0x00000349      0x236 cmake/stm32cubemx/CMakeFiles/STM32_Drivers.dir/__/__/Drivers/STM32F1xx_HAL_Driver/Src/stm32f1xx_hal_i2c.c.obj
 .debug_rnglists
                0x0000057f      0x168 cmake/stm32cubemx/CMakeFiles/STM32_Drivers.dir/__/__/Drivers/STM32F1xx_HAL_Driver/Src/stm32f1xx_hal_spi.c.obj
 .debug_rnglists
                0x000006e7      0x2ff cmake/stm32cubemx/CMakeFiles/STM32_Drivers.dir/__/__/Drivers/STM32F1xx_HAL_Driver/Src/stm32f1xx_hal_tim.c.obj
 .debug_rnglists
                0x000009e6      0x11a cmake/stm32cubemx/CMakeFiles/STM32_Drivers.dir/__/__/Drivers/STM32F1xx_HAL_Driver/Src/stm32f1xx_hal_tim_ex.c.obj
 .debug_rnglists
                0x00000b00      0x1a1 cmake/stm32cubemx/CMakeFiles/STM32_Drivers.dir/__/__/Drivers/STM32F1xx_HAL_Driver/Src/stm32f1xx_hal_uart.c.obj
 .debug_rnglists
                0x00000ca1       0x59 CMakeFiles/gcctest.dir/Core/Src/main.c.obj
 .debug_rnglists
                0x00000cfa       0x13 CMakeFiles/gcctest.dir/Core/Src/gpio.c.obj
 .debug_rnglists
                0x00000d0d       0x20 CMakeFiles/gcctest.dir/Core/Src/adc.c.obj
 .debug_rnglists
                0x00000d2d       0x13 CMakeFiles/gcctest.dir/Core/Src/dma.c.obj
 .debug_rnglists
                0x00000d40       0x20 CMakeFiles/gcctest.dir/Core/Src/i2c.c.obj
 .debug_rnglists
                0x00000d60       0x20 CMakeFiles/gcctest.dir/Core/Src/spi.c.obj
 .debug_rnglists
                0x00000d80       0x25 CMakeFiles/gcctest.dir/Core/Src/tim.c.obj
 .debug_rnglists
                0x00000da5       0x1f CMakeFiles/gcctest.dir/Core/Src/usart.c.obj
 .debug_rnglists
                0x00000dc4       0x61 CMakeFiles/gcctest.dir/Core/Src/stm32f1xx_it.c.obj
 .debug_rnglists
                0x00000e25       0x13 CMakeFiles/gcctest.dir/Core/Src/stm32f1xx_hal_msp.c.obj
 .debug_rnglists
                0x00000e38       0x19 CMakeFiles/gcctest.dir/startup_stm32f103xb.s.obj
 .debug_rnglists
                0x00000e51       0x32 CMakeFiles/gcctest.dir/Core/Src/oled.c.obj
 .debug_rnglists
                0x00000e83       0x35 CMakeFiles/gcctest.dir/Core/Src/MPU6050.c.obj
 .debug_rnglists
                0x00000eb8       0x16 /usr/lib/gcc/arm-none-eabi/14.2.1/../../../arm-none-eabi/lib/thumb/v7-m/nofp/libg_nano.a(libc_a-strcat.o)
 .debug_rnglists
                0x00000ece       0x13 /usr/lib/gcc/arm-none-eabi/14.2.1/../../../arm-none-eabi/lib/thumb/v7-m/nofp/libg_nano.a(libc_a-strlen-stub.o)
 .debug_rnglists
                0x00000ee1       0x14 /usr/lib/gcc/arm-none-eabi/14.2.1/../../../arm-none-eabi/lib/thumb/v7-m/nofp/libg_nano.a(libc_a-strcpy.o)

.debug_macro    0x00000000    0x194e1
 .debug_macro   0x00000000      0x182 cmake/stm32cubemx/CMakeFiles/STM32_Drivers.dir/__/__/Core/Src/system_stm32f1xx.c.obj
 .debug_macro   0x00000182      0xacc cmake/stm32cubemx/CMakeFiles/STM32_Drivers.dir/__/__/Core/Src/system_stm32f1xx.c.obj
 .debug_macro   0x00000c4e       0x2e cmake/stm32cubemx/CMakeFiles/STM32_Drivers.dir/__/__/Core/Src/system_stm32f1xx.c.obj
 .debug_macro   0x00000c7c       0x22 cmake/stm32cubemx/CMakeFiles/STM32_Drivers.dir/__/__/Core/Src/system_stm32f1xx.c.obj
 .debug_macro   0x00000c9e      0x34e cmake/stm32cubemx/CMakeFiles/STM32_Drivers.dir/__/__/Core/Src/system_stm32f1xx.c.obj
 .debug_macro   0x00000fec       0x1c cmake/stm32cubemx/CMakeFiles/STM32_Drivers.dir/__/__/Core/Src/system_stm32f1xx.c.obj
 .debug_macro   0x00001008       0x22 cmake/stm32cubemx/CMakeFiles/STM32_Drivers.dir/__/__/Core/Src/system_stm32f1xx.c.obj
 .debug_macro   0x0000102a       0xbd cmake/stm32cubemx/CMakeFiles/STM32_Drivers.dir/__/__/Core/Src/system_stm32f1xx.c.obj
 .debug_macro   0x000010e7      0xd23 cmake/stm32cubemx/CMakeFiles/STM32_Drivers.dir/__/__/Core/Src/system_stm32f1xx.c.obj
 .debug_macro   0x00001e0a     0xe09e cmake/stm32cubemx/CMakeFiles/STM32_Drivers.dir/__/__/Core/Src/system_stm32f1xx.c.obj
 .debug_macro   0x0000fea8       0x6d cmake/stm32cubemx/CMakeFiles/STM32_Drivers.dir/__/__/Core/Src/system_stm32f1xx.c.obj
 .debug_macro   0x0000ff15      0x233 cmake/stm32cubemx/CMakeFiles/STM32_Drivers.dir/__/__/Core/Src/system_stm32f1xx.c.obj
 .debug_macro   0x00010148     0x34a2 cmake/stm32cubemx/CMakeFiles/STM32_Drivers.dir/__/__/Core/Src/system_stm32f1xx.c.obj
 .debug_macro   0x000135ea      0x190 cmake/stm32cubemx/CMakeFiles/STM32_Drivers.dir/__/__/Core/Src/system_stm32f1xx.c.obj
 .debug_macro   0x0001377a       0x5c cmake/stm32cubemx/CMakeFiles/STM32_Drivers.dir/__/__/Core/Src/system_stm32f1xx.c.obj
 .debug_macro   0x000137d6      0x5bc cmake/stm32cubemx/CMakeFiles/STM32_Drivers.dir/__/__/Core/Src/system_stm32f1xx.c.obj
 .debug_macro   0x00013d92      0x289 cmake/stm32cubemx/CMakeFiles/STM32_Drivers.dir/__/__/Core/Src/system_stm32f1xx.c.obj
 .debug_macro   0x0001401b      0x1cb cmake/stm32cubemx/CMakeFiles/STM32_Drivers.dir/__/__/Core/Src/system_stm32f1xx.c.obj
 .debug_macro   0x000141e6      0x114 cmake/stm32cubemx/CMakeFiles/STM32_Drivers.dir/__/__/Core/Src/system_stm32f1xx.c.obj
 .debug_macro   0x000142fa      0x1b2 cmake/stm32cubemx/CMakeFiles/STM32_Drivers.dir/__/__/Core/Src/system_stm32f1xx.c.obj
 .debug_macro   0x000144ac       0x27 cmake/stm32cubemx/CMakeFiles/STM32_Drivers.dir/__/__/Core/Src/system_stm32f1xx.c.obj
 .debug_macro   0x000144d3      0x136 cmake/stm32cubemx/CMakeFiles/STM32_Drivers.dir/__/__/Core/Src/system_stm32f1xx.c.obj
 .debug_macro   0x00014609      0x1bc cmake/stm32cubemx/CMakeFiles/STM32_Drivers.dir/__/__/Core/Src/system_stm32f1xx.c.obj
 .debug_macro   0x000147c5       0x34 cmake/stm32cubemx/CMakeFiles/STM32_Drivers.dir/__/__/Core/Src/system_stm32f1xx.c.obj
 .debug_macro   0x000147f9       0x3c cmake/stm32cubemx/CMakeFiles/STM32_Drivers.dir/__/__/Core/Src/system_stm32f1xx.c.obj
 .debug_macro   0x00014835       0x57 cmake/stm32cubemx/CMakeFiles/STM32_Drivers.dir/__/__/Core/Src/system_stm32f1xx.c.obj
 .debug_macro   0x0001488c      0x46a cmake/stm32cubemx/CMakeFiles/STM32_Drivers.dir/__/__/Core/Src/system_stm32f1xx.c.obj
 .debug_macro   0x00014cf6      0x1b5 cmake/stm32cubemx/CMakeFiles/STM32_Drivers.dir/__/__/Core/Src/system_stm32f1xx.c.obj
 .debug_macro   0x00014eab       0x87 cmake/stm32cubemx/CMakeFiles/STM32_Drivers.dir/__/__/Core/Src/system_stm32f1xx.c.obj
 .debug_macro   0x00014f32      0x240 cmake/stm32cubemx/CMakeFiles/STM32_Drivers.dir/__/__/Core/Src/system_stm32f1xx.c.obj
 .debug_macro   0x00015172      0x287 cmake/stm32cubemx/CMakeFiles/STM32_Drivers.dir/__/__/Core/Src/system_stm32f1xx.c.obj
 .debug_macro   0x000153f9      0x140 cmake/stm32cubemx/CMakeFiles/STM32_Drivers.dir/__/__/Core/Src/system_stm32f1xx.c.obj
 .debug_macro   0x00015539      0x217 cmake/stm32cubemx/CMakeFiles/STM32_Drivers.dir/__/__/Core/Src/system_stm32f1xx.c.obj
 .debug_macro   0x00015750      0x8ed cmake/stm32cubemx/CMakeFiles/STM32_Drivers.dir/__/__/Core/Src/system_stm32f1xx.c.obj
 .debug_macro   0x0001603d      0x28e cmake/stm32cubemx/CMakeFiles/STM32_Drivers.dir/__/__/Core/Src/system_stm32f1xx.c.obj
 .debug_macro   0x000162cb       0x83 cmake/stm32cubemx/CMakeFiles/STM32_Drivers.dir/__/__/Core/Src/system_stm32f1xx.c.obj
 .debug_macro   0x0001634e      0x19f cmake/stm32cubemx/CMakeFiles/STM32_Drivers.dir/__/__/Drivers/STM32F1xx_HAL_Driver/Src/stm32f1xx_hal_adc.c.obj
 .debug_macro   0x000164ed      0x1a6 cmake/stm32cubemx/CMakeFiles/STM32_Drivers.dir/__/__/Drivers/STM32F1xx_HAL_Driver/Src/stm32f1xx_hal.c.obj
 .debug_macro   0x00016693      0x194 cmake/stm32cubemx/CMakeFiles/STM32_Drivers.dir/__/__/Drivers/STM32F1xx_HAL_Driver/Src/stm32f1xx_hal_rcc.c.obj
 .debug_macro   0x00016827      0x182 cmake/stm32cubemx/CMakeFiles/STM32_Drivers.dir/__/__/Drivers/STM32F1xx_HAL_Driver/Src/stm32f1xx_hal_rcc_ex.c.obj
 .debug_macro   0x000169a9      0x1ed cmake/stm32cubemx/CMakeFiles/STM32_Drivers.dir/__/__/Drivers/STM32F1xx_HAL_Driver/Src/stm32f1xx_hal_gpio.c.obj
 .debug_macro   0x00016b96      0x182 cmake/stm32cubemx/CMakeFiles/STM32_Drivers.dir/__/__/Drivers/STM32F1xx_HAL_Driver/Src/stm32f1xx_hal_dma.c.obj
 .debug_macro   0x00016d18      0x182 cmake/stm32cubemx/CMakeFiles/STM32_Drivers.dir/__/__/Drivers/STM32F1xx_HAL_Driver/Src/stm32f1xx_hal_cortex.c.obj
 .debug_macro   0x00016e9a      0x1d0 cmake/stm32cubemx/CMakeFiles/STM32_Drivers.dir/__/__/Drivers/STM32F1xx_HAL_Driver/Src/stm32f1xx_hal_i2c.c.obj
 .debug_macro   0x0001706a      0x18a cmake/stm32cubemx/CMakeFiles/STM32_Drivers.dir/__/__/Drivers/STM32F1xx_HAL_Driver/Src/stm32f1xx_hal_spi.c.obj
 .debug_macro   0x000171f4      0x183 cmake/stm32cubemx/CMakeFiles/STM32_Drivers.dir/__/__/Drivers/STM32F1xx_HAL_Driver/Src/stm32f1xx_hal_tim.c.obj
 .debug_macro   0x00017377      0x182 cmake/stm32cubemx/CMakeFiles/STM32_Drivers.dir/__/__/Drivers/STM32F1xx_HAL_Driver/Src/stm32f1xx_hal_tim_ex.c.obj
 .debug_macro   0x000174f9      0x183 cmake/stm32cubemx/CMakeFiles/STM32_Drivers.dir/__/__/Drivers/STM32F1xx_HAL_Driver/Src/stm32f1xx_hal_uart.c.obj
 .debug_macro   0x0001767c      0x2fe CMakeFiles/gcctest.dir/Core/Src/main.c.obj
 .debug_macro   0x0001797a       0x1c CMakeFiles/gcctest.dir/Core/Src/main.c.obj
 .debug_macro   0x00017996       0x22 CMakeFiles/gcctest.dir/Core/Src/main.c.obj
 .debug_macro   0x000179b8       0x60 CMakeFiles/gcctest.dir/Core/Src/main.c.obj
 .debug_macro   0x00017a18       0x24 CMakeFiles/gcctest.dir/Core/Src/main.c.obj
 .debug_macro   0x00017a3c       0x94 CMakeFiles/gcctest.dir/Core/Src/main.c.obj
 .debug_macro   0x00017ad0       0x3c CMakeFiles/gcctest.dir/Core/Src/main.c.obj
 .debug_macro   0x00017b0c       0x34 CMakeFiles/gcctest.dir/Core/Src/main.c.obj
 .debug_macro   0x00017b40       0x57 CMakeFiles/gcctest.dir/Core/Src/main.c.obj
 .debug_macro   0x00017b97      0x364 CMakeFiles/gcctest.dir/Core/Src/main.c.obj
 .debug_macro   0x00017efb       0x16 CMakeFiles/gcctest.dir/Core/Src/main.c.obj
 .debug_macro   0x00017f11       0x4a CMakeFiles/gcctest.dir/Core/Src/main.c.obj
 .debug_macro   0x00017f5b       0x34 CMakeFiles/gcctest.dir/Core/Src/main.c.obj
 .debug_macro   0x00017f8f       0x10 CMakeFiles/gcctest.dir/Core/Src/main.c.obj
 .debug_macro   0x00017f9f       0x52 CMakeFiles/gcctest.dir/Core/Src/main.c.obj
 .debug_macro   0x00017ff1      0x1de CMakeFiles/gcctest.dir/Core/Src/main.c.obj
 .debug_macro   0x000181cf       0x10 CMakeFiles/gcctest.dir/Core/Src/main.c.obj
 .debug_macro   0x000181df       0x3c CMakeFiles/gcctest.dir/Core/Src/main.c.obj
 .debug_macro   0x0001821b      0x19b CMakeFiles/gcctest.dir/Core/Src/gpio.c.obj
 .debug_macro   0x000183b6      0x19b CMakeFiles/gcctest.dir/Core/Src/adc.c.obj
 .debug_macro   0x00018551      0x19b CMakeFiles/gcctest.dir/Core/Src/dma.c.obj
 .debug_macro   0x000186ec      0x19b CMakeFiles/gcctest.dir/Core/Src/i2c.c.obj
 .debug_macro   0x00018887      0x19b CMakeFiles/gcctest.dir/Core/Src/spi.c.obj
 .debug_macro   0x00018a22      0x19b CMakeFiles/gcctest.dir/Core/Src/tim.c.obj
 .debug_macro   0x00018bbd      0x19b CMakeFiles/gcctest.dir/Core/Src/usart.c.obj
 .debug_macro   0x00018d58      0x19b CMakeFiles/gcctest.dir/Core/Src/stm32f1xx_it.c.obj
 .debug_macro   0x00018ef3      0x191 CMakeFiles/gcctest.dir/Core/Src/stm32f1xx_hal_msp.c.obj
 .debug_macro   0x00019084      0x27c CMakeFiles/gcctest.dir/Core/Src/oled.c.obj
 .debug_macro   0x00019300      0x1e1 CMakeFiles/gcctest.dir/Core/Src/MPU6050.c.obj

.debug_line     0x00000000    0x1cefe
 .debug_line    0x00000000      0x5bb cmake/stm32cubemx/CMakeFiles/STM32_Drivers.dir/__/__/Core/Src/system_stm32f1xx.c.obj
 .debug_line    0x000005bb     0x112d cmake/stm32cubemx/CMakeFiles/STM32_Drivers.dir/__/__/Drivers/STM32F1xx_HAL_Driver/Src/stm32f1xx_hal_adc.c.obj
 .debug_line    0x000016e8      0x82a cmake/stm32cubemx/CMakeFiles/STM32_Drivers.dir/__/__/Drivers/STM32F1xx_HAL_Driver/Src/stm32f1xx_hal.c.obj
 .debug_line    0x00001f12      0xf9a cmake/stm32cubemx/CMakeFiles/STM32_Drivers.dir/__/__/Drivers/STM32F1xx_HAL_Driver/Src/stm32f1xx_hal_rcc.c.obj
 .debug_line    0x00002eac      0x7b9 cmake/stm32cubemx/CMakeFiles/STM32_Drivers.dir/__/__/Drivers/STM32F1xx_HAL_Driver/Src/stm32f1xx_hal_rcc_ex.c.obj
 .debug_line    0x00003665      0x914 cmake/stm32cubemx/CMakeFiles/STM32_Drivers.dir/__/__/Drivers/STM32F1xx_HAL_Driver/Src/stm32f1xx_hal_gpio.c.obj
 .debug_line    0x00003f79      0xe08 cmake/stm32cubemx/CMakeFiles/STM32_Drivers.dir/__/__/Drivers/STM32F1xx_HAL_Driver/Src/stm32f1xx_hal_dma.c.obj
 .debug_line    0x00004d81      0xa0f cmake/stm32cubemx/CMakeFiles/STM32_Drivers.dir/__/__/Drivers/STM32F1xx_HAL_Driver/Src/stm32f1xx_hal_cortex.c.obj
 .debug_line    0x00005790     0x5877 cmake/stm32cubemx/CMakeFiles/STM32_Drivers.dir/__/__/Drivers/STM32F1xx_HAL_Driver/Src/stm32f1xx_hal_i2c.c.obj
 .debug_line    0x0000b007     0x26b7 cmake/stm32cubemx/CMakeFiles/STM32_Drivers.dir/__/__/Drivers/STM32F1xx_HAL_Driver/Src/stm32f1xx_hal_spi.c.obj
 .debug_line    0x0000d6be     0x48b0 cmake/stm32cubemx/CMakeFiles/STM32_Drivers.dir/__/__/Drivers/STM32F1xx_HAL_Driver/Src/stm32f1xx_hal_tim.c.obj
 .debug_line    0x00011f6e     0x1c8c cmake/stm32cubemx/CMakeFiles/STM32_Drivers.dir/__/__/Drivers/STM32F1xx_HAL_Driver/Src/stm32f1xx_hal_tim_ex.c.obj
 .debug_line    0x00013bfa     0x3760 cmake/stm32cubemx/CMakeFiles/STM32_Drivers.dir/__/__/Drivers/STM32F1xx_HAL_Driver/Src/stm32f1xx_hal_uart.c.obj
 .debug_line    0x0001735a      0xc5a CMakeFiles/gcctest.dir/Core/Src/main.c.obj
 .debug_line    0x00017fb4      0x542 CMakeFiles/gcctest.dir/Core/Src/gpio.c.obj
 .debug_line    0x000184f6      0x669 CMakeFiles/gcctest.dir/Core/Src/adc.c.obj
 .debug_line    0x00018b5f      0x518 CMakeFiles/gcctest.dir/Core/Src/dma.c.obj
 .debug_line    0x00019077      0x658 CMakeFiles/gcctest.dir/Core/Src/i2c.c.obj
 .debug_line    0x000196cf      0x6d9 CMakeFiles/gcctest.dir/Core/Src/spi.c.obj
 .debug_line    0x00019da8      0x6c3 CMakeFiles/gcctest.dir/Core/Src/tim.c.obj
 .debug_line    0x0001a46b      0x60a CMakeFiles/gcctest.dir/Core/Src/usart.c.obj
 .debug_line    0x0001aa75      0x653 CMakeFiles/gcctest.dir/Core/Src/stm32f1xx_it.c.obj
 .debug_line    0x0001b0c8      0x521 CMakeFiles/gcctest.dir/Core/Src/stm32f1xx_hal_msp.c.obj
 .debug_line    0x0001b5e9       0x78 CMakeFiles/gcctest.dir/startup_stm32f103xb.s.obj
 .debug_line    0x0001b661      0x780 CMakeFiles/gcctest.dir/Core/Src/oled.c.obj
 .debug_line    0x0001bde1      0x854 CMakeFiles/gcctest.dir/Core/Src/MPU6050.c.obj
 .debug_line    0x0001c635      0x103 /usr/lib/gcc/arm-none-eabi/14.2.1/thumb/v7-m/nofp/libgcc.a(_arm_addsubsf3.o)
 .debug_line    0x0001c738      0x123 /usr/lib/gcc/arm-none-eabi/14.2.1/thumb/v7-m/nofp/libgcc.a(_arm_muldivsf3.o)
 .debug_line    0x0001c85b       0x9a /usr/lib/gcc/arm-none-eabi/14.2.1/thumb/v7-m/nofp/libgcc.a(_arm_cmpsf2.o)
 .debug_line    0x0001c8f5       0x62 /usr/lib/gcc/arm-none-eabi/14.2.1/thumb/v7-m/nofp/libgcc.a(_arm_fixsfsi.o)
 .debug_line    0x0001c957      0x139 /usr/lib/gcc/arm-none-eabi/14.2.1/../../../arm-none-eabi/lib/thumb/v7-m/nofp/libg_nano.a(libc_a-strcat.o)
 .debug_line    0x0001ca90      0x1a3 /usr/lib/gcc/arm-none-eabi/14.2.1/../../../arm-none-eabi/lib/thumb/v7-m/nofp/libg_nano.a(libc_a-memset.o)
 .debug_line    0x0001cc33       0xf4 /usr/lib/gcc/arm-none-eabi/14.2.1/../../../arm-none-eabi/lib/thumb/v7-m/nofp/libg_nano.a(libc_a-strlen-stub.o)
 .debug_line    0x0001cd27       0xb9 /usr/lib/gcc/arm-none-eabi/14.2.1/../../../arm-none-eabi/lib/thumb/v7-m/nofp/libg_nano.a(libc_a-strcpy.o)
 .debug_line    0x0001cde0      0x11e /usr/lib/gcc/arm-none-eabi/14.2.1/../../../arm-none-eabi/lib/thumb/v7-m/nofp/libg_nano.a(libc_a-init.o)

.debug_str      0x00000000    0x92fc6
 .debug_str     0x00000000    0x92fc6 cmake/stm32cubemx/CMakeFiles/STM32_Drivers.dir/__/__/Core/Src/system_stm32f1xx.c.obj
                              0x8aa3d (size before relaxing)
 .debug_str     0x00092fc6        0x0 cmake/stm32cubemx/CMakeFiles/STM32_Drivers.dir/__/__/Drivers/STM32F1xx_HAL_Driver/Src/stm32f1xx_hal_adc.c.obj
                              0x8b121 (size before relaxing)
 .debug_str     0x00092fc6        0x0 cmake/stm32cubemx/CMakeFiles/STM32_Drivers.dir/__/__/Drivers/STM32F1xx_HAL_Driver/Src/stm32f1xx_hal.c.obj
                              0x8b17a (size before relaxing)
 .debug_str     0x00092fc6        0x0 cmake/stm32cubemx/CMakeFiles/STM32_Drivers.dir/__/__/Drivers/STM32F1xx_HAL_Driver/Src/stm32f1xx_hal_rcc.c.obj
                              0x8ae61 (size before relaxing)
 .debug_str     0x00092fc6        0x0 cmake/stm32cubemx/CMakeFiles/STM32_Drivers.dir/__/__/Drivers/STM32F1xx_HAL_Driver/Src/stm32f1xx_hal_rcc_ex.c.obj
                              0x8abbc (size before relaxing)
 .debug_str     0x00092fc6        0x0 cmake/stm32cubemx/CMakeFiles/STM32_Drivers.dir/__/__/Drivers/STM32F1xx_HAL_Driver/Src/stm32f1xx_hal_gpio.c.obj